Component: ARM Compiler 5.06 update 5 (build 528) Tool: armlink [4d35e2]

==============================================================================

Section Cross References

    system_nuc1xx.o(i.SystemCoreClockUpdate) refers to uidiv.o(.text) for __aeabi_uidivmod
    system_nuc1xx.o(i.SystemCoreClockUpdate) refers to system_nuc1xx.o(.data) for gau32ClkSrcTbl
    startup_nuc1xx.o(RESET) refers to startup_nuc1xx.o(STACK) for __initial_sp
    startup_nuc1xx.o(RESET) refers to startup_nuc1xx.o(.text) for Reset_Handler
    startup_nuc1xx.o(RESET) refers to sys.o(i.BOD_IRQHandler) for BOD_IRQHandler
    startup_nuc1xx.o(RESET) refers to gpio.o(i.EINT0_IRQHandler) for EINT0_IRQHandler
    startup_nuc1xx.o(RESET) refers to gpio.o(i.EINT1_IRQHandler) for EINT1_IRQHandler
    startup_nuc1xx.o(RESET) refers to gpio.o(i.GPAB_IRQHandler) for GPAB_IRQHandler
    startup_nuc1xx.o(RESET) refers to gpio.o(i.GPCDE_IRQHandler) for GPCDE_IRQHandler
    startup_nuc1xx.o(RESET) refers to uart.o(i.UART02_IRQHandler) for UART02_IRQHandler
    startup_nuc1xx.o(RESET) refers to uart.o(i.UART1_IRQHandler) for UART1_IRQHandler
    startup_nuc1xx.o(RESET) refers to spi.o(i.SPI0_IRQHandler) for SPI0_IRQHandler
    startup_nuc1xx.o(RESET) refers to spi.o(i.SPI1_IRQHandler) for SPI1_IRQHandler
    startup_nuc1xx.o(RESET) refers to spi.o(i.SPI2_IRQHandler) for SPI2_IRQHandler
    startup_nuc1xx.o(RESET) refers to spi.o(i.SPI3_IRQHandler) for SPI3_IRQHandler
    startup_nuc1xx.o(RESET) refers to sys.o(i.PWRWU_IRQHandler) for PWRWU_IRQHandler
    startup_nuc1xx.o(.text) refers to system_nuc1xx.o(i.SystemInit) for SystemInit
    startup_nuc1xx.o(.text) refers to entry.o(.ARM.Collect$$$$00000000) for __main
    gpio.o(i.DrvGPIO_ClrPortMask) refers to gpio.o(i.DrvGPIO_GetPortMask) for DrvGPIO_GetPortMask
    gpio.o(i.DrvGPIO_DisableEINT0) refers to gpio.o(i.NVIC_DisableIRQ) for NVIC_DisableIRQ
    gpio.o(i.DrvGPIO_DisableEINT1) refers to gpio.o(i.NVIC_DisableIRQ) for NVIC_DisableIRQ
    gpio.o(i.DrvGPIO_DisableInt) refers to gpio.o(i.NVIC_DisableIRQ) for NVIC_DisableIRQ
    gpio.o(i.DrvGPIO_EnableEINT0) refers to gpio.o(i.NVIC_SetPriority) for NVIC_SetPriority
    gpio.o(i.DrvGPIO_EnableEINT0) refers to gpio.o(i.NVIC_EnableIRQ) for NVIC_EnableIRQ
    gpio.o(i.DrvGPIO_EnableEINT0) refers to gpio.o(.data) for _pfEINT0Callback
    gpio.o(i.DrvGPIO_EnableEINT1) refers to gpio.o(i.NVIC_SetPriority) for NVIC_SetPriority
    gpio.o(i.DrvGPIO_EnableEINT1) refers to gpio.o(i.NVIC_EnableIRQ) for NVIC_EnableIRQ
    gpio.o(i.DrvGPIO_EnableEINT1) refers to gpio.o(.data) for _pfEINT1Callback
    gpio.o(i.DrvGPIO_EnableInt) refers to gpio.o(i.NVIC_SetPriority) for NVIC_SetPriority
    gpio.o(i.DrvGPIO_EnableInt) refers to gpio.o(i.NVIC_EnableIRQ) for NVIC_EnableIRQ
    gpio.o(i.DrvGPIO_InitFunction) refers to gpio.o(i.__ARM_common_switch8) for __ARM_common_switch8
    gpio.o(i.DrvGPIO_SetIntCallback) refers to gpio.o(.data) for _pfGPABCallback
    gpio.o(i.DrvGPIO_SetPortMask) refers to gpio.o(i.DrvGPIO_GetPortMask) for DrvGPIO_GetPortMask
    gpio.o(i.EINT0_IRQHandler) refers to gpio.o(.data) for _pfEINT0Callback
    gpio.o(i.EINT1_IRQHandler) refers to gpio.o(.data) for _pfEINT1Callback
    gpio.o(i.GPAB_IRQHandler) refers to gpio.o(.data) for _pfGPABCallback
    gpio.o(i.GPCDE_IRQHandler) refers to gpio.o(.data) for _pfGPCDECallback
    spi.o(i.DrvSPI_3WireAbort) refers to spi.o(.data) for SPI_PORT
    spi.o(i.DrvSPI_BurstRead) refers to spi.o(.data) for SPI_PORT
    spi.o(i.DrvSPI_BurstTransfer) refers to spi.o(.data) for SPI_PORT
    spi.o(i.DrvSPI_BurstWrite) refers to spi.o(.data) for SPI_PORT
    spi.o(i.DrvSPI_Close) refers to spi.o(i.NVIC_DisableIRQ) for NVIC_DisableIRQ
    spi.o(i.DrvSPI_Close) refers to spi.o(.bss) for g_sSpiHandler
    spi.o(i.DrvSPI_Close) refers to spi.o(.data) for SPI_PORT
    spi.o(i.DrvSPI_Clr3WireStartIntFlag) refers to spi.o(.data) for SPI_PORT
    spi.o(i.DrvSPI_ClrGo) refers to spi.o(.data) for SPI_PORT
    spi.o(i.DrvSPI_ClrIntFlag) refers to spi.o(.data) for SPI_PORT
    spi.o(i.DrvSPI_ClrSS) refers to spi.o(.data) for SPI_PORT
    spi.o(i.DrvSPI_Disable3Wire) refers to spi.o(.data) for SPI_PORT
    spi.o(i.DrvSPI_Disable3WireStartInt) refers to spi.o(i.NVIC_DisableIRQ) for NVIC_DisableIRQ
    spi.o(i.DrvSPI_Disable3WireStartInt) refers to spi.o(.bss) for g_sSpiHandler
    spi.o(i.DrvSPI_Disable3WireStartInt) refers to spi.o(.data) for SPI_PORT
    spi.o(i.DrvSPI_DisableAutoSS) refers to spi.o(.data) for SPI_PORT
    spi.o(i.DrvSPI_DisableDivOne) refers to spi.o(.data) for SPI_PORT
    spi.o(i.DrvSPI_DisableInt) refers to spi.o(i.NVIC_DisableIRQ) for NVIC_DisableIRQ
    spi.o(i.DrvSPI_DisableInt) refers to spi.o(.bss) for g_sSpiHandler
    spi.o(i.DrvSPI_DisableInt) refers to spi.o(.data) for SPI_PORT
    spi.o(i.DrvSPI_DumpRxRegister) refers to spi.o(.data) for SPI_PORT
    spi.o(i.DrvSPI_Enable3Wire) refers to spi.o(.data) for SPI_PORT
[...]
    ff.o(i.chk_mounted) refers to diskio.o(i.disk_read) for disk_read
    ff.o(i.chk_mounted) refers to ff.o(.data) for Drive
    ff.o(i.create_chain) refers to ff.o(i.get_fat) for get_fat
    ff.o(i.create_chain) refers to ff.o(i.put_fat) for put_fat
    ff.o(i.create_name) refers to ff.o(i.mem_set) for mem_set
    ff.o(i.create_name) refers to ff.o(i.chk_chr) for chk_chr
    ff.o(i.create_name) refers to ff.o(.constdata) for excvt
    ff.o(i.dir_find) refers to ff.o(i.dir_sdi) for dir_sdi
    ff.o(i.dir_find) refers to ff.o(i.move_window) for move_window
    ff.o(i.dir_find) refers to ff.o(i.mem_cmp) for mem_cmp
    ff.o(i.dir_find) refers to ff.o(i.dir_next) for dir_next
    ff.o(i.dir_next) refers to ff.o(i.get_fat) for get_fat
    ff.o(i.dir_next) refers to ff.o(i.create_chain) for create_chain
    ff.o(i.dir_next) refers to ff.o(i.move_window) for move_window
    ff.o(i.dir_next) refers to ff.o(i.mem_set) for mem_set
    ff.o(i.dir_next) refers to ff.o(i.clust2sect) for clust2sect
    ff.o(i.dir_read) refers to ff.o(i.move_window) for move_window
    ff.o(i.dir_read) refers to ff.o(i.dir_next) for dir_next
    ff.o(i.dir_register) refers to ff.o(i.dir_sdi) for dir_sdi
    ff.o(i.dir_register) refers to ff.o(i.move_window) for move_window
    ff.o(i.dir_register) refers to ff.o(i.dir_next) for dir_next
    ff.o(i.dir_register) refers to ff.o(i.mem_set) for mem_set
    ff.o(i.dir_register) refers to ff.o(i.mem_cpy) for mem_cpy
    ff.o(i.dir_remove) refers to ff.o(i.dir_sdi) for dir_sdi
    ff.o(i.dir_remove) refers to ff.o(i.move_window) for move_window
    ff.o(i.dir_sdi) refers to ff.o(i.get_fat) for get_fat
    ff.o(i.dir_sdi) refers to ff.o(i.clust2sect) for clust2sect
    ff.o(i.f_chdir) refers to ff.o(i.chk_mounted) for chk_mounted
    ff.o(i.f_chdir) refers to ff.o(i.follow_path) for follow_path
    ff.o(i.f_chdrive) refers to ff.o(.data) for Drive
    ff.o(i.f_chmod) refers to ff.o(i.chk_mounted) for chk_mounted
    ff.o(i.f_chmod) refers to ff.o(i.follow_path) for follow_path
    ff.o(i.f_chmod) refers to ff.o(i.sync) for sync
    ff.o(i.f_close) refers to ff.o(i.f_sync) for f_sync
    ff.o(i.f_getfree) refers to ff.o(i.chk_mounted) for chk_mounted
    ff.o(i.f_getfree) refers to ff.o(i.get_fat) for get_fat
    ff.o(i.f_getfree) refers to ff.o(i.move_window) for move_window
    ff.o(i.f_gets) refers to ff.o(i.f_read) for f_read
    ff.o(i.f_lseek) refers to ff.o(i.validate) for validate
    ff.o(i.f_lseek) refers to uidiv.o(.text) for __aeabi_uidivmod
    ff.o(i.f_lseek) refers to ff.o(i.create_chain) for create_chain
    ff.o(i.f_lseek) refers to ff.o(i.get_fat) for get_fat
    ff.o(i.f_lseek) refers to ff.o(i.clust2sect) for clust2sect
    ff.o(i.f_lseek) refers to diskio.o(i.disk_write) for disk_write
    ff.o(i.f_lseek) refers to diskio.o(i.disk_read) for disk_read
    ff.o(i.f_mkdir) refers to diskio.o(i.get_fattime) for get_fattime
    ff.o(i.f_mkdir) refers to ff.o(i.chk_mounted) for chk_mounted
    ff.o(i.f_mkdir) refers to ff.o(i.follow_path) for follow_path
    ff.o(i.f_mkdir) refers to ff.o(i.create_chain) for create_chain
    ff.o(i.f_mkdir) refers to ff.o(i.move_window) for move_window
    ff.o(i.f_mkdir) refers to ff.o(i.clust2sect) for clust2sect
    ff.o(i.f_mkdir) refers to ff.o(i.mem_set) for mem_set
    ff.o(i.f_mkdir) refers to ff.o(i.mem_cpy) for mem_cpy
    ff.o(i.f_mkdir) refers to ff.o(i.dir_register) for dir_register
    ff.o(i.f_mkdir) refers to ff.o(i.remove_chain) for remove_chain
    ff.o(i.f_mkdir) refers to ff.o(i.sync) for sync
    ff.o(i.f_mkfs) refers to diskio.o(i.disk_initialize) for disk_initialize
    ff.o(i.f_mkfs) refers to diskio.o(i.disk_ioctl) for disk_ioctl
    ff.o(i.f_mkfs) refers to uidiv.o(.text) for __aeabi_uidivmod
    ff.o(i.f_mkfs) refers to ff.o(i.mem_set) for mem_set
    ff.o(i.f_mkfs) refers to diskio.o(i.disk_write) for disk_write
    ff.o(i.f_mkfs) refers to diskio.o(i.get_fattime) for get_fattime
    ff.o(i.f_mkfs) refers to ff.o(.data) for FatFs
    ff.o(i.f_mkfs) refers to ff.o(.constdata) for vst
    ff.o(i.f_mkfs) refers to ff.o(i.mem_cpy) for mem_cpy
    ff.o(i.f_mount) refers to ff.o(.data) for FatFs
    ff.o(i.f_open) refers to ff.o(i.chk_mounted) for chk_mounted
    ff.o(i.f_open) refers to ff.o(i.follow_path) for follow_path
    ff.o(i.f_open) refers to ff.o(i.dir_register) for dir_register
    ff.o(i.f_open) refers to diskio.o(i.get_fattime) for get_fattime
    ff.o(i.f_open) refers to ff.o(i.remove_chain) for remove_chain
    ff.o(i.f_open) refers to ff.o(i.move_window) for move_window
    ff.o(i.f_opendir) refers to ff.o(i.chk_mounted) for chk_mounted
    ff.o(i.f_opendir) refers to ff.o(i.follow_path) for follow_path
    ff.o(i.f_opendir) refers to ff.o(i.dir_sdi) for dir_sdi
    ff.o(i.f_printf) refers to ff.o(i.f_putc) for f_putc
    ff.o(i.f_printf) refers to ff.o(i.f_puts) for f_puts
    ff.o(i.f_printf) refers to uidiv.o(.text) for __aeabi_uidivmod
    ff.o(i.f_putc) refers to ff.o(i.f_write) for f_write
    ff.o(i.f_puts) refers to ff.o(i.f_putc) for f_putc
    ff.o(i.f_read) refers to ff.o(i.validate) for validate
    ff.o(i.f_read) refers to ff.o(i.get_fat) for get_fat
    ff.o(i.f_read) refers to ff.o(i.clust2sect) for clust2sect
    ff.o(i.f_read) refers to diskio.o(i.disk_read) for disk_read
    ff.o(i.f_read) refers to ff.o(i.mem_cpy) for mem_cpy
    ff.o(i.f_read) refers to diskio.o(i.disk_write) for disk_write
    ff.o(i.f_readdir) refers to ff.o(i.validate) for validate
    ff.o(i.f_readdir) refers to ff.o(i.dir_sdi) for dir_sdi
    ff.o(i.f_readdir) refers to ff.o(i.dir_read) for dir_read
    ff.o(i.f_readdir) refers to ff.o(i.get_fileinfo) for get_fileinfo
    ff.o(i.f_readdir) refers to ff.o(i.dir_next) for dir_next
    ff.o(i.f_rename) refers to ff.o(i.chk_mounted) for chk_mounted
    ff.o(i.f_rename) refers to ff.o(i.follow_path) for follow_path
    ff.o(i.f_rename) refers to ff.o(i.mem_cpy) for mem_cpy
    ff.o(i.f_rename) refers to ff.o(i.dir_register) for dir_register
    ff.o(i.f_rename) refers to ff.o(i.clust2sect) for clust2sect
    ff.o(i.f_rename) refers to ff.o(i.move_window) for move_window
    ff.o(i.f_rename) refers to ff.o(i.dir_remove) for dir_remove
    ff.o(i.f_rename) refers to ff.o(i.sync) for sync
    ff.o(i.f_stat) refers to ff.o(i.chk_mounted) for chk_mounted
    ff.o(i.f_stat) refers to ff.o(i.follow_path) for follow_path
    ff.o(i.f_stat) refers to ff.o(i.get_fileinfo) for get_fileinfo
    ff.o(i.f_sync) refers to ff.o(i.validate) for validate
    ff.o(i.f_sync) refers to diskio.o(i.disk_write) for disk_write
    ff.o(i.f_sync) refers to ff.o(i.move_window) for move_window
    ff.o(i.f_sync) refers to diskio.o(i.get_fattime) for get_fattime
    ff.o(i.f_sync) refers to ff.o(i.sync) for sync
    ff.o(i.f_truncate) refers to ff.o(i.validate) for validate
    ff.o(i.f_truncate) refers to ff.o(i.remove_chain) for remove_chain
    ff.o(i.f_truncate) refers to ff.o(i.get_fat) for get_fat
    ff.o(i.f_truncate) refers to ff.o(i.put_fat) for put_fat
    ff.o(i.f_unlink) refers to ff.o(i.chk_mounted) for chk_mounted
    ff.o(i.f_unlink) refers to ff.o(i.follow_path) for follow_path
    ff.o(i.f_unlink) refers to ff.o(i.mem_cpy) for mem_cpy
    ff.o(i.f_unlink) refers to ff.o(i.dir_sdi) for dir_sdi
    ff.o(i.f_unlink) refers to ff.o(i.dir_read) for dir_read
    ff.o(i.f_unlink) refers to ff.o(i.dir_remove) for dir_remove
    ff.o(i.f_unlink) refers to ff.o(i.remove_chain) for remove_chain
    ff.o(i.f_unlink) refers to ff.o(i.sync) for sync
    ff.o(i.f_utime) refers to ff.o(i.chk_mounted) for chk_mounted
    ff.o(i.f_utime) refers to ff.o(i.follow_path) for follow_path
    ff.o(i.f_utime) refers to ff.o(i.sync) for sync
    ff.o(i.f_write) refers to ff.o(i.validate) for validate
    ff.o(i.f_write) refers to ff.o(i.create_chain) for create_chain
    ff.o(i.f_write) refers to diskio.o(i.disk_write) for disk_write
    ff.o(i.f_write) refers to ff.o(i.clust2sect) for clust2sect
    ff.o(i.f_write) refers to ff.o(i.mem_cpy) for mem_cpy
    ff.o(i.f_write) refers to diskio.o(i.disk_read) for disk_read
    ff.o(i.follow_path) refers to ff.o(i.dir_sdi) for dir_sdi
    ff.o(i.follow_path) refers to ff.o(i.create_name) for create_name
    ff.o(i.follow_path) refers to ff.o(i.dir_find) for dir_find
    ff.o(i.get_fat) refers to ff.o(i.move_window) for move_window
    ff.o(i.move_window) refers to diskio.o(i.disk_write) for disk_write
    ff.o(i.move_window) refers to diskio.o(i.disk_read) for disk_read
    ff.o(i.put_fat) refers to ff.o(i.move_window) for move_window
    ff.o(i.remove_chain) refers to ff.o(i.get_fat) for get_fat
    ff.o(i.remove_chain) refers to ff.o(i.put_fat) for put_fat
    ff.o(i.sync) refers to ff.o(i.move_window) for move_window
    ff.o(i.sync) refers to ff.o(i.mem_set) for mem_set
    ff.o(i.sync) refers to diskio.o(i.disk_write) for disk_write
    ff.o(i.sync) refers to diskio.o(i.disk_ioctl) for disk_ioctl
    ff.o(i.validate) refers to diskio.o(i.disk_status) for disk_status
    diskio.o(i.disk_initialize) refers to diskio.o(i.RoughDelay) for RoughDelay
    diskio.o(i.disk_initialize) refers to sdcard.o(i.DrvSDCARD_Open) for DrvSDCARD_Open
    diskio.o(i.disk_ioctl) refers to sdcard.o(i.DrvSDCARD_GetCardSize) for DrvSDCARD_GetCardSize
    diskio.o(i.disk_read) refers to sdcard.o(i.SpiRead) for SpiRead
    diskio.o(i.disk_write) refers to sdcard.o(i.SpiWrite) for SpiWrite
    main.o(i.main) refers to ff.o(i.f_mount) for f_mount
    main.o(i.main) refers to ff.o(i.f_open) for f_open
    main.o(i.main) refers to ff.o(i.f_printf) for f_printf
    main.o(i.main) refers to printf2.o(i.__0printf$2) for __2printf
    main.o(i.main) refers to ff.o(i.f_gets) for f_gets
    main.o(i.main) refers to ff.o(i.f_close) for f_close
    main.o(i.main) refers to main.o(.bss) for FatFs
    retarget_io.o(i.__aeabi_assert) refers to fputs.o(i.fputs) for fputs
    retarget_io.o(i.__aeabi_assert) refers to idiv.o(.text) for __aeabi_idivmod
    retarget_io.o(i.__aeabi_assert) refers to retarget_io.o(i.abort) for abort
    retarget_io.o(i.__aeabi_assert) refers to stderr.o(.data) for __stderr
    retarget_io.o(i.fputc) refers to retarget_io.o(i.stdout_putchar) for stdout_putchar
    retarget_io.o(i.fputc) refers to retarget.o(.data) for __stdout
    entry.o(.ARM.Collect$$$$00000000) refers (Special) to entry10a.o(.ARM.Collect$$$$0000000D) for __rt_final_cpp
    entry.o(.ARM.Collect$$$$00000000) refers (Special) to entry11a.o(.ARM.Collect$$$$0000000F) for __rt_final_exit
    entry.o(.ARM.Collect$$$$00000000) refers (Special) to entry7b.o(.ARM.Collect$$$$00000008) for _main_clock
    entry.o(.ARM.Collect$$$$00000000) refers (Special) to entry8b.o(.ARM.Collect$$$$0000000A) for _main_cpp_init
    entry.o(.ARM.Collect$$$$00000000) refers (Special) to entry9a.o(.ARM.Collect$$$$0000000B) for _main_init
    entry.o(.ARM.Collect$$$$00000000) refers (Special) to entry5.o(.ARM.Collect$$$$00000004) for _main_scatterload
    entry.o(.ARM.Collect$$$$00000000) refers (Special) to entry2.o(.ARM.Collect$$$$00000001) for _main_stk
    fputs.o(i.fputs) refers to retarget.o(i.fputc) for fputc
    fputs_e.o(.text) refers to retarget.o(i.fputc) for fputc
    idiv.o(.text) refers to uidiv.o(.text) for __aeabi_uidivmod
    printfb.o(i.__0fprintf$bare) refers to printfb.o(i._printf_core) for _printf_core
    printfb.o(i.__0fprintf$bare) refers to retarget.o(i.fputc) for fputc
    printfb.o(i.__0printf$bare) refers to printfb.o(i._printf_core) for _printf_core
    printfb.o(i.__0printf$bare) refers to retarget.o(i.fputc) for fputc
    printfb.o(i.__0printf$bare) refers to retarget.o(.data) for __stdout
    printfb.o(i.__0snprintf$bare) refers to printfb.o(i._printf_core) for _printf_core
    printfb.o(i.__0snprintf$bare) refers to printfb.o(i._snputc) for _snputc
    printfb.o(i.__0sprintf$bare) refers to printfb.o(i._printf_core) for _printf_core
    printfb.o(i.__0sprintf$bare) refers to printfb.o(i._sputc) for _sputc
    printfb.o(i.__0vfprintf$bare) refers to printfb.o(i._printf_core) for _printf_core
    printfb.o(i.__0vfprintf$bare) refers to retarget.o(i.fputc) for fputc
    printfb.o(i.__0vprintf$bare) refers to printfb.o(i._printf_core) for _printf_core
    printfb.o(i.__0vprintf$bare) refers to retarget.o(i.fputc) for fputc
    printfb.o(i.__0vprintf$bare) refers to retarget.o(.data) for __stdout
    printfb.o(i.__0vsnprintf$bare) refers to printfb.o(i._printf_core) for _printf_core
    printfb.o(i.__0vsnprintf$bare) refers to printfb.o(i._snputc) for _snputc
    printfb.o(i.__0vsprintf$bare) refers to printfb.o(i._printf_core) for _printf_core
    printfb.o(i.__0vsprintf$bare) refers to printfb.o(i._sputc) for _sputc
    printf0.o(i.__0fprintf$0) refers to printf0.o(i._printf_core) for _printf_core
    printf0.o(i.__0fprintf$0) refers to retarget.o(i.fputc) for fputc
    printf0.o(i.__0printf$0) refers to printf0.o(i._printf_core) for _printf_core
    printf0.o(i.__0printf$0) refers to retarget.o(i.fputc) for fputc
    printf0.o(i.__0printf$0) refers to retarget.o(.data) for __stdout
    printf0.o(i.__0snprintf$0) refers to printf0.o(i._printf_core) for _printf_core
    printf0.o(i.__0snprintf$0) refers to printf0.o(i._snputc) for _snputc
    printf0.o(i.__0sprintf$0) refers to printf0.o(i._printf_core) for _printf_core
    printf0.o(i.__0sprintf$0) refers to printf0.o(i._sputc) for _sputc
    printf0.o(i.__0vfprintf$0) refers to printf0.o(i._printf_core) for _printf_core
    printf0.o(i.__0vfprintf$0) refers to retarget.o(i.fputc) for fputc
    printf0.o(i.__0vprintf$0) refers to printf0.o(i._printf_core) for _printf_core
    printf0.o(i.__0vprintf$0) refers to retarget.o(i.fputc) for fputc
    printf0.o(i.__0vprintf$0) refers to retarget.o(.data) for __stdout
    printf0.o(i.__0vsnprintf$0) refers to printf0.o(i._printf_core) for _printf_core
    printf0.o(i.__0vsnprintf$0) refers to printf0.o(i._snputc) for _snputc
    printf0.o(i.__0vsprintf$0) refers to printf0.o(i._printf_core) for _printf_core
    printf0.o(i.__0vsprintf$0) refers to printf0.o(i._sputc) for _sputc
    printf1.o(i.__0fprintf$1) refers to printf1.o(i._printf_core) for _printf_core
    printf1.o(i.__0fprintf$1) refers to retarget.o(i.fputc) for fputc
    printf1.o(i.__0printf$1) refers to printf1.o(i._printf_core) for _printf_core
    printf1.o(i.__0printf$1) refers to retarget.o(i.fputc) for fputc
    printf1.o(i.__0printf$1) refers to retarget.o(.data) for __stdout
    printf1.o(i.__0snprintf$1) refers to printf1.o(i._printf_core) for _printf_core
    printf1.o(i.__0snprintf$1) refers to printf1.o(i._snputc) for _snputc
    printf1.o(i.__0sprintf$1) refers to printf1.o(i._printf_core) for _printf_core
    printf1.o(i.__0sprintf$1) refers to printf1.o(i._sputc) for _sputc
    printf1.o(i.__0vfprintf$1) refers to printf1.o(i._printf_core) for _printf_core
    printf1.o(i.__0vfprintf$1) refers to retarget.o(i.fputc) for fputc
    printf1.o(i.__0vprintf$1) refers to printf1.o(i._printf_core) for _printf_core
    printf1.o(i.__0vprintf$1) refers to retarget.o(i.fputc) for fputc
    printf1.o(i.__0vprintf$1) refers to retarget.o(.data) for __stdout
    printf1.o(i.__0vsnprintf$1) refers to printf1.o(i._printf_core) for _printf_core
    printf1.o(i.__0vsnprintf$1) refers to printf1.o(i._snputc) for _snputc
    printf1.o(i.__0vsprintf$1) refers to printf1.o(i._printf_core) for _printf_core
    printf1.o(i.__0vsprintf$1) refers to printf1.o(i._sputc) for _sputc
    printf1.o(i._printf_core) refers to uidiv.o(.text) for __aeabi_uidivmod
    printf2.o(i.__0fprintf$2) refers to printf2.o(i._printf_core) for _printf_core
    printf2.o(i.__0fprintf$2) refers to retarget.o(i.fputc) for fputc
    printf2.o(i.__0printf$2) refers to printf2.o(i._printf_core) for _printf_core
    printf2.o(i.__0printf$2) refers to retarget.o(i.fputc) for fputc
    printf2.o(i.__0printf$2) refers to retarget.o(.data) for __stdout
    printf2.o(i.__0snprintf$2) refers to printf2.o(i._printf_core) for _printf_core
    printf2.o(i.__0snprintf$2) refers to printf2.o(i._snputc) for _snputc
    printf2.o(i.__0sprintf$2) refers to printf2.o(i._printf_core) for _printf_core
    printf2.o(i.__0sprintf$2) refers to printf2.o(i._sputc) for _sputc
    printf2.o(i.__0vfprintf$2) refers to printf2.o(i._printf_core) for _printf_core
    printf2.o(i.__0vfprintf$2) refers to retarget.o(i.fputc) for fputc
    printf2.o(i.__0vprintf$2) refers to printf2.o(i._printf_core) for _printf_core
    printf2.o(i.__0vprintf$2) refers to retarget.o(i.fputc) for fputc
    printf2.o(i.__0vprintf$2) refers to retarget.o(.data) for __stdout
    printf2.o(i.__0vsnprintf$2) refers to printf2.o(i._printf_core) for _printf_core
    printf2.o(i.__0vsnprintf$2) refers to printf2.o(i._snputc) for _snputc
    printf2.o(i.__0vsprintf$2) refers to printf2.o(i._printf_core) for _printf_core
    printf2.o(i.__0vsprintf$2) refers to printf2.o(i._sputc) for _sputc
    printf3.o(i.__0fprintf$3) refers to printf3.o(i._printf_core) for _printf_core
    printf3.o(i.__0fprintf$3) refers to retarget.o(i.fputc) for fputc
    printf3.o(i.__0printf$3) refers to printf3.o(i._printf_core) for _printf_core
    printf3.o(i.__0printf$3) refers to retarget.o(i.fputc) for fputc
    printf3.o(i.__0printf$3) refers to retarget.o(.data) for __stdout
    printf3.o(i.__0snprintf$3) refers to printf3.o(i._printf_core) for _printf_core
    printf3.o(i.__0snprintf$3) refers to printf3.o(i._snputc) for _snputc
    printf3.o(i.__0sprintf$3) refers to printf3.o(i._printf_core) for _printf_core
    printf3.o(i.__0sprintf$3) refers to printf3.o(i._sputc) for _sputc
    printf3.o(i.__0vfprintf$3) refers to printf3.o(i._printf_core) for _printf_core
    printf3.o(i.__0vfprintf$3) refers to retarget.o(i.fputc) for fputc
    printf3.o(i.__0vprintf$3) refers to printf3.o(i._printf_core) for _printf_core
    printf3.o(i.__0vprintf$3) refers to retarget.o(i.fputc) for fputc
    printf3.o(i.__0vprintf$3) refers to retarget.o(.data) for __stdout
    printf3.o(i.__0vsnprintf$3) refers to printf3.o(i._printf_core) for _printf_core
    printf3.o(i.__0vsnprintf$3) refers to printf3.o(i._snputc) for _snputc
    printf3.o(i.__0vsprintf$3) refers to printf3.o(i._printf_core) for _printf_core
    printf3.o(i.__0vsprintf$3) refers to printf3.o(i._sputc) for _sputc
    printf3.o(i._printf_core) refers to uidiv.o(.text) for __aeabi_uidivmod
    printf4.o(i.__0fprintf$4) refers to printf4.o(i._printf_core) for _printf_core
    printf4.o(i.__0fprintf$4) refers to retarget.o(i.fputc) for fputc
    printf4.o(i.__0printf$4) refers to printf4.o(i._printf_core) for _printf_core
    printf4.o(i.__0printf$4) refers to retarget.o(i.fputc) for fputc
    printf4.o(i.__0printf$4) refers to retarget.o(.data) for __stdout
    printf4.o(i.__0snprintf$4) refers to printf4.o(i._printf_core) for _printf_core
    printf4.o(i.__0snprintf$4) refers to printf4.o(i._snputc) for _snputc
    printf4.o(i.__0sprintf$4) refers to printf4.o(i._printf_core) for _printf_core
    printf4.o(i.__0sprintf$4) refers to printf4.o(i._sputc) for _sputc
    printf4.o(i.__0vfprintf$4) refers to printf4.o(i._printf_core) for _printf_core
    printf4.o(i.__0vfprintf$4) refers to retarget.o(i.fputc) for fputc
    printf4.o(i.__0vprintf$4) refers to printf4.o(i._printf_core) for _printf_core
    printf4.o(i.__0vprintf$4) refers to retarget.o(i.fputc) for fputc
    printf4.o(i.__0vprintf$4) refers to retarget.o(.data) for __stdout
    printf4.o(i.__0vsnprintf$4) refers to printf4.o(i._printf_core) for _printf_core
    printf4.o(i.__0vsnprintf$4) refers to printf4.o(i._snputc) for _snputc
    printf4.o(i.__0vsprintf$4) refers to printf4.o(i._printf_core) for _printf_core
    printf4.o(i.__0vsprintf$4) refers to printf4.o(i._sputc) for _sputc
    printf4.o(i._printf_core) refers to uldiv.o(.text) for __aeabi_uldivmod
    printf5.o(i.__0fprintf$5) refers to printf5.o(i._printf_core) for _printf_core
    printf5.o(i.__0fprintf$5) refers to retarget.o(i.fputc) for fputc
    printf5.o(i.__0printf$5) refers to printf5.o(i._printf_core) for _printf_core
    printf5.o(i.__0printf$5) refers to retarget.o(i.fputc) for fputc
    printf5.o(i.__0printf$5) refers to retarget.o(.data) for __stdout
    printf5.o(i.__0snprintf$5) refers to printf5.o(i._printf_core) for _printf_core
    printf5.o(i.__0snprintf$5) refers to printf5.o(i._snputc) for _snputc
    printf5.o(i.__0sprintf$5) refers to printf5.o(i._printf_core) for _printf_core
    printf5.o(i.__0sprintf$5) refers to printf5.o(i._sputc) for _sputc
    printf5.o(i.__0vfprintf$5) refers to printf5.o(i._printf_core) for _printf_core
    printf5.o(i.__0vfprintf$5) refers to retarget.o(i.fputc) for fputc
    printf5.o(i.__0vprintf$5) refers to printf5.o(i._printf_core) for _printf_core
    printf5.o(i.__0vprintf$5) refers to retarget.o(i.fputc) for fputc
    printf5.o(i.__0vprintf$5) refers to retarget.o(.data) for __stdout
    printf5.o(i.__0vsnprintf$5) refers to printf5.o(i._printf_core) for _printf_core
    printf5.o(i.__0vsnprintf$5) refers to printf5.o(i._snputc) for _snputc
    printf5.o(i.__0vsprintf$5) refers to printf5.o(i._printf_core) for _printf_core
    printf5.o(i.__0vsprintf$5) refers to printf5.o(i._sputc) for _sputc
    printf5.o(i._printf_core) refers to uldiv.o(.text) for __aeabi_uldivmod
    printf6.o(i.__0fprintf$6) refers to printf6.o(i._printf_core) for _printf_core
    printf6.o(i.__0fprintf$6) refers to retarget.o(i.fputc) for fputc
    printf6.o(i.__0printf$6) refers to printf6.o(i._printf_core) for _printf_core
    printf6.o(i.__0printf$6) refers to retarget.o(i.fputc) for fputc
    printf6.o(i.__0printf$6) refers to retarget.o(.data) for __stdout
    printf6.o(i.__0snprintf$6) refers to printf6.o(i._printf_core) for _printf_core
    printf6.o(i.__0snprintf$6) refers to printf6.o(i._snputc) for _snputc
    printf6.o(i.__0sprintf$6) refers to printf6.o(i._printf_core) for _printf_core
    printf6.o(i.__0sprintf$6) refers to printf6.o(i._sputc) for _sputc
    printf6.o(i.__0vfprintf$6) refers to printf6.o(i._printf_core) for _printf_core
    printf6.o(i.__0vfprintf$6) refers to retarget.o(i.fputc) for fputc
    printf6.o(i.__0vprintf$6) refers to printf6.o(i._printf_core) for _printf_core
    printf6.o(i.__0vprintf$6) refers to retarget.o(i.fputc) for fputc
    printf6.o(i.__0vprintf$6) refers to retarget.o(.data) for __stdout
    printf6.o(i.__0vsnprintf$6) refers to printf6.o(i._printf_core) for _printf_core
    printf6.o(i.__0vsnprintf$6) refers to printf6.o(i._snputc) for _snputc
    printf6.o(i.__0vsprintf$6) refers to printf6.o(i._printf_core) for _printf_core
    printf6.o(i.__0vsprintf$6) refers to printf6.o(i._sputc) for _sputc
    printf6.o(i._printf_core) refers to printf6.o(i._printf_pre_padding) for _printf_pre_padding
    printf6.o(i._printf_core) refers to printf6.o(i._printf_post_padding) for _printf_post_padding
    printf6.o(i._printf_core) refers to uidiv.o(.text) for __aeabi_uidivmod
    printf7.o(i.__0fprintf$7) refers to printf7.o(i._printf_core) for _printf_core
    printf7.o(i.__0fprintf$7) refers to retarget.o(i.fputc) for fputc
    printf7.o(i.__0printf$7) refers to printf7.o(i._printf_core) for _printf_core
    printf7.o(i.__0printf$7) refers to retarget.o(i.fputc) for fputc
    printf7.o(i.__0printf$7) refers to retarget.o(.data) for __stdout
    printf7.o(i.__0snprintf$7) refers to printf7.o(i._printf_core) for _printf_core
    printf7.o(i.__0snprintf$7) refers to printf7.o(i._snputc) for _snputc
    printf7.o(i.__0sprintf$7) refers to printf7.o(i._printf_core) for _printf_core
    printf7.o(i.__0sprintf$7) refers to printf7.o(i._sputc) for _sputc
    printf7.o(i.__0vfprintf$7) refers to printf7.o(i._printf_core) for _printf_core
    printf7.o(i.__0vfprintf$7) refers to retarget.o(i.fputc) for fputc
    printf7.o(i.__0vprintf$7) refers to printf7.o(i._printf_core) for _printf_core
    printf7.o(i.__0vprintf$7) refers to retarget.o(i.fputc) for fputc
    printf7.o(i.__0vprintf$7) refers to retarget.o(.data) for __stdout
    printf7.o(i.__0vsnprintf$7) refers to printf7.o(i._printf_core) for _printf_core
    printf7.o(i.__0vsnprintf$7) refers to printf7.o(i._snputc) for _snputc
    printf7.o(i.__0vsprintf$7) refers to printf7.o(i._printf_core) for _printf_core
    printf7.o(i.__0vsprintf$7) refers to printf7.o(i._sputc) for _sputc
    printf7.o(i._printf_core) refers to printf7.o(i._printf_pre_padding) for _printf_pre_padding
    printf7.o(i._printf_core) refers to printf7.o(i._printf_post_padding) for _printf_post_padding
    printf7.o(i._printf_core) refers to uldiv.o(.text) for __aeabi_uldivmod
    printf8.o(i.__0fprintf$8) refers to printf8.o(i._printf_core) for _printf_core
    printf8.o(i.__0fprintf$8) refers to retarget.o(i.fputc) for fputc
    printf8.o(i.__0printf$8) refers to printf8.o(i._printf_core) for _printf_core
    printf8.o(i.__0printf$8) refers to retarget.o(i.fputc) for fputc
    printf8.o(i.__0printf$8) refers to retarget.o(.data) for __stdout
    printf8.o(i.__0snprintf$8) refers to printf8.o(i._printf_core) for _printf_core
    printf8.o(i.__0snprintf$8) refers to printf8.o(i._snputc) for _snputc
    printf8.o(i.__0sprintf$8) refers to printf8.o(i._printf_core) for _printf_core
    printf8.o(i.__0sprintf$8) refers to printf8.o(i._sputc) for _sputc
    printf8.o(i.__0vfprintf$8) refers to printf8.o(i._printf_core) for _printf_core
    printf8.o(i.__0vfprintf$8) refers to retarget.o(i.fputc) for fputc
    printf8.o(i.__0vprintf$8) refers to printf8.o(i._printf_core) for _printf_core
    printf8.o(i.__0vprintf$8) refers to retarget.o(i.fputc) for fputc
    printf8.o(i.__0vprintf$8) refers to retarget.o(.data) for __stdout
    printf8.o(i.__0vsnprintf$8) refers to printf8.o(i._printf_core) for _printf_core
    printf8.o(i.__0vsnprintf$8) refers to printf8.o(i._snputc) for _snputc
    printf8.o(i.__0vsprintf$8) refers to printf8.o(i._printf_core) for _printf_core
    printf8.o(i.__0vsprintf$8) refers to printf8.o(i._sputc) for _sputc
    printf8.o(i._printf_core) refers to printf8.o(i._printf_pre_padding) for _printf_pre_padding
    printf8.o(i._printf_core) refers to printf8.o(i._printf_post_padding) for _printf_post_padding
    printf8.o(i._printf_core) refers to uldiv.o(.text) for __aeabi_uldivmod
    printfa.o(i.__0fprintf) refers (Special) to iusefp.o(.text) for __I$use$fp
    printfa.o(i.__0fprintf) refers to printfa.o(i._printf_core) for _printf_core
    printfa.o(i.__0fprintf) refers to retarget.o(i.fputc) for fputc
    printfa.o(i.__0printf) refers (Special) to iusefp.o(.text) for __I$use$fp
    printfa.o(i.__0printf) refers to printfa.o(i._printf_core) for _printf_core
    printfa.o(i.__0printf) refers to retarget.o(i.fputc) for fputc
    printfa.o(i.__0printf) refers to retarget.o(.data) for __stdout
    printfa.o(i.__0snprintf) refers (Special) to iusefp.o(.text) for __I$use$fp
    printfa.o(i.__0snprintf) refers to printfa.o(i._printf_core) for _printf_core
    printfa.o(i.__0snprintf) refers to printfa.o(i._snputc) for _snputc
    printfa.o(i.__0sprintf) refers (Special) to iusefp.o(.text) for __I$use$fp
    printfa.o(i.__0sprintf) refers to printfa.o(i._printf_core) for _printf_core
    printfa.o(i.__0sprintf) refers to printfa.o(i._sputc) for _sputc
    printfa.o(i.__0vfprintf) refers (Special) to iusefp.o(.text) for __I$use$fp
    printfa.o(i.__0vfprintf) refers to printfa.o(i._printf_core) for _printf_core
    printfa.o(i.__0vfprintf) refers to retarget.o(i.fputc) for fputc
    printfa.o(i.__0vprintf) refers (Special) to iusefp.o(.text) for __I$use$fp
    printfa.o(i.__0vprintf) refers to printfa.o(i._printf_core) for _printf_core
    printfa.o(i.__0vprintf) refers to retarget.o(i.fputc) for fputc
    printfa.o(i.__0vprintf) refers to retarget.o(.data) for __stdout
    printfa.o(i.__0vsnprintf) refers (Special) to iusefp.o(.text) for __I$use$fp
    printfa.o(i.__0vsnprintf) refers to printfa.o(i._printf_core) for _printf_core
    printfa.o(i.__0vsnprintf) refers to printfa.o(i._snputc) for _snputc
    printfa.o(i.__0vsprintf) refers (Special) to iusefp.o(.text) for __I$use$fp
    printfa.o(i.__0vsprintf) refers to printfa.o(i._printf_core) for _printf_core
    printfa.o(i.__0vsprintf) refers to printfa.o(i._sputc) for _sputc
    printfa.o(i._fp_digits) refers (Special) to iusefp.o(.text) for __I$use$fp
    printfa.o(i._fp_digits) refers to dmul.o(.text) for __aeabi_dmul
    printfa.o(i._fp_digits) refers to ddiv.o(.text) for __aeabi_ddiv
    printfa.o(i._fp_digits) refers to cdrcmple.o(.text) for __aeabi_cdrcmple
    printfa.o(i._fp_digits) refers to dadd.o(.text) for __aeabi_dadd
    printfa.o(i._fp_digits) refers to dfixul.o(.text) for __aeabi_d2ulz
    printfa.o(i._fp_digits) refers to uldiv.o(.text) for __aeabi_uldivmod
    printfa.o(i._printf_core) refers (Special) to iusefp.o(.text) for __I$use$fp
    printfa.o(i._printf_core) refers to printfa.o(i._printf_pre_padding) for _printf_pre_padding
    printfa.o(i._printf_core) refers to uldiv.o(.text) for __aeabi_uldivmod
    printfa.o(i._printf_core) refers to printfa.o(i._printf_post_padding) for _printf_post_padding
    printfa.o(i._printf_core) refers to printfa.o(i._fp_digits) for _fp_digits
    printfa.o(i._printf_core) refers to uidiv.o(.text) for __aeabi_uidivmod
    printfa.o(i._printf_post_padding) refers (Special) to iusefp.o(.text) for __I$use$fp
    printfa.o(i._printf_pre_padding) refers (Special) to iusefp.o(.text) for __I$use$fp
    printfa.o(i._snputc) refers (Special) to iusefp.o(.text) for __I$use$fp
    printfa.o(i._sputc) refers (Special) to iusefp.o(.text) for __I$use$fp
    entry2.o(.ARM.Collect$$$$00000001) refers to entry2.o(.ARM.Collect$$$$00002712) for __lit__00000000
    entry2.o(.ARM.Collect$$$$00002712) refers to startup_nuc1xx.o(STACK) for __initial_sp
    entry2.o(__vectab_stack_and_reset_area) refers to startup_nuc1xx.o(STACK) for __initial_sp
    entry2.o(__vectab_stack_and_reset_area) refers to entry.o(.ARM.Collect$$$$00000000) for __main
    entry5.o(.ARM.Collect$$$$00000004) refers to init.o(.text) for __scatterload
    entry9a.o(.ARM.Collect$$$$0000000B) refers to main.o(i.main) for main
    entry9b.o(.ARM.Collect$$$$0000000C) refers to main.o(i.main) for main
    uldiv.o(.text) refers to llushr.o(.text) for __aeabi_llsr
    uldiv.o(.text) refers to llshl.o(.text) for __aeabi_llsl
    dadd.o(.text) refers to llshl.o(.text) for __aeabi_llsl
    dadd.o(.text) refers to llsshr.o(.text) for __aeabi_lasr
    dadd.o(.text) refers to depilogue.o(.text) for _double_epilogue
    dmul.o(.text) refers to depilogue.o(.text) for _double_epilogue
    ddiv.o(.text) refers to depilogue.o(.text) for _double_round
    dfixul.o(.text) refers to llushr.o(.text) for __aeabi_llsr
    dfixul.o(.text) refers to llshl.o(.text) for __aeabi_llsl
    init.o(.text) refers to entry5.o(.ARM.Collect$$$$00000004) for __main_after_scatterload
    depilogue.o(.text) refers to depilogue.o(i.__ARM_clz) for __ARM_clz
    depilogue.o(.text) refers to llshl.o(.text) for __aeabi_llsl
    depilogue.o(.text) refers to llushr.o(.text) for __aeabi_llsr


==============================================================================

Removing Unused input sections from the image.

    Removing core_cm0.o(.emb_text), (32 bytes).
    Removing system_nuc1xx.o(i.SystemCoreClockUpdate), (160 bytes).
    Removing startup_nuc1xx.o(HEAP), (0 bytes).
    Removing gpio.o(i.DrvGPIO_Close), (68 bytes).
    Removing gpio.o(i.DrvGPIO_ClrBit), (44 bytes).
    Removing gpio.o(i.DrvGPIO_ClrBitMask), (36 bytes).
    Removing gpio.o(i.DrvGPIO_ClrPortMask), (32 bytes).
    Removing gpio.o(i.DrvGPIO_DisableDebounce), (52 bytes).
    Removing gpio.o(i.DrvGPIO_DisableDigitalInputBit), (40 bytes).
    Removing gpio.o(i.DrvGPIO_DisableEINT0), (36 bytes).
    Removing gpio.o(i.DrvGPIO_DisableEINT1), (36 bytes).
    Removing gpio.o(i.DrvGPIO_DisableInt), (80 bytes).
    Removing gpio.o(i.DrvGPIO_EnableDebounce), (52 bytes).
    Removing gpio.o(i.DrvGPIO_EnableDigitalInputBit), (40 bytes).
    Removing gpio.o(i.DrvGPIO_EnableEINT0), (152 bytes).
    Removing gpio.o(i.DrvGPIO_EnableEINT1), (152 bytes).
    Removing gpio.o(i.DrvGPIO_EnableInt), (240 bytes).
    Removing gpio.o(i.DrvGPIO_GetBit), (44 bytes).
    Removing gpio.o(i.DrvGPIO_GetBitMask), (28 bytes).
    Removing gpio.o(i.DrvGPIO_GetDebounceSampleCycle), (16 bytes).
    Removing gpio.o(i.DrvGPIO_GetDoutBit), (40 bytes).
    Removing gpio.o(i.DrvGPIO_GetIntStatus), (16 bytes).
    Removing gpio.o(i.DrvGPIO_GetPortBits), (16 bytes).
    Removing gpio.o(i.DrvGPIO_GetPortDoutBits), (28 bytes).
    Removing gpio.o(i.DrvGPIO_GetPortMask), (16 bytes).
    Removing gpio.o(i.DrvGPIO_GetVersion), (8 bytes).
    Removing gpio.o(i.DrvGPIO_Open), (136 bytes).
    Removing gpio.o(i.DrvGPIO_SetBit), (44 bytes).
    Removing gpio.o(i.DrvGPIO_SetBitMask), (36 bytes).
    Removing gpio.o(i.DrvGPIO_SetDebounceTime), (64 bytes).
    Removing gpio.o(i.DrvGPIO_SetIntCallback), (20 bytes).
    Removing gpio.o(i.DrvGPIO_SetPortBits), (20 bytes).
    Removing gpio.o(i.DrvGPIO_SetPortMask), (32 bytes).
    Removing gpio.o(i.NVIC_DisableIRQ), (20 bytes).
    Removing gpio.o(i.NVIC_EnableIRQ), (20 bytes).
    Removing gpio.o(i.NVIC_SetPriority), (120 bytes).
    Removing spi.o(i.DrvSPI_3WireAbort), (32 bytes).
    Removing spi.o(i.DrvSPI_BurstRead), (72 bytes).
    Removing spi.o(i.DrvSPI_BurstWrite), (72 bytes).
    Removing spi.o(i.DrvSPI_Close), (324 bytes).
    Removing spi.o(i.DrvSPI_Clr3WireStartIntFlag), (32 bytes).
    Removing spi.o(i.DrvSPI_ClrGo), (28 bytes).
    Removing spi.o(i.DrvSPI_ClrIntFlag), (32 bytes).
    Removing spi.o(i.DrvSPI_Disable3Wire), (28 bytes).
    Removing spi.o(i.DrvSPI_Disable3WireStartInt), (100 bytes).
    Removing spi.o(i.DrvSPI_DisableDivOne), (28 bytes).
    Removing spi.o(i.DrvSPI_DisableInt), (100 bytes).
    Removing spi.o(i.DrvSPI_Enable3Wire), (32 bytes).
    Removing spi.o(i.DrvSPI_Enable3WireStartInt), (140 bytes).
    Removing spi.o(i.DrvSPI_EnableAutoSS), (56 bytes).
    Removing spi.o(i.DrvSPI_EnableDivOne), (28 bytes).
    Removing spi.o(i.DrvSPI_EnableInt), (140 bytes).
    Removing spi.o(i.DrvSPI_Get3WireStartIntFlag), (20 bytes).
    Removing spi.o(i.DrvSPI_GetClock1Freq), (36 bytes).
    Removing spi.o(i.DrvSPI_GetClock2Freq), (36 bytes).
    Removing spi.o(i.DrvSPI_GetIntFlag), (20 bytes).
    Removing spi.o(i.DrvSPI_GetLevelTriggerStatus), (32 bytes).
    Removing spi.o(i.DrvSPI_GetVersion), (8 bytes).
    Removing spi.o(i.DrvSPI_Set2BitTransferMode), (80 bytes).
    Removing spi.o(i.DrvSPI_SetBitLength), (64 bytes).
    Removing spi.o(i.DrvSPI_SetByteReorder), (112 bytes).
    Removing spi.o(i.DrvSPI_SetGo), (28 bytes).
    Removing spi.o(i.DrvSPI_SetPDMA), (112 bytes).
    Removing spi.o(i.DrvSPI_SetSuspendCycle), (88 bytes).
    Removing spi.o(i.DrvSPI_SetTriggerMode), (36 bytes).
    Removing spi.o(i.DrvSPI_SetVariableClockFunction), (68 bytes).
    Removing spi.o(i.DrvSPI_SingleRead), (64 bytes).
    Removing spi.o(i.DrvSPI_SingleWrite_byte), (60 bytes).
    Removing spi.o(i.NVIC_DisableIRQ), (20 bytes).
    Removing spi.o(i.NVIC_EnableIRQ), (20 bytes).
    Removing spi.o(i.NVIC_SetPriority), (120 bytes).
    Removing sys.o(i.DrvSYS_ClearClockSwitchStatus), (20 bytes).
    Removing sys.o(i.DrvSYS_ClearResetSource), (12 bytes).
    Removing sys.o(i.DrvSYS_DisableBODLowPowerMode), (18 bytes).
    Removing sys.o(i.DrvSYS_DisableHighPerformanceMode), (18 bytes).
    Removing sys.o(i.DrvSYS_DisableLowVoltReset), (18 bytes).
    Removing sys.o(i.DrvSYS_DisablePOR), (12 bytes).
    Removing sys.o(i.DrvSYS_DisableTemperatureSensor), (18 bytes).
    Removing sys.o(i.DrvSYS_EnableBODLowPowerMode), (20 bytes).
    Removing sys.o(i.DrvSYS_EnableHighPerformanceMode), (20 bytes).
    Removing sys.o(i.DrvSYS_EnableLowVoltReset), (20 bytes).
    Removing sys.o(i.DrvSYS_EnablePOR), (10 bytes).
    Removing sys.o(i.DrvSYS_EnableTemperatureSensor), (20 bytes).
    Removing sys.o(i.DrvSYS_EnterPowerDown), (56 bytes).
    Removing sys.o(i.DrvSYS_GetBODState), (12 bytes).
    Removing sys.o(i.DrvSYS_GetChipClockSourceStatus), (88 bytes).
    Removing sys.o(i.DrvSYS_GetClockSwitchStatus), (16 bytes).
    Removing sys.o(i.DrvSYS_GetExtClockFreq), (8 bytes).
    Removing sys.o(i.DrvSYS_GetPLLContent), (196 bytes).
    Removing sys.o(i.DrvSYS_GetResetSource), (8 bytes).
    Removing sys.o(i.DrvSYS_GetVersion), (8 bytes).
    Removing sys.o(i.DrvSYS_IsProtectedRegLocked), (16 bytes).
    Removing sys.o(i.DrvSYS_LockProtectedReg), (36 bytes).
    Removing sys.o(i.DrvSYS_Open), (192 bytes).
    Removing sys.o(i.DrvSYS_ReadProductID), (8 bytes).
    Removing sys.o(i.DrvSYS_ResetCPU), (20 bytes).
    Removing sys.o(i.DrvSYS_ResetChip), (20 bytes).
    Removing sys.o(i.DrvSYS_ResetIP), (110 bytes).
    Removing sys.o(i.DrvSYS_SelectBODVolt), (26 bytes).
    Removing sys.o(i.DrvSYS_SelectHCLKSource), (56 bytes).
    Removing sys.o(i.DrvSYS_SelectIPClockSource), (352 bytes).
    Removing sys.o(i.DrvSYS_SelectPLLSource), (32 bytes).
    Removing sys.o(i.DrvSYS_SelectSysTickSource), (52 bytes).
    Removing sys.o(i.DrvSYS_SetBODFunction), (92 bytes).
    Removing sys.o(i.DrvSYS_SetClockDivider), (136 bytes).
    Removing sys.o(i.DrvSYS_SetFreqDividerOutput), (76 bytes).
    Removing sys.o(i.DrvSYS_SetOscCtrl), (128 bytes).
    Removing sys.o(i.DrvSYS_SetPLLContent), (76 bytes).
    Removing sys.o(i.DrvSYS_SetPLLMode), (52 bytes).
    Removing sys.o(i.DrvSYS_SetPowerDownWakeUpInt), (108 bytes).
    Removing sys.o(i.DrvSYS_UnlockProtectedReg), (44 bytes).
    Removing sys.o(i.NVIC_DisableIRQ), (20 bytes).
    Removing sys.o(i.NVIC_EnableIRQ), (20 bytes).
    Removing sys.o(i.NVIC_SetPriority), (120 bytes).
    Removing uart.o(i.BaudRateCalculator), (212 bytes).
    Removing uart.o(i.DrvUART_ClearIntFlag), (164 bytes).
    Removing uart.o(i.DrvUART_Close), (176 bytes).
    Removing uart.o(i.DrvUART_DisableInt), (184 bytes).
    Removing uart.o(i.DrvUART_DisablePDMA), (76 bytes).
    Removing uart.o(i.DrvUART_EnableInt), (256 bytes).
    Removing uart.o(i.DrvUART_EnablePDMA), (84 bytes).
    Removing uart.o(i.DrvUART_GetCTSInfo), (28 bytes).
    Removing uart.o(i.DrvUART_GetIntStatus), (20 bytes).
    Removing uart.o(i.DrvUART_GetVersion), (8 bytes).
    Removing uart.o(i.DrvUART_Open), (616 bytes).
    Removing uart.o(i.DrvUART_Read), (64 bytes).
    Removing uart.o(i.DrvUART_SetFnIRDA), (88 bytes).
    Removing uart.o(i.DrvUART_SetFnLIN), (76 bytes).
    Removing uart.o(i.DrvUART_SetFnRS485), (196 bytes).
    Removing uart.o(i.DrvUART_SetRTS), (52 bytes).
    Removing uart.o(i.DrvUART_Write), (64 bytes).
    Removing uart.o(i.GetUartClk), (72 bytes).
    Removing uart.o(i.NVIC_DisableIRQ), (20 bytes).
    Removing uart.o(i.NVIC_EnableIRQ), (20 bytes).
    Removing retarget.o(i.GetChar), (28 bytes).
    Removing retarget.o(i.IsDebugFifoEmpty), (16 bytes).
    Removing retarget.o(i._ttywrch), (12 bytes).
    Removing retarget.o(i.ferror), (8 bytes).
    Removing retarget.o(i.fgetc), (10 bytes).
    Removing retarget.o(i.kbhit), (20 bytes).
    Removing sdcard.o(i.DrvSDCARD_Close), (10 bytes).
    Removing sdcard.o(i.DrvSDCARD_GetVersion), (8 bytes).
    Removing sdcard.o(i.GetLogicSector), (12 bytes).
    Removing ff.o(i.dir_read), (90 bytes).
    Removing ff.o(i.dir_remove), (48 bytes).
    Removing ff.o(i.f_chdir), (102 bytes).
    Removing ff.o(i.f_chdrive), (24 bytes).
    Removing ff.o(i.f_chmod), (106 bytes).
    Removing ff.o(i.f_getfree), (284 bytes).
    Removing ff.o(i.f_lseek), (478 bytes).
    Removing ff.o(i.f_mkdir), (440 bytes).
    Removing ff.o(i.f_mkfs), (1684 bytes).
    Removing ff.o(i.f_opendir), (114 bytes).
    Removing ff.o(i.f_readdir), (94 bytes).
    Removing ff.o(i.f_rename), (318 bytes).
    Removing ff.o(i.f_stat), (64 bytes).
    Removing ff.o(i.f_truncate), (176 bytes).
    Removing ff.o(i.f_unlink), (222 bytes).
    Removing ff.o(i.f_utime), (108 bytes).
    Removing ff.o(i.get_fileinfo), (144 bytes).
    Removing diskio.o(.bss), (1024 bytes).
    Removing retarget_io.o(i.__aeabi_assert), (156 bytes).
    Removing retarget_io.o(i.__backspace), (8 bytes).
    Removing retarget_io.o(i.abort), (4 bytes).
    Removing retarget_io.o(i.fgetc), (8 bytes).
    Removing retarget_io.o(i.fputc), (32 bytes).
    Removing retarget_io.o(i.stdout_putchar), (4 bytes).
    Removing dadd.o(.text), (356 bytes).
    Removing dmul.o(.text), (208 bytes).
    Removing ddiv.o(.text), (240 bytes).
    Removing dfixul.o(.text), (64 bytes).
    Removing cdrcmple.o(.text), (40 bytes).
    Removing depilogue.o(.text), (190 bytes).
    Removing depilogue.o(i.__ARM_clz), (46 bytes).

174 unused section(s) (total 16110 bytes) removed from the image.

==============================================================================

Image Symbol Table

    Local Symbols

    Symbol Name                              Value     Ov Type        Size  Object(Section)

    RESET                                    0x00000000   Section      192  startup_nuc1xx.o(RESET)
    ../clib/microlib/division.c              0x00000000   Number         0  uldiv.o ABSOLUTE
    ../clib/microlib/division.c              0x00000000   Number         0  idiv.o ABSOLUTE
    ../clib/microlib/division.c              0x00000000   Number         0  uidiv.o ABSOLUTE
    ../clib/microlib/init/entry.s            0x00000000   Number         0  entry10a.o ABSOLUTE
    ../clib/microlib/init/entry.s            0x00000000   Number         0  entry11b.o ABSOLUTE
    ../clib/microlib/init/entry.s            0x00000000   Number         0  entry11a.o ABSOLUTE
    ../clib/microlib/init/entry.s            0x00000000   Number         0  entry2.o ABSOLUTE
    ../clib/microlib/init/entry.s            0x00000000   Number         0  entry8a.o ABSOLUTE
    ../clib/microlib/init/entry.s            0x00000000   Number         0  entry8b.o ABSOLUTE
    ../clib/microlib/init/entry.s            0x00000000   Number         0  entry9a.o ABSOLUTE
    ../clib/microlib/init/entry.s            0x00000000   Number         0  entry10b.o ABSOLUTE
    ../clib/microlib/init/entry.s            0x00000000   Number         0  entry9b.o ABSOLUTE
    ../clib/microlib/init/entry.s            0x00000000   Number         0  entry.o ABSOLUTE
    ../clib/microlib/init/entry.s            0x00000000   Number         0  entry7b.o ABSOLUTE
    ../clib/microlib/init/entry.s            0x00000000   Number         0  entry7a.o ABSOLUTE
    ../clib/microlib/init/entry.s            0x00000000   Number         0  entry5.o ABSOLUTE
    ../clib/microlib/longlong.c              0x00000000   Number         0  llsshr.o ABSOLUTE
    ../clib/microlib/longlong.c              0x00000000   Number         0  llshl.o ABSOLUTE
    ../clib/microlib/longlong.c              0x00000000   Number         0  llushr.o ABSOLUTE
    ../clib/microlib/printf/printf.c         0x00000000   Number         0  printf1.o ABSOLUTE
    ../clib/microlib/printf/printf.c         0x00000000   Number         0  printf0.o ABSOLUTE
    ../clib/microlib/printf/printf.c         0x00000000   Number         0  printf2.o ABSOLUTE
    ../clib/microlib/printf/printf.c         0x00000000   Number         0  printfb.o ABSOLUTE
    ../clib/microlib/printf/printf.c         0x00000000   Number         0  printfa.o ABSOLUTE
    ../clib/microlib/printf/printf.c         0x00000000   Number         0  printf8.o ABSOLUTE
    ../clib/microlib/printf/printf.c         0x00000000   Number         0  printf7.o ABSOLUTE
    ../clib/microlib/printf/printf.c         0x00000000   Number         0  printf6.o ABSOLUTE
    ../clib/microlib/printf/printf.c         0x00000000   Number         0  printf5.o ABSOLUTE
    ../clib/microlib/printf/printf.c         0x00000000   Number         0  printf4.o ABSOLUTE
    ../clib/microlib/printf/printf.c         0x00000000   Number         0  printf3.o ABSOLUTE
    ../clib/microlib/printf/stubs.s          0x00000000   Number         0  stubs.o ABSOLUTE
    ../clib/microlib/stdio/fputs.c           0x00000000   Number         0  fputs.o ABSOLUTE
    ../clib/microlib/stdio/fputs.c           0x00000000   Number         0  fputs_e.o ABSOLUTE
    ../clib/microlib/stdio/streams.c         0x00000000   Number         0  stderr.o ABSOLUTE
    ../clib/microlib/stubs.s                 0x00000000   Number         0  iusefp.o ABSOLUTE
    ../fplib/microlib/fpadd.c                0x00000000   Number         0  dadd.o ABSOLUTE
    ../fplib/microlib/fpdiv.c                0x00000000   Number         0  ddiv.o ABSOLUTE
    ../fplib/microlib/fpepilogue.c           0x00000000   Number         0  depilogue.o ABSOLUTE
    ../fplib/microlib/fpfix.c                0x00000000   Number         0  dfixul.o ABSOLUTE
    ../fplib/microlib/fpmul.c                0x00000000   Number         0  dmul.o ABSOLUTE
    ..\..\..\Library\CMSIS\Include\core_cm0.c 0x00000000   Number         0  core_cm0.o ABSOLUTE
    ..\..\..\Library\Device\Nuvoton\NUC1xx\Source\arm\startup_NUC1xx.s 0x00000000   Number         0  startup_nuc1xx.o ABSOLUTE
    ..\..\..\Library\Device\Nuvoton\NUC1xx\Source\system_NUC1xx.c 0x00000000   Number         0  system_nuc1xx.o ABSOLUTE
    ..\..\..\Library\NUC1xx-LB_002\Source\SDCard.c 0x00000000   Number         0  sdcard.o ABSOLUTE
    ..\..\..\Library\NUC1xx\Source\GPIO.c    0x00000000   Number         0  gpio.o ABSOLUTE
    ..\..\..\Library\NUC1xx\Source\SPI.c     0x00000000   Number         0  spi.o ABSOLUTE
    ..\..\..\Library\NUC1xx\Source\SYS.c     0x00000000   Number         0  sys.o ABSOLUTE
    ..\..\..\Library\NUC1xx\Source\UART.c    0x00000000   Number         0  uart.o ABSOLUTE
    ..\..\..\Library\NUC1xx\Source\retarget.c 0x00000000   Number         0  retarget.o ABSOLUTE
    ..\\..\\..\\Library\\CMSIS\\Include\\core_cm0.c 0x00000000   Number         0  core_cm0.o ABSOLUTE
    C:\Keil_v5\ARM\PACK\Keil\ARM_Compiler\1.3.1\Source\retarget_io.c 0x00000000   Number         0  retarget_io.o ABSOLUTE
    cdrcmple.s                               0x00000000   Number         0  cdrcmple.o ABSOLUTE
    dc.s                                     0x00000000   Number         0  dc.o ABSOLUTE
    ff8\src\diskio.c                         0x00000000   Number         0  diskio.o ABSOLUTE
    ff8\src\ff.c                             0x00000000   Number         0  ff.o ABSOLUTE
    handlers.s                               0x00000000   Number         0  handlers.o ABSOLUTE
    init.s                                   0x00000000   Number         0  init.o ABSOLUTE
    main.c                                   0x00000000   Number         0  main.o ABSOLUTE
    .ARM.Collect$$$$00000000                 0x000000c0   Section        0  entry.o(.ARM.Collect$$$$00000000)
    .ARM.Collect$$$$00000001                 0x000000c0   Section        4  entry2.o(.ARM.Collect$$$$00000001)
    .ARM.Collect$$$$00000004                 0x000000c4   Section        4  entry5.o(.ARM.Collect$$$$00000004)
    .ARM.Collect$$$$00000008                 0x000000c8   Section        0  entry7b.o(.ARM.Collect$$$$00000008)
    .ARM.Collect$$$$0000000A                 0x000000c8   Section        0  entry8b.o(.ARM.Collect$$$$0000000A)
    .ARM.Collect$$$$0000000B                 0x000000c8   Section        8  entry9a.o(.ARM.Collect$$$$0000000B)
    .ARM.Collect$$$$0000000D                 0x000000d0   Section        0  entry10a.o(.ARM.Collect$$$$0000000D)
    .ARM.Collect$$$$0000000F                 0x000000d0   Section        0  entry11a.o(.ARM.Collect$$$$0000000F)
    .ARM.Collect$$$$00002712                 0x000000d0   Section        4  entry2.o(.ARM.Collect$$$$00002712)
    __lit__00000000                          0x000000d0   Data           4  entry2.o(.ARM.Collect$$$$00002712)
    .text                                    0x000000d4   Section       76  startup_nuc1xx.o(.text)
    Default_Handler                          0x000000ff   Thumb Code     2  startup_nuc1xx.o(.text)
    .text                                    0x00000120   Section        0  uidiv.o(.text)
    .text                                    0x0000014c   Section       36  init.o(.text)
    i.BOD_IRQHandler                         0x00000170   Section        0  sys.o(i.BOD_IRQHandler)
    i.DrvGPIO_InitFunction                   0x00000198   Section        0  gpio.o(i.DrvGPIO_InitFunction)
    i.DrvSDCARD_GetCardSize                  0x000008f0   Section        0  sdcard.o(i.DrvSDCARD_GetCardSize)
    i.DrvSDCARD_Open                         0x0000090c   Section        0  sdcard.o(i.DrvSDCARD_Open)
    i.DrvSPI_BurstTransfer                   0x00000994   Section        0  spi.o(i.DrvSPI_BurstTransfer)
    i.DrvSPI_ClrSS                           0x00000a04   Section        0  spi.o(i.DrvSPI_ClrSS)
    i.DrvSPI_DisableAutoSS                   0x00000a34   Section        0  spi.o(i.DrvSPI_DisableAutoSS)
    i.DrvSPI_DumpRxRegister                  0x00000a60   Section        0  spi.o(i.DrvSPI_DumpRxRegister)
    i.DrvSPI_IsBusy                          0x00000a90   Section        0  spi.o(i.DrvSPI_IsBusy)
    i.DrvSPI_Open                            0x00000aa4   Section        0  spi.o(i.DrvSPI_Open)
    i.DrvSPI_SetClockFreq                    0x00000e70   Section        0  spi.o(i.DrvSPI_SetClockFreq)
    i.DrvSPI_SetEndian                       0x00000f44   Section        0  spi.o(i.DrvSPI_SetEndian)
    i.DrvSPI_SetSS                           0x00000f80   Section        0  spi.o(i.DrvSPI_SetSS)
    i.DrvSPI_SetSlaveSelectActiveLevel       0x00000fa4   Section        0  spi.o(i.DrvSPI_SetSlaveSelectActiveLevel)
    i.DrvSPI_SetTxRegister                   0x00000fc8   Section        0  spi.o(i.DrvSPI_SetTxRegister)
    i.DrvSPI_SingleWrite                     0x00000ff8   Section        0  spi.o(i.DrvSPI_SingleWrite)
    i.DrvSYS_Delay                           0x00001038   Section        0  sys.o(i.DrvSYS_Delay)
    i.DrvSYS_GetHCLKFreq                     0x00001064   Section        0  sys.o(i.DrvSYS_GetHCLKFreq)
    i.DrvSYS_GetPLLClockFreq                 0x000010d4   Section        0  sys.o(i.DrvSYS_GetPLLClockFreq)
    i.DrvSYS_SetIPClock                      0x0000114c   Section        0  sys.o(i.DrvSYS_SetIPClock)
    i.EINT0_IRQHandler                       0x000011c4   Section        0  gpio.o(i.EINT0_IRQHandler)
    i.EINT1_IRQHandler                       0x000011e8   Section        0  gpio.o(i.EINT1_IRQHandler)
    i.GPAB_IRQHandler                        0x0000120c   Section        0  gpio.o(i.GPAB_IRQHandler)
    i.GPCDE_IRQHandler                       0x00001250   Section        0  gpio.o(i.GPCDE_IRQHandler)
    i.GenerateCRC                            0x0000129c   Section        0  sdcard.o(i.GenerateCRC)
    GenerateCRC                              0x0000129d   Thumb Code    60  sdcard.o(i.GenerateCRC)
    i.MMC_Command_Exec                       0x000012d8   Section        0  sdcard.o(i.MMC_Command_Exec)
    i.MMC_FLASH_Init                         0x000018dc   Section        0  sdcard.o(i.MMC_FLASH_Init)
    i.PWRWU_IRQHandler                       0x00001b48   Section        0  sys.o(i.PWRWU_IRQHandler)
    i.RoughDelay                             0x00001b70   Section        0  diskio.o(i.RoughDelay)
    i.SPI0_IRQHandler                        0x00001b84   Section        0  spi.o(i.SPI0_IRQHandler)
    i.SPI1_IRQHandler                        0x00001be8   Section        0  spi.o(i.SPI1_IRQHandler)
    i.SPI2_IRQHandler                        0x00001c4c   Section        0  spi.o(i.SPI2_IRQHandler)
    i.SPI3_IRQHandler                        0x00001cb0   Section        0  spi.o(i.SPI3_IRQHandler)
    i.SendChar                               0x00001d14   Section        0  retarget.o(i.SendChar)
    i.SendChar_ToUART                        0x00001d20   Section        0  retarget.o(i.SendChar_ToUART)
    i.SingleWrite                            0x00001d50   Section        0  sdcard.o(i.SingleWrite)
    SingleWrite                              0x00001d51   Thumb Code    50  sdcard.o(i.SingleWrite)
    i.SpiRead                                0x00001d84   Section        0  sdcard.o(i.SpiRead)
    i.SpiWrite                               0x00001dfc   Section        0  sdcard.o(i.SpiWrite)
    i.SystemInit                             0x00001e74   Section        0  system_nuc1xx.o(i.SystemInit)
    i.UART02_IRQHandler                      0x00001e78   Section        0  uart.o(i.UART02_IRQHandler)
    i.UART1_IRQHandler                       0x00001eb4   Section        0  uart.o(i.UART1_IRQHandler)
    i.__0printf$2                            0x00001ed4   Section        0  printf2.o(i.__0printf$2)
    i.__ARM_common_switch8                   0x00001ef4   Section        0  gpio.o(i.__ARM_common_switch8)
    i.__scatterload_copy                     0x00001f10   Section       14  handlers.o(i.__scatterload_copy)
    i.__scatterload_null                     0x00001f1e   Section        2  handlers.o(i.__scatterload_null)
    i.__scatterload_zeroinit                 0x00001f20   Section       14  handlers.o(i.__scatterload_zeroinit)
    i._printf_core                           0x00001f2e   Section        0  printf2.o(i._printf_core)
    _printf_core                             0x00001f2f   Thumb Code   210  printf2.o(i._printf_core)
    i.check_fs                               0x00002000   Section        0  ff.o(i.check_fs)
    check_fs                                 0x00002001   Thumb Code   150  ff.o(i.check_fs)
    i.chk_chr                                0x000020a0   Section        0  ff.o(i.chk_chr)
    chk_chr                                  0x000020a1   Thumb Code    22  ff.o(i.chk_chr)
    i.chk_mounted                            0x000020b8   Section        0  ff.o(i.chk_mounted)
    chk_mounted                              0x000020b9   Thumb Code  1016  ff.o(i.chk_mounted)
    i.clust2sect                             0x000024d0   Section        0  ff.o(i.clust2sect)
    i.create_chain                           0x000024ec   Section        0  ff.o(i.create_chain)
    create_chain                             0x000024ed   Thumb Code   190  ff.o(i.create_chain)
    i.create_name                            0x000025b0   Section        0  ff.o(i.create_name)
    create_name                              0x000025b1   Thumb Code   334  ff.o(i.create_name)
    i.dir_find                               0x00002714   Section        0  ff.o(i.dir_find)
    dir_find                                 0x00002715   Thumb Code    98  ff.o(i.dir_find)
    i.dir_next                               0x00002776   Section        0  ff.o(i.dir_next)
    dir_next                                 0x00002777   Thumb Code   288  ff.o(i.dir_next)
    i.dir_register                           0x00002896   Section        0  ff.o(i.dir_register)
    dir_register                             0x00002897   Thumb Code   116  ff.o(i.dir_register)
    i.dir_sdi                                0x0000290a   Section        0  ff.o(i.dir_sdi)
    dir_sdi                                  0x0000290b   Thumb Code   156  ff.o(i.dir_sdi)
    i.disk_initialize                        0x000029a8   Section        0  diskio.o(i.disk_initialize)
    i.disk_ioctl                             0x00002a00   Section        0  diskio.o(i.disk_ioctl)
    i.disk_read                              0x00002a4e   Section        0  diskio.o(i.disk_read)
    i.disk_status                            0x00002a86   Section        0  diskio.o(i.disk_status)
    i.disk_write                             0x00002a92   Section        0  diskio.o(i.disk_write)
    i.f_close                                0x00002aca   Section        0  ff.o(i.f_close)
    i.f_gets                                 0x00002ae0   Section        0  ff.o(i.f_gets)
    i.f_mount                                0x00002b2c   Section        0  ff.o(i.f_mount)
    i.f_open                                 0x00002b5c   Section        0  ff.o(i.f_open)
    i.f_printf                               0x00002ce6   Section        0  ff.o(i.f_printf)
    i.f_putc                                 0x00002f24   Section        0  ff.o(i.f_putc)
    i.f_puts                                 0x00002f4a   Section        0  ff.o(i.f_puts)
    i.f_read                                 0x00002f74   Section        0  ff.o(i.f_read)
    i.f_sync                                 0x00003164   Section        0  ff.o(i.f_sync)
    i.f_write                                0x00003228   Section        0  ff.o(i.f_write)
    i.follow_path                            0x00003456   Section        0  ff.o(i.follow_path)
    follow_path                              0x00003457   Thumb Code   198  ff.o(i.follow_path)
    i.fputc                                  0x0000351c   Section        0  retarget.o(i.fputc)
    i.get_fat                                0x0000352c   Section        0  ff.o(i.get_fat)
    i.get_fattime                            0x00003614   Section        0  diskio.o(i.get_fattime)
    i.main                                   0x00003618   Section        0  main.o(i.main)
    i.mem_cmp                                0x0000368c   Section        0  ff.o(i.mem_cmp)
    mem_cmp                                  0x0000368d   Thumb Code    42  ff.o(i.mem_cmp)
    i.mem_cpy                                0x000036b6   Section        0  ff.o(i.mem_cpy)
    mem_cpy                                  0x000036b7   Thumb Code    26  ff.o(i.mem_cpy)
    i.mem_set                                0x000036d0   Section        0  ff.o(i.mem_set)
    mem_set                                  0x000036d1   Thumb Code    20  ff.o(i.mem_set)
    i.move_window                            0x000036e4   Section        0  ff.o(i.move_window)
    move_window                              0x000036e5   Thumb Code   118  ff.o(i.move_window)
    i.put_fat                                0x0000375a   Section        0  ff.o(i.put_fat)
    i.remove_chain                           0x000038a0   Section        0  ff.o(i.remove_chain)
    remove_chain                             0x000038a1   Thumb Code   108  ff.o(i.remove_chain)
    i.sync                                   0x0000390c   Section        0  ff.o(i.sync)
    sync                                     0x0000390d   Thumb Code   300  ff.o(i.sync)
    i.validate                               0x00003a38   Section        0  ff.o(i.validate)
    validate                                 0x00003a39   Thumb Code    48  ff.o(i.validate)
    .constdata                               0x00003a68   Section       16  sys.o(.constdata)
    .constdata                               0x00003a78   Section      172  ff.o(.constdata)
    excvt                                    0x00003a78   Data         128  ff.o(.constdata)
    vst                                      0x00003af8   Data          22  ff.o(.constdata)
    cst                                      0x00003b0e   Data          22  ff.o(.constdata)
    .data                                    0x20000000   Section       28  system_nuc1xx.o(.data)
    .data                                    0x2000001c   Section       16  gpio.o(.data)
    _pfGPABCallback                          0x2000001c   Data           4  gpio.o(.data)
    _pfGPCDECallback                         0x20000020   Data           4  gpio.o(.data)
    _pfEINT0Callback                         0x20000024   Data           4  gpio.o(.data)
    _pfEINT1Callback                         0x20000028   Data           4  gpio.o(.data)
    .data                                    0x2000002c   Section       16  spi.o(.data)
    SPI_PORT                                 0x2000002c   Data          16  spi.o(.data)
    .data                                    0x2000003c   Section        8  sys.o(.data)
    BOD_callbackFn                           0x2000003c   Data           4  sys.o(.data)
    PWRWU_callbackFn                         0x20000040   Data           4  sys.o(.data)
    .data                                    0x20000044   Section       12  uart.o(.data)
    g_pfnUART0callback                       0x20000044   Data           4  uart.o(.data)
    g_pfnUART1callback                       0x20000048   Data           4  uart.o(.data)
    g_pfnUART2callback                       0x2000004c   Data           4  uart.o(.data)
    .data                                    0x20000050   Section        8  retarget.o(.data)
    .data                                    0x20000058   Section      196  sdcard.o(.data)
    current_blklen                           0x20000118   Data           4  sdcard.o(.data)
    .data                                    0x2000011c   Section        9  ff.o(.data)
    Fsid                                     0x2000011c   Data           2  ff.o(.data)
    FatFs                                    0x20000120   Data           4  ff.o(.data)
    Drive                                    0x20000124   Data           1  ff.o(.data)
    .bss                                     0x20000128   Section       80  spi.o(.bss)
    g_sSpiHandler                            0x20000128   Data          80  spi.o(.bss)
    .bss                                     0x20000178   Section      564  main.o(.bss)
    STACK                                    0x200003b0   Section     1024  startup_nuc1xx.o(STACK)

    Global Symbols

    Symbol Name                              Value     Ov Type        Size  Object(Section)

    BuildAttributes$$THM_ISAv3M$S$PE$A:L22$X:L11$S22$IEEE1$IW$USESV6$~STKCKD$USESV7$~SHL$OSPACE$ROPI$EBA8$MICROLIB$REQ8$PRES8$EABIv2 0x00000000   Number         0  anon$$obj.o ABSOLUTE
    __ARM_use_no_argv                        0x00000000   Number         0  main.o ABSOLUTE
    __Vectors                                0x00000000   Data           4  startup_nuc1xx.o(RESET)
    _printf_a                                0x00000000   Number         0  stubs.o ABSOLUTE
    _printf_c                                0x00000000   Number         0  stubs.o ABSOLUTE
    _printf_charcount                        0x00000000   Number         0  stubs.o ABSOLUTE
    _printf_d                                0x00000000   Number         0  stubs.o ABSOLUTE
    _printf_e                                0x00000000   Number         0  stubs.o ABSOLUTE
    _printf_f                                0x00000000   Number         0  stubs.o ABSOLUTE
    _printf_flags                            0x00000000   Number         0  stubs.o ABSOLUTE
    _printf_fp_dec                           0x00000000   Number         0  stubs.o ABSOLUTE
    _printf_fp_hex                           0x00000000   Number         0  stubs.o ABSOLUTE
    _printf_g                                0x00000000   Number         0  stubs.o ABSOLUTE
    _printf_i                                0x00000000   Number         0  stubs.o ABSOLUTE
    _printf_int_dec                          0x00000000   Number         0  stubs.o ABSOLUTE
    _printf_l                                0x00000000   Number         0  stubs.o ABSOLUTE
    _printf_lc                               0x00000000   Number         0  stubs.o ABSOLUTE
    _printf_ll                               0x00000000   Number         0  stubs.o ABSOLUTE
    _printf_lld                              0x00000000   Number         0  stubs.o ABSOLUTE
    _printf_lli                              0x00000000   Number         0  stubs.o ABSOLUTE
    _printf_llo                              0x00000000   Number         0  stubs.o ABSOLUTE
    _printf_llu                              0x00000000   Number         0  stubs.o ABSOLUTE
    _printf_llx                              0x00000000   Number         0  stubs.o ABSOLUTE
    _printf_longlong_dec                     0x00000000   Number         0  stubs.o ABSOLUTE
    _printf_longlong_hex                     0x00000000   Number         0  stubs.o ABSOLUTE
    _printf_longlong_oct                     0x00000000   Number         0  stubs.o ABSOLUTE
    _printf_ls                               0x00000000   Number         0  stubs.o ABSOLUTE
    _printf_mbtowc                           0x00000000   Number         0  stubs.o ABSOLUTE
    _printf_n                                0x00000000   Number         0  stubs.o ABSOLUTE
    _printf_o                                0x00000000   Number         0  stubs.o ABSOLUTE
    _printf_p                                0x00000000   Number         0  stubs.o ABSOLUTE
    _printf_percent                          0x00000000   Number         0  stubs.o ABSOLUTE
    _printf_pre_padding                      0x00000000   Number         0  stubs.o ABSOLUTE
    _printf_return_value                     0x00000000   Number         0  stubs.o ABSOLUTE
    _printf_s                                0x00000000   Number         0  stubs.o ABSOLUTE
    _printf_sizespec                         0x00000000   Number         0  stubs.o ABSOLUTE
    _printf_str                              0x00000000   Number         0  stubs.o ABSOLUTE
    _printf_truncate_signed                  0x00000000   Number         0  stubs.o ABSOLUTE
    _printf_truncate_unsigned                0x00000000   Number         0  stubs.o ABSOLUTE
    _printf_u                                0x00000000   Number         0  stubs.o ABSOLUTE
    _printf_wc                               0x00000000   Number         0  stubs.o ABSOLUTE
    _printf_wctomb                           0x00000000   Number         0  stubs.o ABSOLUTE
    _printf_widthprec                        0x00000000   Number         0  stubs.o ABSOLUTE
    _printf_x                                0x00000000   Number         0  stubs.o ABSOLUTE
    __cpp_initialize__aeabi_                  - Undefined Weak Reference
    __cxa_finalize                            - Undefined Weak Reference
    __decompress                              - Undefined Weak Reference
    _clock_init                               - Undefined Weak Reference
    _microlib_exit                            - Undefined Weak Reference
    __main                                   0x000000c1   Thumb Code     0  entry.o(.ARM.Collect$$$$00000000)
    _main_stk                                0x000000c1   Thumb Code     0  entry2.o(.ARM.Collect$$$$00000001)
    _main_scatterload                        0x000000c5   Thumb Code     0  entry5.o(.ARM.Collect$$$$00000004)
    __main_after_scatterload                 0x000000c9   Thumb Code     0  entry5.o(.ARM.Collect$$$$00000004)
    _main_clock                              0x000000c9   Thumb Code     0  entry7b.o(.ARM.Collect$$$$00000008)
    _main_cpp_init                           0x000000c9   Thumb Code     0  entry8b.o(.ARM.Collect$$$$0000000A)
    _main_init                               0x000000c9   Thumb Code     0  entry9a.o(.ARM.Collect$$$$0000000B)
    __rt_final_cpp                           0x000000d1   Thumb Code     0  entry10a.o(.ARM.Collect$$$$0000000D)
    __rt_final_exit                          0x000000d1   Thumb Code     0  entry11a.o(.ARM.Collect$$$$0000000F)
    Reset_Handler                            0x000000d5   Thumb Code    32  startup_nuc1xx.o(.text)
    NMI_Handler                              0x000000f5   Thumb Code     2  startup_nuc1xx.o(.text)
    HardFault_Handler                        0x000000f7   Thumb Code     2  startup_nuc1xx.o(.text)
    SVC_Handler                              0x000000f9   Thumb Code     2  startup_nuc1xx.o(.text)
    PendSV_Handler                           0x000000fb   Thumb Code     2  startup_nuc1xx.o(.text)
    SysTick_Handler                          0x000000fd   Thumb Code     2  startup_nuc1xx.o(.text)
    ACMP_IRQHandler                          0x000000ff   Thumb Code     0  startup_nuc1xx.o(.text)
    ADC_IRQHandler                           0x000000ff   Thumb Code     0  startup_nuc1xx.o(.text)
    CAN0_IRQHandler                          0x000000ff   Thumb Code     0  startup_nuc1xx.o(.text)
    I2C0_IRQHandler                          0x000000ff   Thumb Code     0  startup_nuc1xx.o(.text)
    I2C1_IRQHandler                          0x000000ff   Thumb Code     0  startup_nuc1xx.o(.text)
    I2S_IRQHandler                           0x000000ff   Thumb Code     0  startup_nuc1xx.o(.text)
    PDMA_IRQHandler                          0x000000ff   Thumb Code     0  startup_nuc1xx.o(.text)
    PS2_IRQHandler                           0x000000ff   Thumb Code     0  startup_nuc1xx.o(.text)
    PWMA_IRQHandler                          0x000000ff   Thumb Code     0  startup_nuc1xx.o(.text)
    PWMB_IRQHandler                          0x000000ff   Thumb Code     0  startup_nuc1xx.o(.text)
    RTC_IRQHandler                           0x000000ff   Thumb Code     0  startup_nuc1xx.o(.text)
    TMR0_IRQHandler                          0x000000ff   Thumb Code     0  startup_nuc1xx.o(.text)
    TMR1_IRQHandler                          0x000000ff   Thumb Code     0  startup_nuc1xx.o(.text)
    TMR2_IRQHandler                          0x000000ff   Thumb Code     0  startup_nuc1xx.o(.text)
    TMR3_IRQHandler                          0x000000ff   Thumb Code     0  startup_nuc1xx.o(.text)
    USBD_IRQHandler                          0x000000ff   Thumb Code     0  startup_nuc1xx.o(.text)
    WDT_IRQHandler                           0x000000ff   Thumb Code     0  startup_nuc1xx.o(.text)
    __aeabi_uidiv                            0x00000121   Thumb Code     0  uidiv.o(.text)
    __aeabi_uidivmod                         0x00000121   Thumb Code    44  uidiv.o(.text)
    __scatterload                            0x0000014d   Thumb Code    28  init.o(.text)
    __scatterload_rt2                        0x0000014d   Thumb Code     0  init.o(.text)
    BOD_IRQHandler                           0x00000171   Thumb Code    36  sys.o(i.BOD_IRQHandler)
    DrvGPIO_InitFunction                     0x00000199   Thumb Code  1864  gpio.o(i.DrvGPIO_InitFunction)
    DrvSDCARD_GetCardSize                    0x000008f1   Thumb Code    22  sdcard.o(i.DrvSDCARD_GetCardSize)
    DrvSDCARD_Open                           0x0000090d   Thumb Code   118  sdcard.o(i.DrvSDCARD_Open)
    DrvSPI_BurstTransfer                     0x00000995   Thumb Code   102  spi.o(i.DrvSPI_BurstTransfer)
    DrvSPI_ClrSS                             0x00000a05   Thumb Code    44  spi.o(i.DrvSPI_ClrSS)
    DrvSPI_DisableAutoSS                     0x00000a35   Thumb Code    40  spi.o(i.DrvSPI_DisableAutoSS)
    DrvSPI_DumpRxRegister                    0x00000a61   Thumb Code    42  spi.o(i.DrvSPI_DumpRxRegister)
    DrvSPI_IsBusy                            0x00000a91   Thumb Code    16  spi.o(i.DrvSPI_IsBusy)
    DrvSPI_Open                              0x00000aa5   Thumb Code   956  spi.o(i.DrvSPI_Open)
    DrvSPI_SetClockFreq                      0x00000e71   Thumb Code   202  spi.o(i.DrvSPI_SetClockFreq)
    DrvSPI_SetEndian                         0x00000f45   Thumb Code    56  spi.o(i.DrvSPI_SetEndian)
    DrvSPI_SetSS                             0x00000f81   Thumb Code    30  spi.o(i.DrvSPI_SetSS)
    DrvSPI_SetSlaveSelectActiveLevel         0x00000fa5   Thumb Code    32  spi.o(i.DrvSPI_SetSlaveSelectActiveLevel)
    DrvSPI_SetTxRegister                     0x00000fc9   Thumb Code    42  spi.o(i.DrvSPI_SetTxRegister)
    DrvSPI_SingleWrite                       0x00000ff9   Thumb Code    58  spi.o(i.DrvSPI_SingleWrite)
    DrvSYS_Delay                             0x00001039   Thumb Code    36  sys.o(i.DrvSYS_Delay)
    DrvSYS_GetHCLKFreq                       0x00001065   Thumb Code    94  sys.o(i.DrvSYS_GetHCLKFreq)
    DrvSYS_GetPLLClockFreq                   0x000010d5   Thumb Code   104  sys.o(i.DrvSYS_GetPLLClockFreq)
    DrvSYS_SetIPClock                        0x0000114d   Thumb Code   114  sys.o(i.DrvSYS_SetIPClock)
    EINT0_IRQHandler                         0x000011c5   Thumb Code    26  gpio.o(i.EINT0_IRQHandler)
    EINT1_IRQHandler                         0x000011e9   Thumb Code    26  gpio.o(i.EINT1_IRQHandler)
    GPAB_IRQHandler                          0x0000120d   Thumb Code    60  gpio.o(i.GPAB_IRQHandler)
    GPCDE_IRQHandler                         0x00001251   Thumb Code    68  gpio.o(i.GPCDE_IRQHandler)
    MMC_Command_Exec                         0x000012d9   Thumb Code  1528  sdcard.o(i.MMC_Command_Exec)
    MMC_FLASH_Init                           0x000018dd   Thumb Code   606  sdcard.o(i.MMC_FLASH_Init)
    PWRWU_IRQHandler                         0x00001b49   Thumb Code    32  sys.o(i.PWRWU_IRQHandler)
    RoughDelay                               0x00001b71   Thumb Code    18  diskio.o(i.RoughDelay)
    SPI0_IRQHandler                          0x00001b85   Thumb Code    92  spi.o(i.SPI0_IRQHandler)
    SPI1_IRQHandler                          0x00001be9   Thumb Code    92  spi.o(i.SPI1_IRQHandler)
    SPI2_IRQHandler                          0x00001c4d   Thumb Code    92  spi.o(i.SPI2_IRQHandler)
    SPI3_IRQHandler                          0x00001cb1   Thumb Code    92  spi.o(i.SPI3_IRQHandler)
    SendChar                                 0x00001d15   Thumb Code    12  retarget.o(i.SendChar)
    SendChar_ToUART                          0x00001d21   Thumb Code    44  retarget.o(i.SendChar_ToUART)
    SpiRead                                  0x00001d85   Thumb Code   116  sdcard.o(i.SpiRead)
    SpiWrite                                 0x00001dfd   Thumb Code   116  sdcard.o(i.SpiWrite)
    SystemInit                               0x00001e75   Thumb Code     2  system_nuc1xx.o(i.SystemInit)
    UART02_IRQHandler                        0x00001e79   Thumb Code    44  uart.o(i.UART02_IRQHandler)
    UART1_IRQHandler                         0x00001eb5   Thumb Code    24  uart.o(i.UART1_IRQHandler)
    __0printf$2                              0x00001ed5   Thumb Code    24  printf2.o(i.__0printf$2)
    __1printf$2                              0x00001ed5   Thumb Code     0  printf2.o(i.__0printf$2)
    __2printf                                0x00001ed5   Thumb Code     0  printf2.o(i.__0printf$2)
    __ARM_common_switch8                     0x00001ef5   Thumb Code    28  gpio.o(i.__ARM_common_switch8)
    __scatterload_copy                       0x00001f11   Thumb Code    14  handlers.o(i.__scatterload_copy)
    __scatterload_null                       0x00001f1f   Thumb Code     2  handlers.o(i.__scatterload_null)
    __scatterload_zeroinit                   0x00001f21   Thumb Code    14  handlers.o(i.__scatterload_zeroinit)
    clust2sect                               0x000024d1   Thumb Code    26  ff.o(i.clust2sect)
    disk_initialize                          0x000029a9   Thumb Code    76  diskio.o(i.disk_initialize)
    disk_ioctl                               0x00002a01   Thumb Code    78  diskio.o(i.disk_ioctl)
    disk_read                                0x00002a4f   Thumb Code    56  diskio.o(i.disk_read)
    disk_status                              0x00002a87   Thumb Code    12  diskio.o(i.disk_status)
    disk_write                               0x00002a93   Thumb Code    56  diskio.o(i.disk_write)
    f_close                                  0x00002acb   Thumb Code    22  ff.o(i.f_close)
    f_gets                                   0x00002ae1   Thumb Code    76  ff.o(i.f_gets)
    f_mount                                  0x00002b2d   Thumb Code    44  ff.o(i.f_mount)
    f_open                                   0x00002b5d   Thumb Code   394  ff.o(i.f_open)
    f_printf                                 0x00002ce7   Thumb Code   574  ff.o(i.f_printf)
    f_putc                                   0x00002f25   Thumb Code    38  ff.o(i.f_putc)
    f_puts                                   0x00002f4b   Thumb Code    42  ff.o(i.f_puts)
    f_read                                   0x00002f75   Thumb Code   496  ff.o(i.f_read)
    f_sync                                   0x00003165   Thumb Code   196  ff.o(i.f_sync)
    f_write                                  0x00003229   Thumb Code   558  ff.o(i.f_write)
    fputc                                    0x0000351d   Thumb Code    16  retarget.o(i.fputc)
    get_fat                                  0x0000352d   Thumb Code   232  ff.o(i.get_fat)
    get_fattime                              0x00003615   Thumb Code     4  diskio.o(i.get_fattime)
    main                                     0x00003619   Thumb Code    88  main.o(i.main)
    put_fat                                  0x0000375b   Thumb Code   326  ff.o(i.put_fat)
    Region$$Table$$Base                      0x00003b24   Number         0  anon$$obj.o(Region$$Table)
    Region$$Table$$Limit                     0x00003b44   Number         0  anon$$obj.o(Region$$Table)
    SystemCoreClock                          0x20000000   Data           4  system_nuc1xx.o(.data)
    CyclesPerUs                              0x20000004   Data           4  system_nuc1xx.o(.data)
    gau32ClkSrcTbl                           0x20000008   Data          20  system_nuc1xx.o(.data)
    __stdout                                 0x20000050   Data           4  retarget.o(.data)
    __stdin                                  0x20000054   Data           4  retarget.o(.data)
    command_list                             0x20000058   Data         186  sdcard.o(.data)
    Is_Initialized                           0x20000112   Data           1  sdcard.o(.data)
    SDtype                                   0x20000113   Data           1  sdcard.o(.data)
    LogicSector                              0x20000114   Data           4  sdcard.o(.data)
    FatFs                                    0x20000178   Data         564  main.o(.bss)
    __initial_sp                             0x200007b0   Data           0  startup_nuc1xx.o(STACK)



==============================================================================

Memory Map of the image

  Image Entry point : 0x000000d5

  Load Region LR_1 (Base: 0x00000000, Size: 0x00003c6c, Max: 0xffffffff, ABSOLUTE)

    Execution Region ER_RO (Exec base: 0x00000000, Load base: 0x00000000, Size: 0x00003b44, Max: 0xffffffff, ABSOLUTE)

    Exec Addr    Load Addr    Size         Type   Attr      Idx    E Section Name        Object

    0x00000000   0x00000000   0x000000c0   Data   RO           55    RESET               startup_nuc1xx.o
    0x000000c0   0x000000c0   0x00000000   Code   RO         1653  * .ARM.Collect$$$$00000000  mc_p.l(entry.o)
    0x000000c0   0x000000c0   0x00000004   Code   RO         1926    .ARM.Collect$$$$00000001  mc_p.l(entry2.o)
    0x000000c4   0x000000c4   0x00000004   Code   RO         1929    .ARM.Collect$$$$00000004  mc_p.l(entry5.o)
    0x000000c8   0x000000c8   0x00000000   Code   RO         1931    .ARM.Collect$$$$00000008  mc_p.l(entry7b.o)
    0x000000c8   0x000000c8   0x00000000   Code   RO         1933    .ARM.Collect$$$$0000000A  mc_p.l(entry8b.o)
    0x000000c8   0x000000c8   0x00000008   Code   RO         1934    .ARM.Collect$$$$0000000B  mc_p.l(entry9a.o)
    0x000000d0   0x000000d0   0x00000000   Code   RO         1936    .ARM.Collect$$$$0000000D  mc_p.l(entry10a.o)
    0x000000d0   0x000000d0   0x00000000   Code   RO         1938    .ARM.Collect$$$$0000000F  mc_p.l(entry11a.o)
    0x000000d0   0x000000d0   0x00000004   Code   RO         1927    .ARM.Collect$$$$00002712  mc_p.l(entry2.o)
    0x000000d4   0x000000d4   0x0000004c   Code   RO           56  * .text               startup_nuc1xx.o
    0x00000120   0x00000120   0x0000002c   Code   RO         1661    .text               mc_p.l(uidiv.o)
    0x0000014c   0x0000014c   0x00000024   Code   RO         1953    .text               mc_p.l(init.o)
    0x00000170   0x00000170   0x00000028   Code   RO          633    i.BOD_IRQHandler    sys.o
    0x00000198   0x00000198   0x00000758   Code   RO           83    i.DrvGPIO_InitFunction  gpio.o
    0x000008f0   0x000008f0   0x0000001c   Code   RO         1146    i.DrvSDCARD_GetCardSize  sdcard.o
    0x0000090c   0x0000090c   0x00000088   Code   RO         1148    i.DrvSDCARD_Open    sdcard.o
    0x00000994   0x00000994   0x00000070   Code   RO          314    i.DrvSPI_BurstTransfer  spi.o
    0x00000a04   0x00000a04   0x00000030   Code   RO          320    i.DrvSPI_ClrSS      spi.o
    0x00000a34   0x00000a34   0x0000002c   Code   RO          323    i.DrvSPI_DisableAutoSS  spi.o
    0x00000a60   0x00000a60   0x00000030   Code   RO          326    i.DrvSPI_DumpRxRegister  spi.o
    0x00000a90   0x00000a90   0x00000014   Code   RO          338    i.DrvSPI_IsBusy     spi.o
    0x00000aa4   0x00000aa4   0x000003cc   Code   RO          339    i.DrvSPI_Open       spi.o
    0x00000e70   0x00000e70   0x000000d4   Code   RO          343    i.DrvSPI_SetClockFreq  spi.o
    0x00000f44   0x00000f44   0x0000003c   Code   RO          344    i.DrvSPI_SetEndian  spi.o
    0x00000f80   0x00000f80   0x00000024   Code   RO          347    i.DrvSPI_SetSS      spi.o
    0x00000fa4   0x00000fa4   0x00000024   Code   RO          348    i.DrvSPI_SetSlaveSelectActiveLevel  spi.o
    0x00000fc8   0x00000fc8   0x00000030   Code   RO          351    i.DrvSPI_SetTxRegister  spi.o
    0x00000ff8   0x00000ff8   0x00000040   Code   RO          354    i.DrvSPI_SingleWrite  spi.o
    0x00001038   0x00001038   0x0000002c   Code   RO          636    i.DrvSYS_Delay      sys.o
    0x00001064   0x00001064   0x00000070   Code   RO          652    i.DrvSYS_GetHCLKFreq  sys.o
    0x000010d4   0x000010d4   0x00000078   Code   RO          653    i.DrvSYS_GetPLLClockFreq  sys.o
    0x0000114c   0x0000114c   0x00000078   Code   RO          672    i.DrvSYS_SetIPClock  sys.o
    0x000011c4   0x000011c4   0x00000024   Code   RO           91    i.EINT0_IRQHandler  gpio.o
    0x000011e8   0x000011e8   0x00000024   Code   RO           92    i.EINT1_IRQHandler  gpio.o
    0x0000120c   0x0000120c   0x00000044   Code   RO           93    i.GPAB_IRQHandler   gpio.o
    0x00001250   0x00001250   0x0000004c   Code   RO           94    i.GPCDE_IRQHandler  gpio.o
    0x0000129c   0x0000129c   0x0000003c   Code   RO         1149    i.GenerateCRC       sdcard.o
    0x000012d8   0x000012d8   0x00000604   Code   RO         1151    i.MMC_Command_Exec  sdcard.o
    0x000018dc   0x000018dc   0x0000026c   Code   RO         1152    i.MMC_FLASH_Init    sdcard.o
    0x00001b48   0x00001b48   0x00000028   Code   RO          681    i.PWRWU_IRQHandler  sys.o
    0x00001b70   0x00001b70   0x00000012   Code   RO         1507    i.RoughDelay        diskio.o
    0x00001b82   0x00001b82   0x00000002   PAD
    0x00001b84   0x00001b84   0x00000064   Code   RO          359    i.SPI0_IRQHandler   spi.o
    0x00001be8   0x00001be8   0x00000064   Code   RO          360    i.SPI1_IRQHandler   spi.o
    0x00001c4c   0x00001c4c   0x00000064   Code   RO          361    i.SPI2_IRQHandler   spi.o
    0x00001cb0   0x00001cb0   0x00000064   Code   RO          362    i.SPI3_IRQHandler   spi.o
    0x00001d14   0x00001d14   0x0000000c   Code   RO         1077    i.SendChar          retarget.o
    0x00001d20   0x00001d20   0x00000030   Code   RO         1078    i.SendChar_ToUART   retarget.o
    0x00001d50   0x00001d50   0x00000032   Code   RO         1153    i.SingleWrite       sdcard.o
    0x00001d82   0x00001d82   0x00000002   PAD
    0x00001d84   0x00001d84   0x00000078   Code   RO         1154    i.SpiRead           sdcard.o
    0x00001dfc   0x00001dfc   0x00000078   Code   RO         1155    i.SpiWrite          sdcard.o
    0x00001e74   0x00001e74   0x00000002   Code   RO           18    i.SystemInit        system_nuc1xx.o
    0x00001e76   0x00001e76   0x00000002   PAD
    0x00001e78   0x00001e78   0x0000003c   Code   RO          953    i.UART02_IRQHandler  uart.o
    0x00001eb4   0x00001eb4   0x00000020   Code   RO          954    i.UART1_IRQHandler  uart.o
    0x00001ed4   0x00001ed4   0x00000020   Code   RO         1732    i.__0printf$2       mc_p.l(printf2.o)
    0x00001ef4   0x00001ef4   0x0000001c   Code   RO          290    i.__ARM_common_switch8  gpio.o
    0x00001f10   0x00001f10   0x0000000e   Code   RO         1967    i.__scatterload_copy  mc_p.l(handlers.o)
    0x00001f1e   0x00001f1e   0x00000002   Code   RO         1968    i.__scatterload_null  mc_p.l(handlers.o)
    0x00001f20   0x00001f20   0x0000000e   Code   RO         1969    i.__scatterload_zeroinit  mc_p.l(handlers.o)
    0x00001f2e   0x00001f2e   0x000000d2   Code   RO         1739    i._printf_core      mc_p.l(printf2.o)
    0x00002000   0x00002000   0x000000a0   Code   RO         1221    i.check_fs          ff.o
    0x000020a0   0x000020a0   0x00000016   Code   RO         1222    i.chk_chr           ff.o
    0x000020b6   0x000020b6   0x00000002   PAD
    0x000020b8   0x000020b8   0x00000418   Code   RO         1223    i.chk_mounted       ff.o
    0x000024d0   0x000024d0   0x0000001a   Code   RO         1224    i.clust2sect        ff.o
    0x000024ea   0x000024ea   0x00000002   PAD
    0x000024ec   0x000024ec   0x000000c4   Code   RO         1225    i.create_chain      ff.o
    0x000025b0   0x000025b0   0x00000164   Code   RO         1226    i.create_name       ff.o
    0x00002714   0x00002714   0x00000062   Code   RO         1227    i.dir_find          ff.o
    0x00002776   0x00002776   0x00000120   Code   RO         1228    i.dir_next          ff.o
    0x00002896   0x00002896   0x00000074   Code   RO         1230    i.dir_register      ff.o
    0x0000290a   0x0000290a   0x0000009c   Code   RO         1232    i.dir_sdi           ff.o
    0x000029a6   0x000029a6   0x00000002   PAD
    0x000029a8   0x000029a8   0x00000058   Code   RO         1508    i.disk_initialize   diskio.o
    0x00002a00   0x00002a00   0x0000004e   Code   RO         1509    i.disk_ioctl        diskio.o
    0x00002a4e   0x00002a4e   0x00000038   Code   RO         1510    i.disk_read         diskio.o
    0x00002a86   0x00002a86   0x0000000c   Code   RO         1511    i.disk_status       diskio.o
    0x00002a92   0x00002a92   0x00000038   Code   RO         1512    i.disk_write        diskio.o
    0x00002aca   0x00002aca   0x00000016   Code   RO         1236    i.f_close           ff.o
    0x00002ae0   0x00002ae0   0x0000004c   Code   RO         1238    i.f_gets            ff.o
    0x00002b2c   0x00002b2c   0x00000030   Code   RO         1242    i.f_mount           ff.o
    0x00002b5c   0x00002b5c   0x0000018a   Code   RO         1243    i.f_open            ff.o
    0x00002ce6   0x00002ce6   0x0000023e   Code   RO         1245    i.f_printf          ff.o
    0x00002f24   0x00002f24   0x00000026   Code   RO         1246    i.f_putc            ff.o
    0x00002f4a   0x00002f4a   0x0000002a   Code   RO         1247    i.f_puts            ff.o
    0x00002f74   0x00002f74   0x000001f0   Code   RO         1248    i.f_read            ff.o
    0x00003164   0x00003164   0x000000c4   Code   RO         1252    i.f_sync            ff.o
    0x00003228   0x00003228   0x0000022e   Code   RO         1256    i.f_write           ff.o
    0x00003456   0x00003456   0x000000c6   Code   RO         1257    i.follow_path       ff.o
    0x0000351c   0x0000351c   0x00000010   Code   RO         1082    i.fputc             retarget.o
    0x0000352c   0x0000352c   0x000000e8   Code   RO         1258    i.get_fat           ff.o
    0x00003614   0x00003614   0x00000004   Code   RO         1513    i.get_fattime       diskio.o
    0x00003618   0x00003618   0x00000074   Code   RO         1565    i.main              main.o
    0x0000368c   0x0000368c   0x0000002a   Code   RO         1260    i.mem_cmp           ff.o
    0x000036b6   0x000036b6   0x0000001a   Code   RO         1261    i.mem_cpy           ff.o
    0x000036d0   0x000036d0   0x00000014   Code   RO         1262    i.mem_set           ff.o
    0x000036e4   0x000036e4   0x00000076   Code   RO         1263    i.move_window       ff.o
    0x0000375a   0x0000375a   0x00000146   Code   RO         1264    i.put_fat           ff.o
    0x000038a0   0x000038a0   0x0000006c   Code   RO         1265    i.remove_chain      ff.o
    0x0000390c   0x0000390c   0x0000012c   Code   RO         1266    i.sync              ff.o
    0x00003a38   0x00003a38   0x00000030   Code   RO         1267    i.validate          ff.o
    0x00003a68   0x00003a68   0x00000010   Data   RO          682    .constdata          sys.o
    0x00003a78   0x00003a78   0x000000ac   Data   RO         1268    .constdata          ff.o
    0x00003b24   0x00003b24   0x00000020   Data   RO         1965    Region$$Table       anon$$obj.o


    Execution Region ER_RW (Exec base: 0x20000000, Load base: 0x00003b44, Size: 0x00000128, Max: 0xffffffff, ABSOLUTE)

    Exec Addr    Load Addr    Size         Type   Attr      Idx    E Section Name        Object

    0x20000000   0x00003b44   0x0000001c   Data   RW           19    .data               system_nuc1xx.o
    0x2000001c   0x00003b60   0x00000010   Data   RW           98    .data               gpio.o
    0x2000002c   0x00003b70   0x00000010   Data   RW          364    .data               spi.o
    0x2000003c   0x00003b80   0x00000008   Data   RW          683    .data               sys.o
    0x20000044   0x00003b88   0x0000000c   Data   RW          955    .data               uart.o
    0x20000050   0x00003b94   0x00000008   Data   RW         1084    .data               retarget.o
    0x20000058   0x00003b9c   0x000000c4   Data   RW         1156    .data               sdcard.o
    0x2000011c   0x00003c60   0x00000009   Data   RW         1269    .data               ff.o


    Execution Region ER_ZI (Exec base: 0x20000128, Load base: 0x00003c6c, Size: 0x00000688, Max: 0xffffffff, ABSOLUTE)

    Exec Addr    Load Addr    Size         Type   Attr      Idx    E Section Name        Object

    0x20000128        -       0x00000050   Zero   RW          363    .bss                spi.o
    0x20000178        -       0x00000234   Zero   RW         1566    .bss                main.o
    0x200003ac   0x00003c6c   0x00000004   PAD
    0x200003b0        -       0x00000400   Zero   RW           53    STACK               startup_nuc1xx.o


==============================================================================

Image component sizes


      Code (inc. data)   RO Data    RW Data    ZI Data      Debug   Object Name

         0          0          0          0          0       4540   core_cm0.o
       312         12          0          0          0       5197   diskio.o
      6328         74        172          9          0      34001   ff.o
      2124        120          0         16          0     126638   gpio.o
       116         28          0          0        564       5367   main.o
        76          4          0          8          0       3627   retarget.o
      2674         70          0        196          0       8995   sdcard.o
      2100        112          0         16         80      15754   spi.o
        76         32        192          0       1024        724   startup_nuc1xx.o
       476         60         16          8          0       3729   sys.o
         2          0          0         28          0     118574   system_nuc1xx.o
        92         24          0         12          0       5155   uart.o

    ----------------------------------------------------------------------
     14388        536        412        296       1672     332301   Object Totals
         0          0         32          0          0          0   (incl. Generated)
        12          0          0          3          4          0   (incl. Padding)

    ----------------------------------------------------------------------

      Code (inc. data)   RO Data    RW Data    ZI Data      Debug   Library Member Name

         0          0          0          0          0          0   entry.o
         0          0          0          0          0          0   entry10a.o
         0          0          0          0          0          0   entry11a.o
         8          4          0          0          0          0   entry2.o
         4          0          0          0          0          0   entry5.o
         0          0          0          0          0          0   entry7b.o
         0          0          0          0          0          0   entry8b.o
         8          4          0          0          0          0   entry9a.o
        30          0          0          0          0          0   handlers.o
        36          8          0          0          0         68   init.o
       242          8          0          0          0        168   printf2.o
        44          0          0          0          0         72   uidiv.o

    ----------------------------------------------------------------------
       372         24          0          0          0        308   Library Totals
         0          0          0          0          0          0   (incl. Padding)

    ----------------------------------------------------------------------

      Code (inc. data)   RO Data    RW Data    ZI Data      Debug   Library Name

       372         24          0          0          0        308   mc_p.l

    ----------------------------------------------------------------------
       372         24          0          0          0        308   Library Totals

    ----------------------------------------------------------------------

==============================================================================


      Code (inc. data)   RO Data    RW Data    ZI Data      Debug   

     14760        560        412        296       1672     329329   Grand Totals
     14760        560        412        296       1672     329329   ELF Image Totals
     14760        560        412        296          0          0   ROM Totals

==============================================================================

    Total RO  Size (Code + RO Data)                15172 (  14.82kB)
    Total RW  Size (RW Data + ZI Data)              1968 (   1.92kB)
    Total ROM Size (Code + RO Data + RW Data)      15468 (  15.11kB)

==============================================================================

