Component: ARM Compiler 5.06 update 5 (build 528) Tool: armlink [4d35e2]

==============================================================================

Small function inlining results

Inlined function __aeabi_idiv0 from aeabi_idiv0.o at offset 0x154 in aeabi_sdiv.o(.text).
Inlined Instruction: BX       lr
Inlined function __aeabi_idiv0 from aeabi_idiv0.o at offset 0x154 in aeabi_sdiv_div0.o(.text).
Inlined Instruction: BX       lr
Inlined function _platform_pre_stackheap_init from boardinit1.o at offset 0x0 in __rtentry2.o(.ARM.Collect$$rtentry$$00000001).
Inlined Instruction: BX       lr
Inlined function _fp_init from fpinit.o at offset 0x0 in libinit2.o(.ARM.Collect$$libinit$$00000001).
Inlined Instruction: BX       lr
Inlined function _platform_pre_lib_shutdown from boardshut.o at offset 0x0 in rtexit2.o(.ARM.Collect$$rtexit$$00000001).
Inlined Instruction: BX       lr
Inlined function __ARM_get_argv from no_argv.o at offset 0x2 in argv_veneer.o(.text).
Inlined Instruction: BX       lr
Inlined total of 6 calls.

==============================================================================

Section Cross References

    system_nuc1xx.o(i.SystemCoreClockUpdate) refers to aeabi_sdiv.o(.text) for __aeabi_uidivmod
    system_nuc1xx.o(i.SystemCoreClockUpdate) refers to system_nuc1xx.o(.data) for gau32ClkSrcTbl
    startup_nuc1xx.o(STACK) refers (Special) to heapauxi.o(.text) for __use_two_region_memory
    startup_nuc1xx.o(HEAP) refers (Special) to heapauxi.o(.text) for __use_two_region_memory
    startup_nuc1xx.o(RESET) refers (Special) to heapauxi.o(.text) for __use_two_region_memory
    startup_nuc1xx.o(RESET) refers to startup_nuc1xx.o(STACK) for __initial_sp
    startup_nuc1xx.o(RESET) refers to startup_nuc1xx.o(.text) for Reset_Handler
    startup_nuc1xx.o(RESET) refers to sys.o(i.BOD_IRQHandler) for BOD_IRQHandler
    startup_nuc1xx.o(RESET) refers to gpio.o(i.EINT0_IRQHandler) for EINT0_IRQHandler
    startup_nuc1xx.o(RESET) refers to gpio.o(i.EINT1_IRQHandler) for EINT1_IRQHandler
    startup_nuc1xx.o(RESET) refers to gpio.o(i.GPAB_IRQHandler) for GPAB_IRQHandler
    startup_nuc1xx.o(RESET) refers to gpio.o(i.GPCDE_IRQHandler) for GPCDE_IRQHandler
    startup_nuc1xx.o(RESET) refers to spi.o(i.SPI0_IRQHandler) for SPI0_IRQHandler
    startup_nuc1xx.o(RESET) refers to spi.o(i.SPI1_IRQHandler) for SPI1_IRQHandler
    startup_nuc1xx.o(RESET) refers to spi.o(i.SPI2_IRQHandler) for SPI2_IRQHandler
    startup_nuc1xx.o(RESET) refers to spi.o(i.SPI3_IRQHandler) for SPI3_IRQHandler
    startup_nuc1xx.o(RESET) refers to sys.o(i.PWRWU_IRQHandler) for PWRWU_IRQHandler
    startup_nuc1xx.o(.text) refers (Special) to heapauxi.o(.text) for __use_two_region_memory
    startup_nuc1xx.o(.text) refers to system_nuc1xx.o(i.SystemInit) for SystemInit
    startup_nuc1xx.o(.text) refers to __main.o(!!!main) for __main
    startup_nuc1xx.o(.text) refers to startup_nuc1xx.o(HEAP) for Heap_Mem
    startup_nuc1xx.o(.text) refers to startup_nuc1xx.o(STACK) for Stack_Mem
    main.o(i.main) refers to sys.o(i.DrvSYS_SetOscCtrl) for DrvSYS_SetOscCtrl
    main.o(i.main) refers to sys.o(i.DrvSYS_Delay) for DrvSYS_Delay
    main.o(i.main) refers to sys.o(i.DrvSYS_SelectHCLKSource) for DrvSYS_SelectHCLKSource
    main.o(i.main) refers to tft.o(i.init_LCD) for init_LCD
    main.o(i.main) refers to tft.o(i.clear_LCD) for clear_LCD
    main.o(i.main) refers to tft.o(i.draw_LCD) for draw_LCD
    main.o(i.main) refers to tft.o(i.draw_TFT) for draw_TFT
    main.o(i.main) refers to main.o(.data) for BMP_Logo_Nuvoton
    tft.o(i.clear_LCD) refers to tft.o(i.lcdSetAddr) for lcdSetAddr
    tft.o(i.clear_LCD) refers to tft.o(i.tftWriteData) for tftWriteData
    tft.o(i.draw_Bmp16x16) refers to tft.o(i.draw_Pixel) for draw_Pixel
    tft.o(i.draw_Bmp16x32) refers to tft.o(i.draw_Pixel) for draw_Pixel
    tft.o(i.draw_Bmp16x48) refers to tft.o(i.draw_Pixel) for draw_Pixel
    tft.o(i.draw_Bmp16x64) refers to tft.o(i.draw_Pixel) for draw_Pixel
    tft.o(i.draw_Bmp16x8) refers to tft.o(i.draw_Pixel) for draw_Pixel
    tft.o(i.draw_Bmp32x16) refers to tft.o(i.draw_Pixel) for draw_Pixel
    tft.o(i.draw_Bmp32x32) refers to tft.o(i.draw_Pixel) for draw_Pixel
    tft.o(i.draw_Bmp32x48) refers to tft.o(i.draw_Pixel) for draw_Pixel
    tft.o(i.draw_Bmp32x64) refers to tft.o(i.draw_Pixel) for draw_Pixel
    tft.o(i.draw_Bmp64x64) refers to tft.o(i.draw_Pixel) for draw_Pixel
    tft.o(i.draw_Bmp8x8) refers to tft.o(i.draw_Pixel) for draw_Pixel
    tft.o(i.draw_LCD) refers to tft.o(i.lcdSetAddr) for lcdSetAddr
    tft.o(i.draw_LCD) refers to tft.o(i.tftWriteData) for tftWriteData
    tft.o(i.draw_Pixel) refers to tft.o(i.lcdSetAddr) for lcdSetAddr
    tft.o(i.draw_Pixel) refers to tft.o(i.tftWriteData) for tftWriteData
    tft.o(i.draw_TFT) refers to tft.o(i.lcdSetAddr) for lcdSetAddr
    tft.o(i.draw_TFT) refers to tft.o(i.tftWriteData) for tftWriteData
    tft.o(i.init_LCD) refers to tft.o(i.init_SPI3) for init_SPI3
    tft.o(i.init_LCD) refers to gpio.o(i.DrvGPIO_SetBit) for DrvGPIO_SetBit
    tft.o(i.init_LCD) refers to gpio.o(i.DrvGPIO_ClrBit) for DrvGPIO_ClrBit
    tft.o(i.init_LCD) refers to sys.o(i.DrvSYS_Delay) for DrvSYS_Delay
    tft.o(i.init_LCD) refers to tft.o(i.lcdWriteCommand) for lcdWriteCommand
    tft.o(i.init_LCD) refers to tft.o(i.lcdWriteData) for lcdWriteData
    tft.o(i.init_SPI3) refers to gpio.o(i.DrvGPIO_Open) for DrvGPIO_Open
    tft.o(i.init_SPI3) refers to gpio.o(i.DrvGPIO_ClrBit) for DrvGPIO_ClrBit
    tft.o(i.init_SPI3) refers to gpio.o(i.DrvGPIO_InitFunction) for DrvGPIO_InitFunction
    tft.o(i.init_SPI3) refers to spi.o(i.DrvSPI_Open) for DrvSPI_Open
    tft.o(i.init_SPI3) refers to spi.o(i.DrvSPI_SetEndian) for DrvSPI_SetEndian
    tft.o(i.init_SPI3) refers to spi.o(i.DrvSPI_DisableAutoSS) for DrvSPI_DisableAutoSS
    tft.o(i.init_SPI3) refers to spi.o(i.DrvSPI_SetSlaveSelectActiveLevel) for DrvSPI_SetSlaveSelectActiveLevel
    tft.o(i.init_SPI3) refers to spi.o(i.DrvSPI_SetClockFreq) for DrvSPI_SetClockFreq
    tft.o(i.init_SPI3) refers to spi.o(i.DrvSPI_ClrSS) for DrvSPI_ClrSS
    tft.o(i.lcdSetAddr) refers to tft.o(i.lcdWriteCommand) for lcdWriteCommand
    tft.o(i.lcdSetAddr) refers to tft.o(i.lcdWriteData) for lcdWriteData
    tft.o(i.lcdWriteCommand) refers to gpio.o(i.DrvGPIO_ClrBit) for DrvGPIO_ClrBit
    tft.o(i.lcdWriteCommand) refers to spi.o(i.DrvSPI_SetSS) for DrvSPI_SetSS
    tft.o(i.lcdWriteCommand) refers to spi.o(i.DrvSPI_SingleWrite_byte) for DrvSPI_SingleWrite_byte
    tft.o(i.lcdWriteCommand) refers to spi.o(i.DrvSPI_IsBusy) for DrvSPI_IsBusy
    tft.o(i.lcdWriteCommand) refers to spi.o(i.DrvSPI_ClrSS) for DrvSPI_ClrSS
    tft.o(i.lcdWriteData) refers to gpio.o(i.DrvGPIO_SetBit) for DrvGPIO_SetBit
    tft.o(i.lcdWriteData) refers to spi.o(i.DrvSPI_SetSS) for DrvSPI_SetSS
    tft.o(i.lcdWriteData) refers to spi.o(i.DrvSPI_SingleWrite_byte) for DrvSPI_SingleWrite_byte
    tft.o(i.lcdWriteData) refers to spi.o(i.DrvSPI_IsBusy) for DrvSPI_IsBusy
    tft.o(i.lcdWriteData) refers to spi.o(i.DrvSPI_ClrSS) for DrvSPI_ClrSS
    tft.o(i.printC) refers to tft.o(i.lcdSetAddr) for lcdSetAddr
    tft.o(i.printC) refers to tft.o(i.tftWriteData) for tftWriteData
    tft.o(i.printC) refers to tft.o(.data) for Font8x16
    tft.o(i.printC_TFT) refers to tft.o(i.lcdSetAddr) for lcdSetAddr
    tft.o(i.printC_TFT) refers to tft.o(i.tftWriteData) for tftWriteData
    tft.o(i.printC_TFT) refers to tft.o(.data) for Font8x16
    tft.o(i.printS) refers to tft.o(i.printC) for printC
    tft.o(i.printS) refers to strlen.o(.text) for strlen
    tft.o(i.printS_TFT) refers to tft.o(i.printC_TFT) for printC_TFT
    tft.o(i.printS_TFT) refers to strlen.o(.text) for strlen
    tft.o(i.print_Line) refers to tft.o(i.printC) for printC
    tft.o(i.print_Line) refers to strlen.o(.text) for strlen
    tft.o(i.tftWriteData) refers to tft.o(i.lcdWriteData) for lcdWriteData
    gpio.o(i.DrvGPIO_ClrPortMask) refers to gpio.o(i.DrvGPIO_GetPortMask) for DrvGPIO_GetPortMask
    gpio.o(i.DrvGPIO_DisableEINT0) refers to gpio.o(i.NVIC_DisableIRQ) for NVIC_DisableIRQ
    gpio.o(i.DrvGPIO_DisableEINT1) refers to gpio.o(i.NVIC_DisableIRQ) for NVIC_DisableIRQ
    gpio.o(i.DrvGPIO_DisableInt) refers to gpio.o(i.NVIC_DisableIRQ) for NVIC_DisableIRQ
    gpio.o(i.DrvGPIO_EnableEINT0) refers to gpio.o(i.NVIC_SetPriority) for NVIC_SetPriority
    gpio.o(i.DrvGPIO_EnableEINT0) refers to gpio.o(i.NVIC_EnableIRQ) for NVIC_EnableIRQ
    gpio.o(i.DrvGPIO_EnableEINT0) refers to gpio.o(.data) for _pfEINT0Callback
    gpio.o(i.DrvGPIO_EnableEINT1) refers to gpio.o(i.NVIC_SetPriority) for NVIC_SetPriority
    gpio.o(i.DrvGPIO_EnableEINT1) refers to gpio.o(i.NVIC_EnableIRQ) for NVIC_EnableIRQ
    gpio.o(i.DrvGPIO_EnableEINT1) refers to gpio.o(.data) for _pfEINT1Callback
    gpio.o(i.DrvGPIO_EnableInt) refers to gpio.o(i.NVIC_SetPriority) for NVIC_SetPriority
    gpio.o(i.DrvGPIO_EnableInt) refers to gpio.o(i.NVIC_EnableIRQ) for NVIC_EnableIRQ
    gpio.o(i.DrvGPIO_InitFunction) refers to gpio.o(i.__ARM_common_switch8) for __ARM_common_switch8
    gpio.o(i.DrvGPIO_SetIntCallback) refers to gpio.o(.data) for _pfGPABCallback
    gpio.o(i.DrvGPIO_SetPortMask) refers to gpio.o(i.DrvGPIO_GetPortMask) for DrvGPIO_GetPortMask
    gpio.o(i.EINT0_IRQHandler) refers to gpio.o(.data) for _pfEINT0Callback
    gpio.o(i.EINT1_IRQHandler) refers to gpio.o(.data) for _pfEINT1Callback
    gpio.o(i.GPAB_IRQHandler) refers to gpio.o(.data) for _pfGPABCallback
    gpio.o(i.GPCDE_IRQHandler) refers to gpio.o(.data) for _pfGPCDECallback
    sys.o(i.BOD_IRQHandler) refers to sys.o(.data) for BOD_callbackFn
    sys.o(i.DrvSYS_Delay) refers to system_nuc1xx.o(.data) for CyclesPerUs
    sys.o(i.DrvSYS_GetChipClockSourceStatus) refers to gpio.o(i.__ARM_common_switch8) for __ARM_common_switch8
    sys.o(i.DrvSYS_GetHCLKFreq) refers to sys.o(i.DrvSYS_GetPLLClockFreq) for DrvSYS_GetPLLClockFreq
    sys.o(i.DrvSYS_GetHCLKFreq) refers to aeabi_sdiv.o(.text) for __aeabi_uidivmod
    sys.o(i.DrvSYS_GetPLLClockFreq) refers to aeabi_sdiv.o(.text) for __aeabi_uidivmod
    sys.o(i.DrvSYS_GetPLLClockFreq) refers to sys.o(.constdata) for .constdata
    sys.o(i.DrvSYS_GetPLLContent) refers to aeabi_sdiv.o(.text) for __aeabi_uidivmod
    sys.o(i.DrvSYS_Open) refers to sys.o(i.DrvSYS_IsProtectedRegLocked) for DrvSYS_IsProtectedRegLocked
    sys.o(i.DrvSYS_Open) refers to sys.o(i.DrvSYS_GetPLLContent) for DrvSYS_GetPLLContent
    sys.o(i.DrvSYS_Open) refers to sys.o(i.DrvSYS_SetPLLContent) for DrvSYS_SetPLLContent
    sys.o(i.DrvSYS_Open) refers to sys.o(i.DrvSYS_SelectHCLKSource) for DrvSYS_SelectHCLKSource
    sys.o(i.DrvSYS_SelectHCLKSource) refers to system_nuc1xx.o(i.SystemCoreClockUpdate) for SystemCoreClockUpdate
    sys.o(i.DrvSYS_SelectIPClockSource) refers to gpio.o(i.__ARM_common_switch8) for __ARM_common_switch8
    sys.o(i.DrvSYS_SetBODFunction) refers to sys.o(i.NVIC_DisableIRQ) for NVIC_DisableIRQ
    sys.o(i.DrvSYS_SetBODFunction) refers to sys.o(i.NVIC_SetPriority) for NVIC_SetPriority
    sys.o(i.DrvSYS_SetBODFunction) refers to sys.o(i.NVIC_EnableIRQ) for NVIC_EnableIRQ
    sys.o(i.DrvSYS_SetBODFunction) refers to sys.o(.data) for BOD_callbackFn
    sys.o(i.DrvSYS_SetClockDivider) refers to system_nuc1xx.o(i.SystemCoreClockUpdate) for SystemCoreClockUpdate
    sys.o(i.DrvSYS_SetFreqDividerOutput) refers to sys.o(i.DrvSYS_SetIPClock) for DrvSYS_SetIPClock
    sys.o(i.DrvSYS_SetPowerDownWakeUpInt) refers to sys.o(i.NVIC_SetPriority) for NVIC_SetPriority
    sys.o(i.DrvSYS_SetPowerDownWakeUpInt) refers to sys.o(i.NVIC_EnableIRQ) for NVIC_EnableIRQ
    sys.o(i.DrvSYS_SetPowerDownWakeUpInt) refers to sys.o(i.NVIC_DisableIRQ) for NVIC_DisableIRQ
    sys.o(i.DrvSYS_SetPowerDownWakeUpInt) refers to sys.o(.data) for PWRWU_callbackFn
    sys.o(i.PWRWU_IRQHandler) refers to sys.o(.data) for PWRWU_callbackFn
    spi.o(i.DrvSPI_3WireAbort) refers to spi.o(.data) for SPI_PORT
    spi.o(i.DrvSPI_BurstRead) refers to spi.o(.data) for SPI_PORT
    spi.o(i.DrvSPI_BurstTransfer) refers to spi.o(.data) for SPI_PORT
    spi.o(i.DrvSPI_BurstWrite) refers to spi.o(.data) for SPI_PORT
    spi.o(i.DrvSPI_Close) refers to spi.o(i.NVIC_DisableIRQ) for NVIC_DisableIRQ
    spi.o(i.DrvSPI_Close) refers to spi.o(.bss) for g_sSpiHandler
    spi.o(i.DrvSPI_Close) refers to spi.o(.data) for SPI_PORT
    spi.o(i.DrvSPI_Clr3WireStartIntFlag) refers to spi.o(.data) for SPI_PORT
    spi.o(i.DrvSPI_ClrGo) refers to spi.o(.data) for SPI_PORT
    spi.o(i.DrvSPI_ClrIntFlag) refers to spi.o(.data) for SPI_PORT
    spi.o(i.DrvSPI_ClrSS) refers to spi.o(.data) for SPI_PORT
    spi.o(i.DrvSPI_Disable3Wire) refers to spi.o(.data) for SPI_PORT
    spi.o(i.DrvSPI_Disable3WireStartInt) refers to spi.o(i.NVIC_DisableIRQ) for NVIC_DisableIRQ
    spi.o(i.DrvSPI_Disable3WireStartInt) refers to spi.o(.bss) for g_sSpiHandler
    spi.o(i.DrvSPI_Disable3WireStartInt) refers to spi.o(.data) for SPI_PORT
    spi.o(i.DrvSPI_DisableAutoSS) refers to spi.o(.data) for SPI_PORT
    spi.o(i.DrvSPI_DisableDivOne) refers to spi.o(.data) for SPI_PORT
    spi.o(i.DrvSPI_DisableInt) refers to spi.o(i.NVIC_DisableIRQ) for NVIC_DisableIRQ
    spi.o(i.DrvSPI_DisableInt) refers to spi.o(.bss) for g_sSpiHandler
    spi.o(i.DrvSPI_DisableInt) refers to spi.o(.data) for SPI_PORT
    spi.o(i.DrvSPI_DumpRxRegister) refers to spi.o(.data) for SPI_PORT
    spi.o(i.DrvSPI_Enable3Wire) refers to spi.o(.data) for SPI_PORT
    spi.o(i.DrvSPI_Enable3WireStartInt) refers to spi.o(i.NVIC_SetPriority) for NVIC_SetPriority
    spi.o(i.DrvSPI_Enable3WireStartInt) refers to spi.o(i.NVIC_EnableIRQ) for NVIC_EnableIRQ
    spi.o(i.DrvSPI_Enable3WireStartInt) refers to spi.o(.bss) for g_sSpiHandler
    spi.o(i.DrvSPI_Enable3WireStartInt) refers to spi.o(.data) for SPI_PORT
    spi.o(i.DrvSPI_EnableAutoSS) refers to spi.o(.data) for SPI_PORT
    spi.o(i.DrvSPI_EnableDivOne) refers to spi.o(.data) for SPI_PORT
    spi.o(i.DrvSPI_EnableInt) refers to spi.o(i.NVIC_SetPriority) for NVIC_SetPriority
    spi.o(i.DrvSPI_EnableInt) refers to spi.o(i.NVIC_EnableIRQ) for NVIC_EnableIRQ
    spi.o(i.DrvSPI_EnableInt) refers to spi.o(.bss) for g_sSpiHandler
    spi.o(i.DrvSPI_EnableInt) refers to spi.o(.data) for SPI_PORT
    spi.o(i.DrvSPI_Get3WireStartIntFlag) refers to spi.o(.data) for SPI_PORT
    spi.o(i.DrvSPI_GetClock1Freq) refers to sys.o(i.DrvSYS_GetHCLKFreq) for DrvSYS_GetHCLKFreq
    spi.o(i.DrvSPI_GetClock1Freq) refers to aeabi_sdiv.o(.text) for __aeabi_uidivmod
    spi.o(i.DrvSPI_GetClock1Freq) refers to spi.o(.data) for SPI_PORT
    spi.o(i.DrvSPI_GetClock2Freq) refers to sys.o(i.DrvSYS_GetHCLKFreq) for DrvSYS_GetHCLKFreq
    spi.o(i.DrvSPI_GetClock2Freq) refers to aeabi_sdiv.o(.text) for __aeabi_uidivmod
    spi.o(i.DrvSPI_GetClock2Freq) refers to spi.o(.data) for SPI_PORT
    spi.o(i.DrvSPI_GetIntFlag) refers to spi.o(.data) for SPI_PORT
    spi.o(i.DrvSPI_GetLevelTriggerStatus) refers to spi.o(.data) for SPI_PORT
    spi.o(i.DrvSPI_IsBusy) refers to spi.o(.data) for SPI_PORT
    spi.o(i.DrvSPI_Open) refers to spi.o(.bss) for g_sSpiHandler
    spi.o(i.DrvSPI_Open) refers to spi.o(.data) for SPI_PORT
    spi.o(i.DrvSPI_Set2BitTransferMode) refers to spi.o(.data) for SPI_PORT
    spi.o(i.DrvSPI_SetBitLength) refers to spi.o(.data) for SPI_PORT
    spi.o(i.DrvSPI_SetByteReorder) refers to spi.o(.data) for SPI_PORT
    spi.o(i.DrvSPI_SetClockFreq) refers to sys.o(i.DrvSYS_GetHCLKFreq) for DrvSYS_GetHCLKFreq
    spi.o(i.DrvSPI_SetClockFreq) refers to aeabi_sdiv.o(.text) for __aeabi_uidivmod
    spi.o(i.DrvSPI_SetClockFreq) refers to spi.o(.data) for SPI_PORT
    spi.o(i.DrvSPI_SetEndian) refers to spi.o(.data) for SPI_PORT
    spi.o(i.DrvSPI_SetGo) refers to spi.o(.data) for SPI_PORT
    spi.o(i.DrvSPI_SetPDMA) refers to spi.o(.data) for SPI_PORT
    spi.o(i.DrvSPI_SetSS) refers to spi.o(.data) for SPI_PORT
    spi.o(i.DrvSPI_SetSlaveSelectActiveLevel) refers to spi.o(.data) for SPI_PORT
    spi.o(i.DrvSPI_SetSuspendCycle) refers to spi.o(.data) for SPI_PORT
    spi.o(i.DrvSPI_SetTriggerMode) refers to spi.o(.data) for SPI_PORT
    spi.o(i.DrvSPI_SetTxRegister) refers to spi.o(.data) for SPI_PORT
    spi.o(i.DrvSPI_SetVariableClockFunction) refers to spi.o(.data) for SPI_PORT
    spi.o(i.DrvSPI_SingleRead) refers to spi.o(.data) for SPI_PORT
    spi.o(i.DrvSPI_SingleWrite) refers to spi.o(.data) for SPI_PORT
    spi.o(i.DrvSPI_SingleWrite_byte) refers to spi.o(.data) for SPI_PORT
    spi.o(i.SPI0_IRQHandler) refers to spi.o(.bss) for g_sSpiHandler
    spi.o(i.SPI1_IRQHandler) refers to spi.o(.bss) for g_sSpiHandler
    spi.o(i.SPI2_IRQHandler) refers to spi.o(.bss) for g_sSpiHandler
    spi.o(i.SPI3_IRQHandler) refers to spi.o(.bss) for g_sSpiHandler
    __main.o(!!!main) refers to __rtentry.o(.ARM.Collect$$rtentry$$00000000) for __rt_entry
    __rtentry.o(.ARM.Collect$$rtentry$$00000000) refers (Special) to __rtentry2.o(.ARM.Collect$$rtentry$$0000000A) for __rt_entry_li
    __rtentry.o(.ARM.Collect$$rtentry$$00000000) refers (Special) to __rtentry2.o(.ARM.Collect$$rtentry$$0000000D) for __rt_entry_main
    __rtentry.o(.ARM.Collect$$rtentry$$00000000) refers (Special) to __rtentry2.o(.ARM.Collect$$rtentry$$0000000C) for __rt_entry_postli_1
    __rtentry.o(.ARM.Collect$$rtentry$$00000000) refers (Special) to __rtentry2.o(.ARM.Collect$$rtentry$$00000009) for __rt_entry_postsh_1
    __rtentry.o(.ARM.Collect$$rtentry$$00000000) refers (Special) to __rtentry2.o(.ARM.Collect$$rtentry$$00000002) for __rt_entry_presh_1
    __rtentry.o(.ARM.Collect$$rtentry$$00000000) refers (Special) to __rtentry4.o(.ARM.Collect$$rtentry$$00000004) for __rt_entry_sh
    aeabi_idiv0_sigfpe.o(.text) refers to rt_div0.o(.text) for __rt_div0
    __rtentry2.o(.ARM.Collect$$rtentry$$00000008) refers to boardinit2.o(.text) for _platform_post_stackheap_init
    __rtentry2.o(.ARM.Collect$$rtentry$$0000000A) refers to libinit.o(.ARM.Collect$$libinit$$00000000) for __rt_lib_init
    __rtentry2.o(.ARM.Collect$$rtentry$$0000000B) refers to boardinit3.o(.text) for _platform_post_lib_init
    __rtentry2.o(.ARM.Collect$$rtentry$$0000000D) refers to main.o(i.main) for main
    __rtentry2.o(.ARM.Collect$$rtentry$$0000000D) refers to exit.o(.text) for exit
    __rtentry2.o(.ARM.exidx) refers to __rtentry2.o(.ARM.Collect$$rtentry$$00000001) for .ARM.Collect$$rtentry$$00000001
    __rtentry2.o(.ARM.exidx) refers to __rtentry2.o(.ARM.Collect$$rtentry$$00000008) for .ARM.Collect$$rtentry$$00000008
    __rtentry2.o(.ARM.exidx) refers to __rtentry2.o(.ARM.Collect$$rtentry$$0000000A) for .ARM.Collect$$rtentry$$0000000A
    __rtentry2.o(.ARM.exidx) refers to __rtentry2.o(.ARM.Collect$$rtentry$$0000000B) for .ARM.Collect$$rtentry$$0000000B
    __rtentry2.o(.ARM.exidx) refers to __rtentry2.o(.ARM.Collect$$rtentry$$0000000D) for .ARM.Collect$$rtentry$$0000000D
    __rtentry4.o(.ARM.Collect$$rtentry$$00000004) refers to sys_stackheap_outer.o(.text) for __user_setup_stackheap
    __rtentry4.o(.ARM.exidx) refers to __rtentry4.o(.ARM.Collect$$rtentry$$00000004) for .ARM.Collect$$rtentry$$00000004
    rt_div0.o(.text) refers to defsig_fpe_outer.o(.text) for __rt_SIGFPE
    sys_stackheap_outer.o(.text) refers to libspace.o(.text) for __user_perproc_libspace
    sys_stackheap_outer.o(.text) refers to startup_nuc1xx.o(.text) for __user_initial_stackheap
    sys_stackheap_outer.o(__vectab_stack_and_reset_area) refers to tempstk.o(.text) for __temporary_stack_top
    sys_stackheap_outer.o(__vectab_stack_and_reset_area) refers to __main.o(!!!main) for __main
    exit.o(.text) refers to rtexit.o(.ARM.Collect$$rtexit$$00000000) for __rt_exit
    defsig_fpe_outer.o(.text) refers to defsig_fpe_inner.o(.text) for __rt_SIGFPE_inner
    defsig_fpe_outer.o(.text) refers to defsig_exit.o(.text) for __sig_exit
    defsig_fpe_formal.o(.text) refers to rt_raise.o(.text) for __rt_raise
    libinit.o(.ARM.Collect$$libinit$$00000000) refers (Special) to libinit2.o(.ARM.Collect$$libinit$$0000002E) for __rt_lib_init_alloca_1
    libinit.o(.ARM.Collect$$libinit$$00000000) refers (Special) to libinit2.o(.ARM.Collect$$libinit$$0000002C) for __rt_lib_init_argv_1
    libinit.o(.ARM.Collect$$libinit$$00000000) refers (Special) to libinit2.o(.ARM.Collect$$libinit$$0000001B) for __rt_lib_init_atexit_1
    libinit.o(.ARM.Collect$$libinit$$00000000) refers (Special) to libinit2.o(.ARM.Collect$$libinit$$00000021) for __rt_lib_init_clock_1
    libinit.o(.ARM.Collect$$libinit$$00000000) refers (Special) to libinit2.o(.ARM.Collect$$libinit$$00000032) for __rt_lib_init_cpp_1
    libinit.o(.ARM.Collect$$libinit$$00000000) refers (Special) to libinit2.o(.ARM.Collect$$libinit$$00000030) for __rt_lib_init_exceptions_1
    libinit.o(.ARM.Collect$$libinit$$00000000) refers (Special) to libinit2.o(.ARM.Collect$$libinit$$00000002) for __rt_lib_init_fp_1
    libinit.o(.ARM.Collect$$libinit$$00000000) refers (Special) to libinit2.o(.ARM.Collect$$libinit$$0000001F) for __rt_lib_init_fp_trap_1
    libinit.o(.ARM.Collect$$libinit$$00000000) refers (Special) to libinit2.o(.ARM.Collect$$libinit$$00000023) for __rt_lib_init_getenv_1
    libinit.o(.ARM.Collect$$libinit$$00000000) refers (Special) to libinit2.o(.ARM.Collect$$libinit$$0000000A) for __rt_lib_init_heap_1
    libinit.o(.ARM.Collect$$libinit$$00000000) refers (Special) to libinit2.o(.ARM.Collect$$libinit$$00000011) for __rt_lib_init_lc_collate_1
    libinit.o(.ARM.Collect$$libinit$$00000000) refers (Special) to libinit2.o(.ARM.Collect$$libinit$$00000013) for __rt_lib_init_lc_ctype_1
    libinit.o(.ARM.Collect$$libinit$$00000000) refers (Special) to libinit2.o(.ARM.Collect$$libinit$$00000015) for __rt_lib_init_lc_monetary_1
    libinit.o(.ARM.Collect$$libinit$$00000000) refers (Special) to libinit2.o(.ARM.Collect$$libinit$$00000017) for __rt_lib_init_lc_numeric_1
    libinit.o(.ARM.Collect$$libinit$$00000000) refers (Special) to libinit2.o(.ARM.Collect$$libinit$$00000019) for __rt_lib_init_lc_time_1
    libinit.o(.ARM.Collect$$libinit$$00000000) refers (Special) to libinit2.o(.ARM.Collect$$libinit$$00000004) for __rt_lib_init_preinit_1
    libinit.o(.ARM.Collect$$libinit$$00000000) refers (Special) to libinit2.o(.ARM.Collect$$libinit$$0000000E) for __rt_lib_init_rand_1
    libinit.o(.ARM.Collect$$libinit$$00000000) refers (Special) to libinit2.o(.ARM.Collect$$libinit$$00000033) for __rt_lib_init_return
    libinit.o(.ARM.Collect$$libinit$$00000000) refers (Special) to libinit2.o(.ARM.Collect$$libinit$$0000001D) for __rt_lib_init_signal_1
    libinit.o(.ARM.Collect$$libinit$$00000000) refers (Special) to libinit2.o(.ARM.Collect$$libinit$$00000025) for __rt_lib_init_stdio_1
    libinit.o(.ARM.Collect$$libinit$$00000000) refers (Special) to libinit2.o(.ARM.Collect$$libinit$$0000000C) for __rt_lib_init_user_alloc_1
    libspace.o(.text) refers to libspace.o(.bss) for __libspace_start
    rtexit.o(.ARM.Collect$$rtexit$$00000000) refers (Special) to rtexit2.o(.ARM.Collect$$rtexit$$00000004) for __rt_exit_exit
    rtexit.o(.ARM.Collect$$rtexit$$00000000) refers (Special) to rtexit2.o(.ARM.Collect$$rtexit$$00000003) for __rt_exit_ls
    rtexit.o(.ARM.Collect$$rtexit$$00000000) refers (Special) to rtexit2.o(.ARM.Collect$$rtexit$$00000002) for __rt_exit_prels_1
    rtexit.o(.ARM.exidx) refers (Special) to rtexit2.o(.ARM.Collect$$rtexit$$00000004) for __rt_exit_exit
    rtexit.o(.ARM.exidx) refers (Special) to rtexit2.o(.ARM.Collect$$rtexit$$00000003) for __rt_exit_ls
    rtexit.o(.ARM.exidx) refers (Special) to rtexit2.o(.ARM.Collect$$rtexit$$00000002) for __rt_exit_prels_1
    rtexit.o(.ARM.exidx) refers to rtexit.o(.ARM.Collect$$rtexit$$00000000) for .ARM.Collect$$rtexit$$00000000
    rt_raise.o(.text) refers to __raise.o(.text) for __raise
    rt_raise.o(.text) refers to sys_exit.o(.text) for _sys_exit
    defsig_exit.o(.text) refers to sys_exit.o(.text) for _sys_exit
    defsig_fpe_inner.o(.text) refers to defsig_general.o(.text) for __default_signal_display
    libinit2.o(.ARM.Collect$$libinit$$00000010) refers to libinit2.o(.ARM.Collect$$libinit$$0000000F) for .ARM.Collect$$libinit$$0000000F
    libinit2.o(.ARM.Collect$$libinit$$00000012) refers to libinit2.o(.ARM.Collect$$libinit$$0000000F) for .ARM.Collect$$libinit$$0000000F
    libinit2.o(.ARM.Collect$$libinit$$00000014) refers to libinit2.o(.ARM.Collect$$libinit$$0000000F) for .ARM.Collect$$libinit$$0000000F
    libinit2.o(.ARM.Collect$$libinit$$00000016) refers to libinit2.o(.ARM.Collect$$libinit$$0000000F) for .ARM.Collect$$libinit$$0000000F
    libinit2.o(.ARM.Collect$$libinit$$00000018) refers to libinit2.o(.ARM.Collect$$libinit$$0000000F) for .ARM.Collect$$libinit$$0000000F
    libinit2.o(.ARM.Collect$$libinit$$00000026) refers to argv_veneer.o(.text) for __ARM_argv_veneer
    libinit2.o(.ARM.Collect$$libinit$$00000027) refers to argv_veneer.o(.text) for __ARM_argv_veneer
    sys_exit.o(.text) refers (Special) to use_no_semi.o(.text) for __I$use$semihosting
    sys_exit.o(.text) refers (Special) to indicate_semi.o(.text) for __semihosting_library_function
    rtexit2.o(.ARM.Collect$$rtexit$$00000003) refers to libshutdown.o(.ARM.Collect$$libshutdown$$00000000) for __rt_lib_shutdown
    rtexit2.o(.ARM.Collect$$rtexit$$00000004) refers to sys_exit.o(.text) for _sys_exit
    rtexit2.o(.ARM.exidx) refers to rtexit2.o(.ARM.Collect$$rtexit$$00000001) for .ARM.Collect$$rtexit$$00000001
    rtexit2.o(.ARM.exidx) refers to rtexit2.o(.ARM.Collect$$rtexit$$00000003) for .ARM.Collect$$rtexit$$00000003
    rtexit2.o(.ARM.exidx) refers to rtexit2.o(.ARM.Collect$$rtexit$$00000004) for .ARM.Collect$$rtexit$$00000004
    __raise.o(.text) refers to defsig.o(CL$$defsig) for __default_signal_handler
    defsig_general.o(.text) refers to sys_wrch.o(.text) for _ttywrch
    sys_wrch.o(.text) refers (Special) to use_no_semi.o(.text) for __I$use$semihosting
    sys_wrch.o(.text) refers (Special) to indicate_semi.o(.text) for __semihosting_library_function
    defsig.o(CL$$defsig) refers to defsig_fpe_inner.o(.text) for __rt_SIGFPE_inner
    defsig.o(CL$$defsig) refers to defsig_rtmem_inner.o(.text) for __rt_SIGRTMEM_inner
    _get_argv_nomalloc.o(.text) refers (Special) to hrguard.o(.text) for __heap_region$guard
    _get_argv_nomalloc.o(.text) refers to defsig_rtmem_outer.o(.text) for __rt_SIGRTMEM
    _get_argv_nomalloc.o(.text) refers to sys_command.o(.text) for _sys_command_string
    libshutdown.o(.ARM.Collect$$libshutdown$$00000000) refers (Special) to libshutdown2.o(.ARM.Collect$$libshutdown$$00000002) for __rt_lib_shutdown_cpp_1
    libshutdown.o(.ARM.Collect$$libshutdown$$00000000) refers (Special) to libshutdown2.o(.ARM.Collect$$libshutdown$$00000007) for __rt_lib_shutdown_fp_trap_1
    libshutdown.o(.ARM.Collect$$libshutdown$$00000000) refers (Special) to libshutdown2.o(.ARM.Collect$$libshutdown$$0000000F) for __rt_lib_shutdown_heap_1
    libshutdown.o(.ARM.Collect$$libshutdown$$00000000) refers (Special) to libshutdown2.o(.ARM.Collect$$libshutdown$$00000010) for __rt_lib_shutdown_return
    libshutdown.o(.ARM.Collect$$libshutdown$$00000000) refers (Special) to libshutdown2.o(.ARM.Collect$$libshutdown$$0000000A) for __rt_lib_shutdown_signal_1
    libshutdown.o(.ARM.Collect$$libshutdown$$00000000) refers (Special) to libshutdown2.o(.ARM.Collect$$libshutdown$$00000004) for __rt_lib_shutdown_stdio_1
    libshutdown.o(.ARM.Collect$$libshutdown$$00000000) refers (Special) to libshutdown2.o(.ARM.Collect$$libshutdown$$0000000C) for __rt_lib_shutdown_user_alloc_1
    sys_command.o(.text) refers (Special) to use_no_semi.o(.text) for __I$use$semihosting
    sys_command.o(.text) refers (Special) to indicate_semi.o(.text) for __semihosting_library_function
    defsig_abrt_inner.o(.text) refers to defsig_general.o(.text) for __default_signal_display
    defsig_rtred_inner.o(.text) refers to defsig_general.o(.text) for __default_signal_display
    defsig_rtmem_inner.o(.text) refers to defsig_general.o(.text) for __default_signal_display
    defsig_rtmem_outer.o(.text) refers to defsig_rtmem_inner.o(.text) for __rt_SIGRTMEM_inner
    defsig_rtmem_outer.o(.text) refers to defsig_exit.o(.text) for __sig_exit
    defsig_rtmem_formal.o(.text) refers to rt_raise.o(.text) for __rt_raise
    defsig_stak_inner.o(.text) refers to defsig_general.o(.text) for __default_signal_display
    defsig_pvfn_inner.o(.text) refers to defsig_general.o(.text) for __default_signal_display
    defsig_cppl_inner.o(.text) refers to defsig_general.o(.text) for __default_signal_display
    defsig_segv_inner.o(.text) refers to defsig_general.o(.text) for __default_signal_display
    defsig_other.o(.text) refers to defsig_general.o(.text) for __default_signal_display


==============================================================================

Removing Unused input sections from the image.

    Removing core_cm0.o(.emb_text), (32 bytes).
    Removing tft.o(i.draw_Bmp16x16), (112 bytes).
    Removing tft.o(i.draw_Bmp16x32), (112 bytes).
    Removing tft.o(i.draw_Bmp16x48), (114 bytes).
    Removing tft.o(i.draw_Bmp16x64), (114 bytes).
    Removing tft.o(i.draw_Bmp16x8), (90 bytes).
    Removing tft.o(i.draw_Bmp32x16), (148 bytes).
    Removing tft.o(i.draw_Bmp32x32), (148 bytes).
    Removing tft.o(i.draw_Bmp32x48), (148 bytes).
    Removing tft.o(i.draw_Bmp32x64), (148 bytes).
    Removing tft.o(i.draw_Bmp64x64), (148 bytes).
    Removing tft.o(i.draw_Bmp8x8), (90 bytes).
    Removing tft.o(i.draw_Pixel), (42 bytes).
    Removing tft.o(i.printC), (108 bytes).
    Removing tft.o(i.printC_TFT), (108 bytes).
    Removing tft.o(i.printS), (42 bytes).
    Removing tft.o(i.printS_TFT), (58 bytes).
    Removing tft.o(i.print_Line), (36 bytes).
    Removing tft.o(.data), (2064 bytes).
    Removing gpio.o(i.DrvGPIO_Close), (68 bytes).
    Removing gpio.o(i.DrvGPIO_ClrBitMask), (36 bytes).
    Removing gpio.o(i.DrvGPIO_ClrPortMask), (32 bytes).
    Removing gpio.o(i.DrvGPIO_DisableDebounce), (52 bytes).
    Removing gpio.o(i.DrvGPIO_DisableDigitalInputBit), (40 bytes).
    Removing gpio.o(i.DrvGPIO_DisableEINT0), (36 bytes).
    Removing gpio.o(i.DrvGPIO_DisableEINT1), (36 bytes).
    Removing gpio.o(i.DrvGPIO_DisableInt), (80 bytes).
    Removing gpio.o(i.DrvGPIO_EnableDebounce), (52 bytes).
    Removing gpio.o(i.DrvGPIO_EnableDigitalInputBit), (40 bytes).
    Removing gpio.o(i.DrvGPIO_EnableEINT0), (152 bytes).
    Removing gpio.o(i.DrvGPIO_EnableEINT1), (152 bytes).
    Removing gpio.o(i.DrvGPIO_EnableInt), (240 bytes).
    Removing gpio.o(i.DrvGPIO_GetBit), (44 bytes).
    Removing gpio.o(i.DrvGPIO_GetBitMask), (28 bytes).
    Removing gpio.o(i.DrvGPIO_GetDebounceSampleCycle), (16 bytes).
    Removing gpio.o(i.DrvGPIO_GetDoutBit), (40 bytes).
    Removing gpio.o(i.DrvGPIO_GetIntStatus), (16 bytes).
    Removing gpio.o(i.DrvGPIO_GetPortBits), (16 bytes).
    Removing gpio.o(i.DrvGPIO_GetPortDoutBits), (28 bytes).
    Removing gpio.o(i.DrvGPIO_GetPortMask), (16 bytes).
    Removing gpio.o(i.DrvGPIO_GetVersion), (8 bytes).
    Removing gpio.o(i.DrvGPIO_SetBitMask), (36 bytes).
    Removing gpio.o(i.DrvGPIO_SetDebounceTime), (64 bytes).
    Removing gpio.o(i.DrvGPIO_SetIntCallback), (20 bytes).
    Removing gpio.o(i.DrvGPIO_SetPortBits), (20 bytes).
    Removing gpio.o(i.DrvGPIO_SetPortMask), (32 bytes).
    Removing gpio.o(i.NVIC_DisableIRQ), (20 bytes).
    Removing gpio.o(i.NVIC_EnableIRQ), (20 bytes).
    Removing gpio.o(i.NVIC_SetPriority), (120 bytes).
    Removing sys.o(i.DrvSYS_ClearClockSwitchStatus), (20 bytes).
    Removing sys.o(i.DrvSYS_ClearResetSource), (12 bytes).
    Removing sys.o(i.DrvSYS_DisableBODLowPowerMode), (18 bytes).
    Removing sys.o(i.DrvSYS_DisableHighPerformanceMode), (18 bytes).
    Removing sys.o(i.DrvSYS_DisableLowVoltReset), (18 bytes).
    Removing sys.o(i.DrvSYS_DisablePOR), (12 bytes).
    Removing sys.o(i.DrvSYS_DisableTemperatureSensor), (18 bytes).
    Removing sys.o(i.DrvSYS_EnableBODLowPowerMode), (20 bytes).
    Removing sys.o(i.DrvSYS_EnableHighPerformanceMode), (20 bytes).
    Removing sys.o(i.DrvSYS_EnableLowVoltReset), (20 bytes).
    Removing sys.o(i.DrvSYS_EnablePOR), (10 bytes).
    Removing sys.o(i.DrvSYS_EnableTemperatureSensor), (20 bytes).
    Removing sys.o(i.DrvSYS_EnterPowerDown), (56 bytes).
    Removing sys.o(i.DrvSYS_GetBODState), (12 bytes).
    Removing sys.o(i.DrvSYS_GetChipClockSourceStatus), (88 bytes).
    Removing sys.o(i.DrvSYS_GetClockSwitchStatus), (16 bytes).
    Removing sys.o(i.DrvSYS_GetExtClockFreq), (8 bytes).
    Removing sys.o(i.DrvSYS_GetPLLContent), (196 bytes).
    Removing sys.o(i.DrvSYS_GetResetSource), (8 bytes).
    Removing sys.o(i.DrvSYS_GetVersion), (8 bytes).
    Removing sys.o(i.DrvSYS_IsProtectedRegLocked), (16 bytes).
    Removing sys.o(i.DrvSYS_LockProtectedReg), (36 bytes).
    Removing sys.o(i.DrvSYS_Open), (192 bytes).
    Removing sys.o(i.DrvSYS_ReadProductID), (8 bytes).
    Removing sys.o(i.DrvSYS_ResetCPU), (20 bytes).
    Removing sys.o(i.DrvSYS_ResetChip), (20 bytes).
    Removing sys.o(i.DrvSYS_ResetIP), (110 bytes).
    Removing sys.o(i.DrvSYS_SelectBODVolt), (26 bytes).
    Removing sys.o(i.DrvSYS_SelectIPClockSource), (352 bytes).
    Removing sys.o(i.DrvSYS_SelectPLLSource), (32 bytes).
    Removing sys.o(i.DrvSYS_SelectSysTickSource), (52 bytes).
    Removing sys.o(i.DrvSYS_SetBODFunction), (92 bytes).
    Removing sys.o(i.DrvSYS_SetClockDivider), (136 bytes).
    Removing sys.o(i.DrvSYS_SetFreqDividerOutput), (76 bytes).
    Removing sys.o(i.DrvSYS_SetIPClock), (120 bytes).
    Removing sys.o(i.DrvSYS_SetPLLContent), (76 bytes).
    Removing sys.o(i.DrvSYS_SetPLLMode), (52 bytes).
    Removing sys.o(i.DrvSYS_SetPowerDownWakeUpInt), (108 bytes).
    Removing sys.o(i.DrvSYS_UnlockProtectedReg), (44 bytes).
    Removing sys.o(i.NVIC_DisableIRQ), (20 bytes).
    Removing sys.o(i.NVIC_EnableIRQ), (20 bytes).
    Removing sys.o(i.NVIC_SetPriority), (120 bytes).
    Removing spi.o(i.DrvSPI_3WireAbort), (32 bytes).
    Removing spi.o(i.DrvSPI_BurstRead), (72 bytes).
    Removing spi.o(i.DrvSPI_BurstTransfer), (112 bytes).
    Removing spi.o(i.DrvSPI_BurstWrite), (72 bytes).
    Removing spi.o(i.DrvSPI_Close), (324 bytes).
    Removing spi.o(i.DrvSPI_Clr3WireStartIntFlag), (32 bytes).
    Removing spi.o(i.DrvSPI_ClrGo), (28 bytes).
    Removing spi.o(i.DrvSPI_ClrIntFlag), (32 bytes).
    Removing spi.o(i.DrvSPI_Disable3Wire), (28 bytes).
    Removing spi.o(i.DrvSPI_Disable3WireStartInt), (100 bytes).
    Removing spi.o(i.DrvSPI_DisableDivOne), (28 bytes).
    Removing spi.o(i.DrvSPI_DisableInt), (100 bytes).
    Removing spi.o(i.DrvSPI_DumpRxRegister), (48 bytes).
    Removing spi.o(i.DrvSPI_Enable3Wire), (32 bytes).
    Removing spi.o(i.DrvSPI_Enable3WireStartInt), (140 bytes).
    Removing spi.o(i.DrvSPI_EnableAutoSS), (56 bytes).
    Removing spi.o(i.DrvSPI_EnableDivOne), (28 bytes).
    Removing spi.o(i.DrvSPI_EnableInt), (140 bytes).
    Removing spi.o(i.DrvSPI_Get3WireStartIntFlag), (20 bytes).
    Removing spi.o(i.DrvSPI_GetClock1Freq), (36 bytes).
    Removing spi.o(i.DrvSPI_GetClock2Freq), (36 bytes).
    Removing spi.o(i.DrvSPI_GetIntFlag), (20 bytes).
    Removing spi.o(i.DrvSPI_GetLevelTriggerStatus), (32 bytes).
    Removing spi.o(i.DrvSPI_GetVersion), (8 bytes).
    Removing spi.o(i.DrvSPI_Set2BitTransferMode), (80 bytes).
    Removing spi.o(i.DrvSPI_SetBitLength), (64 bytes).
    Removing spi.o(i.DrvSPI_SetByteReorder), (112 bytes).
    Removing spi.o(i.DrvSPI_SetGo), (28 bytes).
    Removing spi.o(i.DrvSPI_SetPDMA), (112 bytes).
    Removing spi.o(i.DrvSPI_SetSuspendCycle), (88 bytes).
    Removing spi.o(i.DrvSPI_SetTriggerMode), (36 bytes).
    Removing spi.o(i.DrvSPI_SetTxRegister), (48 bytes).
    Removing spi.o(i.DrvSPI_SetVariableClockFunction), (68 bytes).
    Removing spi.o(i.DrvSPI_SingleRead), (64 bytes).
    Removing spi.o(i.DrvSPI_SingleWrite), (64 bytes).
    Removing spi.o(i.NVIC_DisableIRQ), (20 bytes).
    Removing spi.o(i.NVIC_EnableIRQ), (20 bytes).
    Removing spi.o(i.NVIC_SetPriority), (120 bytes).

129 unused section(s) (total 10228 bytes) removed from the image.

==============================================================================

Image Symbol Table

    Local Symbols

    Symbol Name                              Value     Ov Type        Size  Object(Section)

    RESET                                    0x00000000   Section      192  startup_nuc1xx.o(RESET)
    ../clib/angel/boardlib.s                 0x00000000   Number         0  boardinit3.o ABSOLUTE
    ../clib/angel/boardlib.s                 0x00000000   Number         0  boardinit2.o ABSOLUTE
    ../clib/angel/boardlib.s                 0x00000000   Number         0  boardshut.o ABSOLUTE
    ../clib/angel/boardlib.s                 0x00000000   Number         0  boardinit1.o ABSOLUTE
    ../clib/angel/handlers.s                 0x00000000   Number         0  __scatter_copy.o ABSOLUTE
    ../clib/angel/handlers.s                 0x00000000   Number         0  __scatter_zi.o ABSOLUTE
    ../clib/angel/kernel.s                   0x00000000   Number         0  __rtentry2.o ABSOLUTE
    ../clib/angel/kernel.s                   0x00000000   Number         0  rtexit.o ABSOLUTE
    ../clib/angel/kernel.s                   0x00000000   Number         0  rtexit2.o ABSOLUTE
    ../clib/angel/kernel.s                   0x00000000   Number         0  __rtentry4.o ABSOLUTE
    ../clib/angel/kernel.s                   0x00000000   Number         0  __rtentry.o ABSOLUTE
    ../clib/angel/rt.s                       0x00000000   Number         0  rt_raise.o ABSOLUTE
    ../clib/angel/rt.s                       0x00000000   Number         0  aeabi_idiv0.o ABSOLUTE
    ../clib/angel/rt.s                       0x00000000   Number         0  aeabi_idiv0_sigfpe.o ABSOLUTE
    ../clib/angel/rt.s                       0x00000000   Number         0  rt_div0.o ABSOLUTE
    ../clib/angel/scatterp.s                 0x00000000   Number         0  __scatter.o ABSOLUTE
    ../clib/angel/startup.s                  0x00000000   Number         0  __main.o ABSOLUTE
    ../clib/angel/sys.s                      0x00000000   Number         0  sys_stackheap_outer.o ABSOLUTE
    ../clib/angel/sys.s                      0x00000000   Number         0  libspace.o ABSOLUTE
    ../clib/angel/sys.s                      0x00000000   Number         0  indicate_semi.o ABSOLUTE
    ../clib/angel/sys.s                      0x00000000   Number         0  use_no_semi.o ABSOLUTE
    ../clib/angel/sys.s                      0x00000000   Number         0  tempstk.o ABSOLUTE
    ../clib/angel/sysapp.c                   0x00000000   Number         0  sys_command.o ABSOLUTE
    ../clib/angel/sysapp.c                   0x00000000   Number         0  sys_wrch.o ABSOLUTE
    ../clib/angel/sysapp.c                   0x00000000   Number         0  sys_exit.o ABSOLUTE
    ../clib/armsys.c                         0x00000000   Number         0  no_argv.o ABSOLUTE
    ../clib/armsys.c                         0x00000000   Number         0  _get_argv_nomalloc.o ABSOLUTE
    ../clib/armsys.c                         0x00000000   Number         0  argv_veneer.o ABSOLUTE
    ../clib/division.s                       0x00000000   Number         0  aeabi_sdiv.o ABSOLUTE
    ../clib/division.s                       0x00000000   Number         0  aeabi_sdiv_div0.o ABSOLUTE
    ../clib/heapalloc.c                      0x00000000   Number         0  hrguard.o ABSOLUTE
    ../clib/heapaux.c                        0x00000000   Number         0  heapauxi.o ABSOLUTE
    ../clib/libinit.s                        0x00000000   Number         0  libinit.o ABSOLUTE
    ../clib/libinit.s                        0x00000000   Number         0  libshutdown2.o ABSOLUTE
    ../clib/libinit.s                        0x00000000   Number         0  libshutdown.o ABSOLUTE
    ../clib/libinit.s                        0x00000000   Number         0  libinit2.o ABSOLUTE
    ../clib/signal.c                         0x00000000   Number         0  defsig_rtmem_outer.o ABSOLUTE
    ../clib/signal.c                         0x00000000   Number         0  defsig_rtmem_formal.o ABSOLUTE
    ../clib/signal.c                         0x00000000   Number         0  defsig_stak_inner.o ABSOLUTE
    ../clib/signal.c                         0x00000000   Number         0  defsig_pvfn_inner.o ABSOLUTE
    ../clib/signal.c                         0x00000000   Number         0  defsig_cppl_inner.o ABSOLUTE
    ../clib/signal.c                         0x00000000   Number         0  defsig_fpe_inner.o ABSOLUTE
    ../clib/signal.c                         0x00000000   Number         0  defsig_segv_inner.o ABSOLUTE
    ../clib/signal.c                         0x00000000   Number         0  defsig_other.o ABSOLUTE
    ../clib/signal.c                         0x00000000   Number         0  defsig_rtred_inner.o ABSOLUTE
    ../clib/signal.c                         0x00000000   Number         0  defsig_fpe_outer.o ABSOLUTE
    ../clib/signal.c                         0x00000000   Number         0  defsig_fpe_formal.o ABSOLUTE
    ../clib/signal.c                         0x00000000   Number         0  defsig_exit.o ABSOLUTE
    ../clib/signal.c                         0x00000000   Number         0  __raise.o ABSOLUTE
    ../clib/signal.c                         0x00000000   Number         0  defsig_general.o ABSOLUTE
    ../clib/signal.c                         0x00000000   Number         0  defsig_abrt_inner.o ABSOLUTE
    ../clib/signal.c                         0x00000000   Number         0  defsig_rtmem_inner.o ABSOLUTE
    ../clib/signal.s                         0x00000000   Number         0  defsig.o ABSOLUTE
    ../clib/stdlib.c                         0x00000000   Number         0  exit.o ABSOLUTE
    ../clib/string.c                         0x00000000   Number         0  strlen.o ABSOLUTE
    ../fplib/cfplib/fpinit.c                 0x00000000   Number         0  fpinit.o ABSOLUTE
    ..\..\..\..\Library\CMSIS\Include\core_cm0.c 0x00000000   Number         0  core_cm0.o ABSOLUTE
    ..\..\..\..\Library\Device\Nuvoton\NUC1xx\Source\arm\startup_NUC1xx.s 0x00000000   Number         0  startup_nuc1xx.o ABSOLUTE
    ..\..\..\..\Library\Device\Nuvoton\NUC1xx\Source\system_NUC1xx.c 0x00000000   Number         0  system_nuc1xx.o ABSOLUTE
    ..\..\..\..\Library\NUC1xx-LB_002\Source\TFT.c 0x00000000   Number         0  tft.o ABSOLUTE
    ..\..\..\..\Library\NUC1xx\Source\GPIO.c 0x00000000   Number         0  gpio.o ABSOLUTE
    ..\..\..\..\Library\NUC1xx\Source\SPI.c  0x00000000   Number         0  spi.o ABSOLUTE
    ..\..\..\..\Library\NUC1xx\Source\SYS.c  0x00000000   Number         0  sys.o ABSOLUTE
    ..\\..\\..\\..\\Library\\CMSIS\\Include\\core_cm0.c 0x00000000   Number         0  core_cm0.o ABSOLUTE
    ..\main.c                                0x00000000   Number         0  main.o ABSOLUTE
    !!!main                                  0x000000c0   Section        8  __main.o(!!!main)
    !!!scatter                               0x000000c8   Section       60  __scatter.o(!!!scatter)
    !!handler_copy                           0x00000104   Section       26  __scatter_copy.o(!!handler_copy)
    !!handler_zi                             0x00000120   Section       28  __scatter_zi.o(!!handler_zi)
    .ARM.Collect$$libinit$$00000000          0x0000013c   Section        2  libinit.o(.ARM.Collect$$libinit$$00000000)
    .ARM.Collect$$libinit$$00000002          0x0000013e   Section        0  libinit2.o(.ARM.Collect$$libinit$$00000002)
    .ARM.Collect$$libinit$$00000004          0x0000013e   Section        0  libinit2.o(.ARM.Collect$$libinit$$00000004)
    .ARM.Collect$$libinit$$0000000A          0x0000013e   Section        0  libinit2.o(.ARM.Collect$$libinit$$0000000A)
    .ARM.Collect$$libinit$$0000000C          0x0000013e   Section        0  libinit2.o(.ARM.Collect$$libinit$$0000000C)
    .ARM.Collect$$libinit$$0000000E          0x0000013e   Section        0  libinit2.o(.ARM.Collect$$libinit$$0000000E)
    .ARM.Collect$$libinit$$00000011          0x0000013e   Section        0  libinit2.o(.ARM.Collect$$libinit$$00000011)
    .ARM.Collect$$libinit$$00000013          0x0000013e   Section        0  libinit2.o(.ARM.Collect$$libinit$$00000013)
    .ARM.Collect$$libinit$$00000015          0x0000013e   Section        0  libinit2.o(.ARM.Collect$$libinit$$00000015)
    .ARM.Collect$$libinit$$00000017          0x0000013e   Section        0  libinit2.o(.ARM.Collect$$libinit$$00000017)
    .ARM.Collect$$libinit$$00000019          0x0000013e   Section        0  libinit2.o(.ARM.Collect$$libinit$$00000019)
    .ARM.Collect$$libinit$$0000001B          0x0000013e   Section        0  libinit2.o(.ARM.Collect$$libinit$$0000001B)
    .ARM.Collect$$libinit$$0000001D          0x0000013e   Section        0  libinit2.o(.ARM.Collect$$libinit$$0000001D)
    .ARM.Collect$$libinit$$0000001F          0x0000013e   Section        0  libinit2.o(.ARM.Collect$$libinit$$0000001F)
    .ARM.Collect$$libinit$$00000021          0x0000013e   Section        0  libinit2.o(.ARM.Collect$$libinit$$00000021)
    .ARM.Collect$$libinit$$00000023          0x0000013e   Section        0  libinit2.o(.ARM.Collect$$libinit$$00000023)
    .ARM.Collect$$libinit$$00000025          0x0000013e   Section        0  libinit2.o(.ARM.Collect$$libinit$$00000025)
    .ARM.Collect$$libinit$$0000002C          0x0000013e   Section        0  libinit2.o(.ARM.Collect$$libinit$$0000002C)
    .ARM.Collect$$libinit$$0000002E          0x0000013e   Section        0  libinit2.o(.ARM.Collect$$libinit$$0000002E)
    .ARM.Collect$$libinit$$00000030          0x0000013e   Section        0  libinit2.o(.ARM.Collect$$libinit$$00000030)
    .ARM.Collect$$libinit$$00000032          0x0000013e   Section        0  libinit2.o(.ARM.Collect$$libinit$$00000032)
    .ARM.Collect$$libinit$$00000033          0x0000013e   Section        2  libinit2.o(.ARM.Collect$$libinit$$00000033)
    .ARM.Collect$$libshutdown$$00000000      0x00000140   Section        2  libshutdown.o(.ARM.Collect$$libshutdown$$00000000)
    .ARM.Collect$$libshutdown$$00000002      0x00000142   Section        0  libshutdown2.o(.ARM.Collect$$libshutdown$$00000002)
    .ARM.Collect$$libshutdown$$00000004      0x00000142   Section        0  libshutdown2.o(.ARM.Collect$$libshutdown$$00000004)
    .ARM.Collect$$libshutdown$$00000007      0x00000142   Section        0  libshutdown2.o(.ARM.Collect$$libshutdown$$00000007)
    .ARM.Collect$$libshutdown$$0000000A      0x00000142   Section        0  libshutdown2.o(.ARM.Collect$$libshutdown$$0000000A)
    .ARM.Collect$$libshutdown$$0000000C      0x00000142   Section        0  libshutdown2.o(.ARM.Collect$$libshutdown$$0000000C)
    .ARM.Collect$$libshutdown$$0000000F      0x00000142   Section        0  libshutdown2.o(.ARM.Collect$$libshutdown$$0000000F)
    .ARM.Collect$$libshutdown$$00000010      0x00000142   Section        2  libshutdown2.o(.ARM.Collect$$libshutdown$$00000010)
    .ARM.Collect$$rtentry$$00000000          0x00000144   Section        0  __rtentry.o(.ARM.Collect$$rtentry$$00000000)
    .ARM.Collect$$rtentry$$00000002          0x00000144   Section        0  __rtentry2.o(.ARM.Collect$$rtentry$$00000002)
    .ARM.Collect$$rtentry$$00000004          0x00000144   Section        6  __rtentry4.o(.ARM.Collect$$rtentry$$00000004)
    .ARM.Collect$$rtentry$$00000009          0x0000014a   Section        0  __rtentry2.o(.ARM.Collect$$rtentry$$00000009)
    .ARM.Collect$$rtentry$$0000000A          0x0000014a   Section        4  __rtentry2.o(.ARM.Collect$$rtentry$$0000000A)
    .ARM.Collect$$rtentry$$0000000C          0x0000014e   Section        0  __rtentry2.o(.ARM.Collect$$rtentry$$0000000C)
    .ARM.Collect$$rtentry$$0000000D          0x0000014e   Section        8  __rtentry2.o(.ARM.Collect$$rtentry$$0000000D)
    .ARM.Collect$$rtexit$$00000000           0x00000156   Section        2  rtexit.o(.ARM.Collect$$rtexit$$00000000)
    .ARM.Collect$$rtexit$$00000002           0x00000158   Section        0  rtexit2.o(.ARM.Collect$$rtexit$$00000002)
    .ARM.Collect$$rtexit$$00000003           0x00000158   Section        4  rtexit2.o(.ARM.Collect$$rtexit$$00000003)
    .ARM.Collect$$rtexit$$00000004           0x0000015c   Section        6  rtexit2.o(.ARM.Collect$$rtexit$$00000004)
    .text                                    0x00000164   Section      100  startup_nuc1xx.o(.text)
    Default_Handler                          0x0000018f   Thumb Code     2  startup_nuc1xx.o(.text)
    .text                                    0x000001c8   Section      346  aeabi_sdiv.o(.text)
    .text                                    0x00000322   Section        0  heapauxi.o(.text)
    .text                                    0x00000328   Section       62  sys_stackheap_outer.o(.text)
    .text                                    0x00000366   Section        0  exit.o(.text)
    .text                                    0x00000378   Section        8  libspace.o(.text)
    .text                                    0x00000380   Section        0  sys_exit.o(.text)
    .text                                    0x0000038c   Section        2  use_no_semi.o(.text)
    .text                                    0x0000038e   Section        0  indicate_semi.o(.text)
    i.BOD_IRQHandler                         0x00000390   Section        0  sys.o(i.BOD_IRQHandler)
    i.DrvGPIO_ClrBit                         0x000003b8   Section        0  gpio.o(i.DrvGPIO_ClrBit)
    i.DrvGPIO_InitFunction                   0x000003e4   Section        0  gpio.o(i.DrvGPIO_InitFunction)
    i.DrvGPIO_Open                           0x00000b3c   Section        0  gpio.o(i.DrvGPIO_Open)
    i.DrvGPIO_SetBit                         0x00000bc4   Section        0  gpio.o(i.DrvGPIO_SetBit)
    i.DrvSPI_ClrSS                           0x00000bf0   Section        0  spi.o(i.DrvSPI_ClrSS)
    i.DrvSPI_DisableAutoSS                   0x00000c20   Section        0  spi.o(i.DrvSPI_DisableAutoSS)
    i.DrvSPI_IsBusy                          0x00000c4c   Section        0  spi.o(i.DrvSPI_IsBusy)
    i.DrvSPI_Open                            0x00000c60   Section        0  spi.o(i.DrvSPI_Open)
    i.DrvSPI_SetClockFreq                    0x0000102c   Section        0  spi.o(i.DrvSPI_SetClockFreq)
    i.DrvSPI_SetEndian                       0x00001100   Section        0  spi.o(i.DrvSPI_SetEndian)
    i.DrvSPI_SetSS                           0x0000113c   Section        0  spi.o(i.DrvSPI_SetSS)
    i.DrvSPI_SetSlaveSelectActiveLevel       0x00001160   Section        0  spi.o(i.DrvSPI_SetSlaveSelectActiveLevel)
    i.DrvSPI_SingleWrite_byte                0x00001184   Section        0  spi.o(i.DrvSPI_SingleWrite_byte)
    i.DrvSYS_Delay                           0x000011c0   Section        0  sys.o(i.DrvSYS_Delay)
    i.DrvSYS_GetHCLKFreq                     0x000011ec   Section        0  sys.o(i.DrvSYS_GetHCLKFreq)
    i.DrvSYS_GetPLLClockFreq                 0x0000125c   Section        0  sys.o(i.DrvSYS_GetPLLClockFreq)
    i.DrvSYS_SelectHCLKSource                0x000012d4   Section        0  sys.o(i.DrvSYS_SelectHCLKSource)
    i.DrvSYS_SetOscCtrl                      0x0000130c   Section        0  sys.o(i.DrvSYS_SetOscCtrl)
    i.EINT0_IRQHandler                       0x0000138c   Section        0  gpio.o(i.EINT0_IRQHandler)
    i.EINT1_IRQHandler                       0x000013b0   Section        0  gpio.o(i.EINT1_IRQHandler)
    i.GPAB_IRQHandler                        0x000013d4   Section        0  gpio.o(i.GPAB_IRQHandler)
    i.GPCDE_IRQHandler                       0x00001418   Section        0  gpio.o(i.GPCDE_IRQHandler)
    i.PWRWU_IRQHandler                       0x00001464   Section        0  sys.o(i.PWRWU_IRQHandler)
    i.SPI0_IRQHandler                        0x0000148c   Section        0  spi.o(i.SPI0_IRQHandler)
    i.SPI1_IRQHandler                        0x000014f0   Section        0  spi.o(i.SPI1_IRQHandler)
    i.SPI2_IRQHandler                        0x00001554   Section        0  spi.o(i.SPI2_IRQHandler)
    i.SPI3_IRQHandler                        0x000015b8   Section        0  spi.o(i.SPI3_IRQHandler)
    i.SystemCoreClockUpdate                  0x0000161c   Section        0  system_nuc1xx.o(i.SystemCoreClockUpdate)
    i.SystemInit                             0x000016bc   Section        0  system_nuc1xx.o(i.SystemInit)
    i.__ARM_common_switch8                   0x000016be   Section        0  gpio.o(i.__ARM_common_switch8)
    i.clear_LCD                              0x000016da   Section        0  tft.o(i.clear_LCD)
    i.draw_LCD                               0x00001710   Section        0  tft.o(i.draw_LCD)
    i.draw_TFT                               0x00001770   Section        0  tft.o(i.draw_TFT)
    i.init_LCD                               0x000017cc   Section        0  tft.o(i.init_LCD)
    i.init_SPI3                              0x00001928   Section        0  tft.o(i.init_SPI3)
    i.lcdSetAddr                             0x0000199c   Section        0  tft.o(i.lcdSetAddr)
    i.lcdWriteCommand                        0x000019f2   Section        0  tft.o(i.lcdWriteCommand)
    i.lcdWriteData                           0x00001a24   Section        0  tft.o(i.lcdWriteData)
    i.main                                   0x00001a58   Section        0  main.o(i.main)
    i.tftWriteData                           0x00001ae0   Section        0  tft.o(i.tftWriteData)
    .constdata                               0x00001af4   Section       16  sys.o(.constdata)
    .data                                    0x20000000   Section       28  system_nuc1xx.o(.data)
    .data                                    0x2000001c   Section    11648  main.o(.data)
    .data                                    0x20002d9c   Section       16  gpio.o(.data)
    _pfGPABCallback                          0x20002d9c   Data           4  gpio.o(.data)
    _pfGPCDECallback                         0x20002da0   Data           4  gpio.o(.data)
    _pfEINT0Callback                         0x20002da4   Data           4  gpio.o(.data)
    _pfEINT1Callback                         0x20002da8   Data           4  gpio.o(.data)
    .data                                    0x20002dac   Section        8  sys.o(.data)
    BOD_callbackFn                           0x20002dac   Data           4  sys.o(.data)
    PWRWU_callbackFn                         0x20002db0   Data           4  sys.o(.data)
    .data                                    0x20002db4   Section       16  spi.o(.data)
    SPI_PORT                                 0x20002db4   Data          16  spi.o(.data)
    .bss                                     0x20002dc4   Section       80  spi.o(.bss)
    g_sSpiHandler                            0x20002dc4   Data          80  spi.o(.bss)
    .bss                                     0x20002e14   Section       96  libspace.o(.bss)
    HEAP                                     0x20002e78   Section        0  startup_nuc1xx.o(HEAP)
    STACK                                    0x20002e78   Section     1024  startup_nuc1xx.o(STACK)
    Heap_Mem                                 0x20002e78   Data           0  startup_nuc1xx.o(HEAP)
    Stack_Mem                                0x20002e78   Data        1024  startup_nuc1xx.o(STACK)
    __initial_sp                             0x20003278   Data           0  startup_nuc1xx.o(STACK)

    Global Symbols

    Symbol Name                              Value     Ov Type        Size  Object(Section)

    BuildAttributes$$THM_ISAv3M$S$PE$A:L22$X:L11$S22$IEEE1$IW$USESV6$~STKCKD$USESV7$~SHL$OSPACE$ROPI$EBA8$UX$STANDARDLIB$REQ8$PRES8$EABIv2 0x00000000   Number         0  anon$$obj.o ABSOLUTE
    __ARM_use_no_argv                        0x00000000   Number         0  main.o ABSOLUTE
    __Vectors                                0x00000000   Data           4  startup_nuc1xx.o(RESET)
    __ARM_exceptions_init                     - Undefined Weak Reference
    __alloca_initialize                       - Undefined Weak Reference
    __arm_preinit_                            - Undefined Weak Reference
    __cpp_initialize__aeabi_                  - Undefined Weak Reference
    __cxa_finalize                            - Undefined Weak Reference
    __rt_locale                               - Undefined Weak Reference
    __sigvec_lookup                           - Undefined Weak Reference
    _atexit_init                              - Undefined Weak Reference
    _call_atexit_fns                          - Undefined Weak Reference
    _clock_init                               - Undefined Weak Reference
    _fp_trap_init                             - Undefined Weak Reference
    _fp_trap_shutdown                         - Undefined Weak Reference
    _get_lc_collate                           - Undefined Weak Reference
    _get_lc_ctype                             - Undefined Weak Reference
    _get_lc_monetary                          - Undefined Weak Reference
    _get_lc_numeric                           - Undefined Weak Reference
    _get_lc_time                              - Undefined Weak Reference
    _getenv_init                              - Undefined Weak Reference
    _handle_redirection                       - Undefined Weak Reference
    _init_alloc                               - Undefined Weak Reference
    _init_user_alloc                          - Undefined Weak Reference
    _initio                                   - Undefined Weak Reference
    _rand_init                                - Undefined Weak Reference
    _signal_finish                            - Undefined Weak Reference
    _signal_init                              - Undefined Weak Reference
    _terminate_alloc                          - Undefined Weak Reference
    _terminate_user_alloc                     - Undefined Weak Reference
    _terminateio                              - Undefined Weak Reference
    __main                                   0x000000c1   Thumb Code     8  __main.o(!!!main)
    __scatterload                            0x000000c9   Thumb Code     0  __scatter.o(!!!scatter)
    __scatterload_rt2                        0x000000c9   Thumb Code    52  __scatter.o(!!!scatter)
    __scatterload_rt2_thumb_only             0x000000c9   Thumb Code     0  __scatter.o(!!!scatter)
    __scatterload_null                       0x000000d9   Thumb Code     0  __scatter.o(!!!scatter)
    __scatterload_copy                       0x00000105   Thumb Code    26  __scatter_copy.o(!!handler_copy)
    __scatterload_zeroinit                   0x00000121   Thumb Code    28  __scatter_zi.o(!!handler_zi)
    __rt_lib_init                            0x0000013d   Thumb Code     0  libinit.o(.ARM.Collect$$libinit$$00000000)
    __rt_lib_init_alloca_1                   0x0000013f   Thumb Code     0  libinit2.o(.ARM.Collect$$libinit$$0000002E)
    __rt_lib_init_argv_1                     0x0000013f   Thumb Code     0  libinit2.o(.ARM.Collect$$libinit$$0000002C)
    __rt_lib_init_atexit_1                   0x0000013f   Thumb Code     0  libinit2.o(.ARM.Collect$$libinit$$0000001B)
    __rt_lib_init_clock_1                    0x0000013f   Thumb Code     0  libinit2.o(.ARM.Collect$$libinit$$00000021)
    __rt_lib_init_cpp_1                      0x0000013f   Thumb Code     0  libinit2.o(.ARM.Collect$$libinit$$00000032)
    __rt_lib_init_exceptions_1               0x0000013f   Thumb Code     0  libinit2.o(.ARM.Collect$$libinit$$00000030)
    __rt_lib_init_fp_1                       0x0000013f   Thumb Code     0  libinit2.o(.ARM.Collect$$libinit$$00000002)
    __rt_lib_init_fp_trap_1                  0x0000013f   Thumb Code     0  libinit2.o(.ARM.Collect$$libinit$$0000001F)
    __rt_lib_init_getenv_1                   0x0000013f   Thumb Code     0  libinit2.o(.ARM.Collect$$libinit$$00000023)
    __rt_lib_init_heap_1                     0x0000013f   Thumb Code     0  libinit2.o(.ARM.Collect$$libinit$$0000000A)
    __rt_lib_init_lc_collate_1               0x0000013f   Thumb Code     0  libinit2.o(.ARM.Collect$$libinit$$00000011)
    __rt_lib_init_lc_ctype_1                 0x0000013f   Thumb Code     0  libinit2.o(.ARM.Collect$$libinit$$00000013)
    __rt_lib_init_lc_monetary_1              0x0000013f   Thumb Code     0  libinit2.o(.ARM.Collect$$libinit$$00000015)
    __rt_lib_init_lc_numeric_1               0x0000013f   Thumb Code     0  libinit2.o(.ARM.Collect$$libinit$$00000017)
    __rt_lib_init_lc_time_1                  0x0000013f   Thumb Code     0  libinit2.o(.ARM.Collect$$libinit$$00000019)
    __rt_lib_init_preinit_1                  0x0000013f   Thumb Code     0  libinit2.o(.ARM.Collect$$libinit$$00000004)
    __rt_lib_init_rand_1                     0x0000013f   Thumb Code     0  libinit2.o(.ARM.Collect$$libinit$$0000000E)
    __rt_lib_init_return                     0x0000013f   Thumb Code     0  libinit2.o(.ARM.Collect$$libinit$$00000033)
    __rt_lib_init_signal_1                   0x0000013f   Thumb Code     0  libinit2.o(.ARM.Collect$$libinit$$0000001D)
    __rt_lib_init_stdio_1                    0x0000013f   Thumb Code     0  libinit2.o(.ARM.Collect$$libinit$$00000025)
    __rt_lib_init_user_alloc_1               0x0000013f   Thumb Code     0  libinit2.o(.ARM.Collect$$libinit$$0000000C)
    __rt_lib_shutdown                        0x00000141   Thumb Code     0  libshutdown.o(.ARM.Collect$$libshutdown$$00000000)
    __rt_lib_shutdown_cpp_1                  0x00000143   Thumb Code     0  libshutdown2.o(.ARM.Collect$$libshutdown$$00000002)
    __rt_lib_shutdown_fp_trap_1              0x00000143   Thumb Code     0  libshutdown2.o(.ARM.Collect$$libshutdown$$00000007)
    __rt_lib_shutdown_heap_1                 0x00000143   Thumb Code     0  libshutdown2.o(.ARM.Collect$$libshutdown$$0000000F)
    __rt_lib_shutdown_return                 0x00000143   Thumb Code     0  libshutdown2.o(.ARM.Collect$$libshutdown$$00000010)
    __rt_lib_shutdown_signal_1               0x00000143   Thumb Code     0  libshutdown2.o(.ARM.Collect$$libshutdown$$0000000A)
    __rt_lib_shutdown_stdio_1                0x00000143   Thumb Code     0  libshutdown2.o(.ARM.Collect$$libshutdown$$00000004)
    __rt_lib_shutdown_user_alloc_1           0x00000143   Thumb Code     0  libshutdown2.o(.ARM.Collect$$libshutdown$$0000000C)
    __rt_entry                               0x00000145   Thumb Code     0  __rtentry.o(.ARM.Collect$$rtentry$$00000000)
    __rt_entry_presh_1                       0x00000145   Thumb Code     0  __rtentry2.o(.ARM.Collect$$rtentry$$00000002)
    __rt_entry_sh                            0x00000145   Thumb Code     0  __rtentry4.o(.ARM.Collect$$rtentry$$00000004)
    __rt_entry_li                            0x0000014b   Thumb Code     0  __rtentry2.o(.ARM.Collect$$rtentry$$0000000A)
    __rt_entry_postsh_1                      0x0000014b   Thumb Code     0  __rtentry2.o(.ARM.Collect$$rtentry$$00000009)
    __rt_entry_main                          0x0000014f   Thumb Code     0  __rtentry2.o(.ARM.Collect$$rtentry$$0000000D)
    __rt_entry_postli_1                      0x0000014f   Thumb Code     0  __rtentry2.o(.ARM.Collect$$rtentry$$0000000C)
    __rt_exit                                0x00000157   Thumb Code     0  rtexit.o(.ARM.Collect$$rtexit$$00000000)
    __rt_exit_ls                             0x00000159   Thumb Code     0  rtexit2.o(.ARM.Collect$$rtexit$$00000003)
    __rt_exit_prels_1                        0x00000159   Thumb Code     0  rtexit2.o(.ARM.Collect$$rtexit$$00000002)
    __rt_exit_exit                           0x0000015d   Thumb Code     0  rtexit2.o(.ARM.Collect$$rtexit$$00000004)
    Reset_Handler                            0x00000165   Thumb Code    32  startup_nuc1xx.o(.text)
    NMI_Handler                              0x00000185   Thumb Code     2  startup_nuc1xx.o(.text)
    HardFault_Handler                        0x00000187   Thumb Code     2  startup_nuc1xx.o(.text)
    SVC_Handler                              0x00000189   Thumb Code     2  startup_nuc1xx.o(.text)
    PendSV_Handler                           0x0000018b   Thumb Code     2  startup_nuc1xx.o(.text)
    SysTick_Handler                          0x0000018d   Thumb Code     2  startup_nuc1xx.o(.text)
    ACMP_IRQHandler                          0x0000018f   Thumb Code     0  startup_nuc1xx.o(.text)
    ADC_IRQHandler                           0x0000018f   Thumb Code     0  startup_nuc1xx.o(.text)
    CAN0_IRQHandler                          0x0000018f   Thumb Code     0  startup_nuc1xx.o(.text)
    I2C0_IRQHandler                          0x0000018f   Thumb Code     0  startup_nuc1xx.o(.text)
    I2C1_IRQHandler                          0x0000018f   Thumb Code     0  startup_nuc1xx.o(.text)
    I2S_IRQHandler                           0x0000018f   Thumb Code     0  startup_nuc1xx.o(.text)
    PDMA_IRQHandler                          0x0000018f   Thumb Code     0  startup_nuc1xx.o(.text)
    PS2_IRQHandler                           0x0000018f   Thumb Code     0  startup_nuc1xx.o(.text)
    PWMA_IRQHandler                          0x0000018f   Thumb Code     0  startup_nuc1xx.o(.text)
    PWMB_IRQHandler                          0x0000018f   Thumb Code     0  startup_nuc1xx.o(.text)
    RTC_IRQHandler                           0x0000018f   Thumb Code     0  startup_nuc1xx.o(.text)
    TMR0_IRQHandler                          0x0000018f   Thumb Code     0  startup_nuc1xx.o(.text)
    TMR1_IRQHandler                          0x0000018f   Thumb Code     0  startup_nuc1xx.o(.text)
    TMR2_IRQHandler                          0x0000018f   Thumb Code     0  startup_nuc1xx.o(.text)
    TMR3_IRQHandler                          0x0000018f   Thumb Code     0  startup_nuc1xx.o(.text)
    UART02_IRQHandler                        0x0000018f   Thumb Code     0  startup_nuc1xx.o(.text)
    UART1_IRQHandler                         0x0000018f   Thumb Code     0  startup_nuc1xx.o(.text)
    USBD_IRQHandler                          0x0000018f   Thumb Code     0  startup_nuc1xx.o(.text)
    WDT_IRQHandler                           0x0000018f   Thumb Code     0  startup_nuc1xx.o(.text)
    __user_initial_stackheap                 0x00000191   Thumb Code     0  startup_nuc1xx.o(.text)
    __aeabi_uidiv                            0x000001c9   Thumb Code     0  aeabi_sdiv.o(.text)
    __aeabi_uidivmod                         0x000001c9   Thumb Code    20  aeabi_sdiv.o(.text)
    __aeabi_idiv                             0x000001dd   Thumb Code     0  aeabi_sdiv.o(.text)
    __aeabi_idivmod                          0x000001dd   Thumb Code   326  aeabi_sdiv.o(.text)
    __use_two_region_memory                  0x00000323   Thumb Code     2  heapauxi.o(.text)
    __rt_heap_escrow$2region                 0x00000325   Thumb Code     2  heapauxi.o(.text)
    __rt_heap_expand$2region                 0x00000327   Thumb Code     2  heapauxi.o(.text)
    __user_setup_stackheap                   0x00000329   Thumb Code    62  sys_stackheap_outer.o(.text)
    exit                                     0x00000367   Thumb Code    16  exit.o(.text)
    __user_libspace                          0x00000379   Thumb Code     8  libspace.o(.text)
    __user_perproc_libspace                  0x00000379   Thumb Code     0  libspace.o(.text)
    __user_perthread_libspace                0x00000379   Thumb Code     0  libspace.o(.text)
    _sys_exit                                0x00000381   Thumb Code     8  sys_exit.o(.text)
    __I$use$semihosting                      0x0000038d   Thumb Code     0  use_no_semi.o(.text)
    __use_no_semihosting_swi                 0x0000038d   Thumb Code     2  use_no_semi.o(.text)
    __semihosting_library_function           0x0000038f   Thumb Code     0  indicate_semi.o(.text)
    BOD_IRQHandler                           0x00000391   Thumb Code    36  sys.o(i.BOD_IRQHandler)
    DrvGPIO_ClrBit                           0x000003b9   Thumb Code    36  gpio.o(i.DrvGPIO_ClrBit)
    DrvGPIO_InitFunction                     0x000003e5   Thumb Code  1864  gpio.o(i.DrvGPIO_InitFunction)
    DrvGPIO_Open                             0x00000b3d   Thumb Code   126  gpio.o(i.DrvGPIO_Open)
    DrvGPIO_SetBit                           0x00000bc5   Thumb Code    36  gpio.o(i.DrvGPIO_SetBit)
    DrvSPI_ClrSS                             0x00000bf1   Thumb Code    44  spi.o(i.DrvSPI_ClrSS)
    DrvSPI_DisableAutoSS                     0x00000c21   Thumb Code    40  spi.o(i.DrvSPI_DisableAutoSS)
    DrvSPI_IsBusy                            0x00000c4d   Thumb Code    16  spi.o(i.DrvSPI_IsBusy)
    DrvSPI_Open                              0x00000c61   Thumb Code   956  spi.o(i.DrvSPI_Open)
    DrvSPI_SetClockFreq                      0x0000102d   Thumb Code   202  spi.o(i.DrvSPI_SetClockFreq)
    DrvSPI_SetEndian                         0x00001101   Thumb Code    56  spi.o(i.DrvSPI_SetEndian)
    DrvSPI_SetSS                             0x0000113d   Thumb Code    30  spi.o(i.DrvSPI_SetSS)
    DrvSPI_SetSlaveSelectActiveLevel         0x00001161   Thumb Code    32  spi.o(i.DrvSPI_SetSlaveSelectActiveLevel)
    DrvSPI_SingleWrite_byte                  0x00001185   Thumb Code    56  spi.o(i.DrvSPI_SingleWrite_byte)
    DrvSYS_Delay                             0x000011c1   Thumb Code    36  sys.o(i.DrvSYS_Delay)
    DrvSYS_GetHCLKFreq                       0x000011ed   Thumb Code    94  sys.o(i.DrvSYS_GetHCLKFreq)
    DrvSYS_GetPLLClockFreq                   0x0000125d   Thumb Code   104  sys.o(i.DrvSYS_GetPLLClockFreq)
    DrvSYS_SelectHCLKSource                  0x000012d5   Thumb Code    46  sys.o(i.DrvSYS_SelectHCLKSource)
    DrvSYS_SetOscCtrl                        0x0000130d   Thumb Code   118  sys.o(i.DrvSYS_SetOscCtrl)
    EINT0_IRQHandler                         0x0000138d   Thumb Code    26  gpio.o(i.EINT0_IRQHandler)
    EINT1_IRQHandler                         0x000013b1   Thumb Code    26  gpio.o(i.EINT1_IRQHandler)
    GPAB_IRQHandler                          0x000013d5   Thumb Code    60  gpio.o(i.GPAB_IRQHandler)
    GPCDE_IRQHandler                         0x00001419   Thumb Code    68  gpio.o(i.GPCDE_IRQHandler)
    PWRWU_IRQHandler                         0x00001465   Thumb Code    32  sys.o(i.PWRWU_IRQHandler)
    SPI0_IRQHandler                          0x0000148d   Thumb Code    92  spi.o(i.SPI0_IRQHandler)
    SPI1_IRQHandler                          0x000014f1   Thumb Code    92  spi.o(i.SPI1_IRQHandler)
    SPI2_IRQHandler                          0x00001555   Thumb Code    92  spi.o(i.SPI2_IRQHandler)
    SPI3_IRQHandler                          0x000015b9   Thumb Code    92  spi.o(i.SPI3_IRQHandler)
    SystemCoreClockUpdate                    0x0000161d   Thumb Code   132  system_nuc1xx.o(i.SystemCoreClockUpdate)
    SystemInit                               0x000016bd   Thumb Code     2  system_nuc1xx.o(i.SystemInit)
    __ARM_common_switch8                     0x000016bf   Thumb Code    28  gpio.o(i.__ARM_common_switch8)
    clear_LCD                                0x000016db   Thumb Code    52  tft.o(i.clear_LCD)
    draw_LCD                                 0x00001711   Thumb Code    92  tft.o(i.draw_LCD)
    draw_TFT                                 0x00001771   Thumb Code    92  tft.o(i.draw_TFT)
    init_LCD                                 0x000017cd   Thumb Code   340  tft.o(i.init_LCD)
    init_SPI3                                0x00001929   Thumb Code   110  tft.o(i.init_SPI3)
    lcdSetAddr                               0x0000199d   Thumb Code    86  tft.o(i.lcdSetAddr)
    lcdWriteCommand                          0x000019f3   Thumb Code    50  tft.o(i.lcdWriteCommand)
    lcdWriteData                             0x00001a25   Thumb Code    50  tft.o(i.lcdWriteData)
    main                                     0x00001a59   Thumb Code   104  main.o(i.main)
    tftWriteData                             0x00001ae1   Thumb Code    18  tft.o(i.tftWriteData)
    Region$$Table$$Base                      0x00001b04   Number         0  anon$$obj.o(Region$$Table)
    Region$$Table$$Limit                     0x00001b24   Number         0  anon$$obj.o(Region$$Table)
    SystemCoreClock                          0x20000000   Data           4  system_nuc1xx.o(.data)
    CyclesPerUs                              0x20000004   Data           4  system_nuc1xx.o(.data)
    gau32ClkSrcTbl                           0x20000008   Data          20  system_nuc1xx.o(.data)
    BMP_Logo_Nuvoton                         0x2000001c   Data        1024  main.o(.data)
    BMP_Logo_University                      0x2000041c   Data        1024  main.o(.data)
    BMP_Logo_TFT                             0x2000081c   Data        9600  main.o(.data)
    __libspace_start                         0x20002e14   Data          96  libspace.o(.bss)
    __temporary_stack_top$libspace           0x20002e74   Data           0  libspace.o(.bss)



==============================================================================

Memory Map of the image

  Image Entry point : 0x00000165

  Load Region LR_1 (Base: 0x00000000, Size: 0x000048e8, Max: 0xffffffff, ABSOLUTE)

    Execution Region ER_RO (Exec base: 0x00000000, Load base: 0x00000000, Size: 0x00001b24, Max: 0xffffffff, ABSOLUTE)

    Exec Addr    Load Addr    Size         Type   Attr      Idx    E Section Name        Object

    0x00000000   0x00000000   0x000000c0   Data   RO           55    RESET               startup_nuc1xx.o
    0x000000c0   0x000000c0   0x00000008   Code   RO         1133  * !!!main             c_p.l(__main.o)
    0x000000c8   0x000000c8   0x0000003c   Code   RO         1302    !!!scatter          c_p.l(__scatter.o)
    0x00000104   0x00000104   0x0000001a   Code   RO         1304    !!handler_copy      c_p.l(__scatter_copy.o)
    0x0000011e   0x0000011e   0x00000002   PAD
    0x00000120   0x00000120   0x0000001c   Code   RO         1306    !!handler_zi        c_p.l(__scatter_zi.o)
    0x0000013c   0x0000013c   0x00000002   Code   RO         1171    .ARM.Collect$$libinit$$00000000  c_p.l(libinit.o)
    0x0000013e   0x0000013e   0x00000000   Code   RO         1185    .ARM.Collect$$libinit$$00000002  c_p.l(libinit2.o)
    0x0000013e   0x0000013e   0x00000000   Code   RO         1187    .ARM.Collect$$libinit$$00000004  c_p.l(libinit2.o)
    0x0000013e   0x0000013e   0x00000000   Code   RO         1190    .ARM.Collect$$libinit$$0000000A  c_p.l(libinit2.o)
    0x0000013e   0x0000013e   0x00000000   Code   RO         1192    .ARM.Collect$$libinit$$0000000C  c_p.l(libinit2.o)
    0x0000013e   0x0000013e   0x00000000   Code   RO         1194    .ARM.Collect$$libinit$$0000000E  c_p.l(libinit2.o)
    0x0000013e   0x0000013e   0x00000000   Code   RO         1197    .ARM.Collect$$libinit$$00000011  c_p.l(libinit2.o)
    0x0000013e   0x0000013e   0x00000000   Code   RO         1199    .ARM.Collect$$libinit$$00000013  c_p.l(libinit2.o)
    0x0000013e   0x0000013e   0x00000000   Code   RO         1201    .ARM.Collect$$libinit$$00000015  c_p.l(libinit2.o)
    0x0000013e   0x0000013e   0x00000000   Code   RO         1203    .ARM.Collect$$libinit$$00000017  c_p.l(libinit2.o)
    0x0000013e   0x0000013e   0x00000000   Code   RO         1205    .ARM.Collect$$libinit$$00000019  c_p.l(libinit2.o)
    0x0000013e   0x0000013e   0x00000000   Code   RO         1207    .ARM.Collect$$libinit$$0000001B  c_p.l(libinit2.o)
    0x0000013e   0x0000013e   0x00000000   Code   RO         1209    .ARM.Collect$$libinit$$0000001D  c_p.l(libinit2.o)
    0x0000013e   0x0000013e   0x00000000   Code   RO         1211    .ARM.Collect$$libinit$$0000001F  c_p.l(libinit2.o)
    0x0000013e   0x0000013e   0x00000000   Code   RO         1213    .ARM.Collect$$libinit$$00000021  c_p.l(libinit2.o)
    0x0000013e   0x0000013e   0x00000000   Code   RO         1215    .ARM.Collect$$libinit$$00000023  c_p.l(libinit2.o)
    0x0000013e   0x0000013e   0x00000000   Code   RO         1217    .ARM.Collect$$libinit$$00000025  c_p.l(libinit2.o)
    0x0000013e   0x0000013e   0x00000000   Code   RO         1221    .ARM.Collect$$libinit$$0000002C  c_p.l(libinit2.o)
    0x0000013e   0x0000013e   0x00000000   Code   RO         1223    .ARM.Collect$$libinit$$0000002E  c_p.l(libinit2.o)
    0x0000013e   0x0000013e   0x00000000   Code   RO         1225    .ARM.Collect$$libinit$$00000030  c_p.l(libinit2.o)
    0x0000013e   0x0000013e   0x00000000   Code   RO         1227    .ARM.Collect$$libinit$$00000032  c_p.l(libinit2.o)
    0x0000013e   0x0000013e   0x00000002   Code   RO         1228    .ARM.Collect$$libinit$$00000033  c_p.l(libinit2.o)
    0x00000140   0x00000140   0x00000002   Code   RO         1259    .ARM.Collect$$libshutdown$$00000000  c_p.l(libshutdown.o)
    0x00000142   0x00000142   0x00000000   Code   RO         1285    .ARM.Collect$$libshutdown$$00000002  c_p.l(libshutdown2.o)
    0x00000142   0x00000142   0x00000000   Code   RO         1287    .ARM.Collect$$libshutdown$$00000004  c_p.l(libshutdown2.o)
    0x00000142   0x00000142   0x00000000   Code   RO         1290    .ARM.Collect$$libshutdown$$00000007  c_p.l(libshutdown2.o)
    0x00000142   0x00000142   0x00000000   Code   RO         1293    .ARM.Collect$$libshutdown$$0000000A  c_p.l(libshutdown2.o)
    0x00000142   0x00000142   0x00000000   Code   RO         1295    .ARM.Collect$$libshutdown$$0000000C  c_p.l(libshutdown2.o)
    0x00000142   0x00000142   0x00000000   Code   RO         1298    .ARM.Collect$$libshutdown$$0000000F  c_p.l(libshutdown2.o)
    0x00000142   0x00000142   0x00000002   Code   RO         1299    .ARM.Collect$$libshutdown$$00000010  c_p.l(libshutdown2.o)
    0x00000144   0x00000144   0x00000000   Code   RO         1135    .ARM.Collect$$rtentry$$00000000  c_p.l(__rtentry.o)
    0x00000144   0x00000144   0x00000000   Code   RO         1141    .ARM.Collect$$rtentry$$00000002  c_p.l(__rtentry2.o)
    0x00000144   0x00000144   0x00000006   Code   RO         1153    .ARM.Collect$$rtentry$$00000004  c_p.l(__rtentry4.o)
    0x0000014a   0x0000014a   0x00000000   Code   RO         1143    .ARM.Collect$$rtentry$$00000009  c_p.l(__rtentry2.o)
    0x0000014a   0x0000014a   0x00000004   Code   RO         1144    .ARM.Collect$$rtentry$$0000000A  c_p.l(__rtentry2.o)
    0x0000014e   0x0000014e   0x00000000   Code   RO         1146    .ARM.Collect$$rtentry$$0000000C  c_p.l(__rtentry2.o)
    0x0000014e   0x0000014e   0x00000008   Code   RO         1147    .ARM.Collect$$rtentry$$0000000D  c_p.l(__rtentry2.o)
    0x00000156   0x00000156   0x00000002   Code   RO         1176    .ARM.Collect$$rtexit$$00000000  c_p.l(rtexit.o)
    0x00000158   0x00000158   0x00000000   Code   RO         1232    .ARM.Collect$$rtexit$$00000002  c_p.l(rtexit2.o)
    0x00000158   0x00000158   0x00000004   Code   RO         1233    .ARM.Collect$$rtexit$$00000003  c_p.l(rtexit2.o)
    0x0000015c   0x0000015c   0x00000006   Code   RO         1234    .ARM.Collect$$rtexit$$00000004  c_p.l(rtexit2.o)
    0x00000162   0x00000162   0x00000002   PAD
    0x00000164   0x00000164   0x00000064   Code   RO           56  * .text               startup_nuc1xx.o
    0x000001c8   0x000001c8   0x0000015a   Code   RO         1127    .text               c_p.l(aeabi_sdiv.o)
    0x00000322   0x00000322   0x00000006   Code   RO         1131    .text               c_p.l(heapauxi.o)
    0x00000328   0x00000328   0x0000003e   Code   RO         1157    .text               c_p.l(sys_stackheap_outer.o)
    0x00000366   0x00000366   0x00000010   Code   RO         1160    .text               c_p.l(exit.o)
    0x00000376   0x00000376   0x00000002   PAD
    0x00000378   0x00000378   0x00000008   Code   RO         1172    .text               c_p.l(libspace.o)
    0x00000380   0x00000380   0x0000000c   Code   RO         1229    .text               c_p.l(sys_exit.o)
    0x0000038c   0x0000038c   0x00000002   Code   RO         1248    .text               c_p.l(use_no_semi.o)
    0x0000038e   0x0000038e   0x00000000   Code   RO         1250    .text               c_p.l(indicate_semi.o)
    0x0000038e   0x0000038e   0x00000002   PAD
    0x00000390   0x00000390   0x00000028   Code   RO          510    i.BOD_IRQHandler    sys.o
    0x000003b8   0x000003b8   0x0000002c   Code   RO          273    i.DrvGPIO_ClrBit    gpio.o
    0x000003e4   0x000003e4   0x00000758   Code   RO          295    i.DrvGPIO_InitFunction  gpio.o
    0x00000b3c   0x00000b3c   0x00000088   Code   RO          296    i.DrvGPIO_Open      gpio.o
    0x00000bc4   0x00000bc4   0x0000002c   Code   RO          297    i.DrvGPIO_SetBit    gpio.o
    0x00000bf0   0x00000bf0   0x00000030   Code   RO          818    i.DrvSPI_ClrSS      spi.o
    0x00000c20   0x00000c20   0x0000002c   Code   RO          821    i.DrvSPI_DisableAutoSS  spi.o
    0x00000c4c   0x00000c4c   0x00000014   Code   RO          836    i.DrvSPI_IsBusy     spi.o
    0x00000c60   0x00000c60   0x000003cc   Code   RO          837    i.DrvSPI_Open       spi.o
    0x0000102c   0x0000102c   0x000000d4   Code   RO          841    i.DrvSPI_SetClockFreq  spi.o
    0x00001100   0x00001100   0x0000003c   Code   RO          842    i.DrvSPI_SetEndian  spi.o
    0x0000113c   0x0000113c   0x00000024   Code   RO          845    i.DrvSPI_SetSS      spi.o
    0x00001160   0x00001160   0x00000024   Code   RO          846    i.DrvSPI_SetSlaveSelectActiveLevel  spi.o
    0x00001184   0x00001184   0x0000003c   Code   RO          853    i.DrvSPI_SingleWrite_byte  spi.o
    0x000011c0   0x000011c0   0x0000002c   Code   RO          513    i.DrvSYS_Delay      sys.o
    0x000011ec   0x000011ec   0x00000070   Code   RO          529    i.DrvSYS_GetHCLKFreq  sys.o
    0x0000125c   0x0000125c   0x00000078   Code   RO          530    i.DrvSYS_GetPLLClockFreq  sys.o
    0x000012d4   0x000012d4   0x00000038   Code   RO          542    i.DrvSYS_SelectHCLKSource  sys.o
    0x0000130c   0x0000130c   0x00000080   Code   RO          550    i.DrvSYS_SetOscCtrl  sys.o
    0x0000138c   0x0000138c   0x00000024   Code   RO          303    i.EINT0_IRQHandler  gpio.o
    0x000013b0   0x000013b0   0x00000024   Code   RO          304    i.EINT1_IRQHandler  gpio.o
    0x000013d4   0x000013d4   0x00000044   Code   RO          305    i.GPAB_IRQHandler   gpio.o
    0x00001418   0x00001418   0x0000004c   Code   RO          306    i.GPCDE_IRQHandler  gpio.o
    0x00001464   0x00001464   0x00000028   Code   RO          558    i.PWRWU_IRQHandler  sys.o
    0x0000148c   0x0000148c   0x00000064   Code   RO          857    i.SPI0_IRQHandler   spi.o
    0x000014f0   0x000014f0   0x00000064   Code   RO          858    i.SPI1_IRQHandler   spi.o
    0x00001554   0x00001554   0x00000064   Code   RO          859    i.SPI2_IRQHandler   spi.o
    0x000015b8   0x000015b8   0x00000064   Code   RO          860    i.SPI3_IRQHandler   spi.o
    0x0000161c   0x0000161c   0x000000a0   Code   RO           17    i.SystemCoreClockUpdate  system_nuc1xx.o
    0x000016bc   0x000016bc   0x00000002   Code   RO           18    i.SystemInit        system_nuc1xx.o
    0x000016be   0x000016be   0x0000001c   Code   RO          502    i.__ARM_common_switch8  gpio.o
    0x000016da   0x000016da   0x00000034   Code   RO           98    i.clear_LCD         tft.o
    0x0000170e   0x0000170e   0x00000002   PAD
    0x00001710   0x00001710   0x00000060   Code   RO          110    i.draw_LCD          tft.o
    0x00001770   0x00001770   0x0000005c   Code   RO          112    i.draw_TFT          tft.o
    0x000017cc   0x000017cc   0x0000015c   Code   RO          113    i.init_LCD          tft.o
    0x00001928   0x00001928   0x00000074   Code   RO          114    i.init_SPI3         tft.o
    0x0000199c   0x0000199c   0x00000056   Code   RO          115    i.lcdSetAddr        tft.o
    0x000019f2   0x000019f2   0x00000032   Code   RO          116    i.lcdWriteCommand   tft.o
    0x00001a24   0x00001a24   0x00000032   Code   RO          117    i.lcdWriteData      tft.o
    0x00001a56   0x00001a56   0x00000002   PAD
    0x00001a58   0x00001a58   0x00000088   Code   RO           60    i.main              main.o
    0x00001ae0   0x00001ae0   0x00000012   Code   RO          123    i.tftWriteData      tft.o
    0x00001af2   0x00001af2   0x00000002   PAD
    0x00001af4   0x00001af4   0x00000010   Data   RO          559    .constdata          sys.o
    0x00001b04   0x00001b04   0x00000020   Data   RO         1300    Region$$Table       anon$$obj.o


    Execution Region ER_RW (Exec base: 0x20000000, Load base: 0x00001b24, Size: 0x00002dc4, Max: 0xffffffff, ABSOLUTE)

    Exec Addr    Load Addr    Size         Type   Attr      Idx    E Section Name        Object

    0x20000000   0x00001b24   0x0000001c   Data   RW           19    .data               system_nuc1xx.o
    0x2000001c   0x00001b40   0x00002d80   Data   RW           61    .data               main.o
    0x20002d9c   0x000048c0   0x00000010   Data   RW          310    .data               gpio.o
    0x20002dac   0x000048d0   0x00000008   Data   RW          560    .data               sys.o
    0x20002db4   0x000048d8   0x00000010   Data   RW          862    .data               spi.o


    Execution Region ER_ZI (Exec base: 0x20002dc4, Load base: 0x000048e8, Size: 0x000004b4, Max: 0xffffffff, ABSOLUTE)

    Exec Addr    Load Addr    Size         Type   Attr      Idx    E Section Name        Object

    0x20002dc4        -       0x00000050   Zero   RW          861    .bss                spi.o
    0x20002e14        -       0x00000060   Zero   RW         1173    .bss                c_p.l(libspace.o)
    0x20002e74   0x000048e8   0x00000004   PAD
    0x20002e78        -       0x00000000   Zero   RW           54    HEAP                startup_nuc1xx.o
    0x20002e78        -       0x00000400   Zero   RW           53    STACK               startup_nuc1xx.o


==============================================================================

Image component sizes


      Code (inc. data)   RO Data    RW Data    ZI Data      Debug   Object Name

         0          0          0          0          0       4532   core_cm0.o
      2348        146          0         16          0       6775   gpio.o
       136         32          0      11648          0     121307   main.o
      1888         88          0         16         80       9085   spi.o
       100         46        192          0       1024        736   startup_nuc1xx.o
       540         74         16          8          0       4387   sys.o
       162         28          0         28          0     119266   system_nuc1xx.o
       908         18          0          0          0      12454   tft.o

    ----------------------------------------------------------------------
      6088        432        240      11716       1104     278542   Object Totals
         0          0         32          0          0          0   (incl. Generated)
         6          0          0          0          0          0   (incl. Padding)

    ----------------------------------------------------------------------

      Code (inc. data)   RO Data    RW Data    ZI Data      Debug   Library Member Name

         8          0          0          0          0         68   __main.o
         0          0          0          0          0          0   __rtentry.o
        12          0          0          0          0          0   __rtentry2.o
         6          0          0          0          0          0   __rtentry4.o
        60          8          0          0          0          0   __scatter.o
        26          0          0          0          0          0   __scatter_copy.o
        28          0          0          0          0          0   __scatter_zi.o
       346          0          0          0          0         92   aeabi_sdiv.o
        16          0          0          0          0         68   exit.o
         6          0          0          0          0        136   heapauxi.o
         0          0          0          0          0          0   indicate_semi.o
         2          0          0          0          0          0   libinit.o
         2          0          0          0          0          0   libinit2.o
         2          0          0          0          0          0   libshutdown.o
         2          0          0          0          0          0   libshutdown2.o
         8          4          0          0         96         68   libspace.o
         2          0          0          0          0          0   rtexit.o
        10          0          0          0          0          0   rtexit2.o
        12          4          0          0          0         60   sys_exit.o
        62          0          0          0          0         80   sys_stackheap_outer.o
         2          0          0          0          0         68   use_no_semi.o

    ----------------------------------------------------------------------
       620         16          0          0        100        640   Library Totals
         8          0          0          0          4          0   (incl. Padding)

    ----------------------------------------------------------------------

      Code (inc. data)   RO Data    RW Data    ZI Data      Debug   Library Name

       612         16          0          0         96        640   c_p.l

    ----------------------------------------------------------------------
       620         16          0          0        100        640   Library Totals

    ----------------------------------------------------------------------

==============================================================================


      Code (inc. data)   RO Data    RW Data    ZI Data      Debug   

      6708        448        240      11716       1204     277322   Grand Totals
      6708        448        240      11716       1204     277322   ELF Image Totals
      6708        448        240      11716          0          0   ROM Totals

==============================================================================

    Total RO  Size (Code + RO Data)                 6948 (   6.79kB)
    Total RW  Size (RW Data + ZI Data)             12920 (  12.62kB)
    Total ROM Size (Code + RO Data + RW Data)      18664 (  18.23kB)

==============================================================================

