<html>
<body>
<pre>
<h1>µVision Build Log</h1>
<h2>Tool Versions:</h2>
IDE-Version: µVision V5.24.1
Copyright (C) 2017 ARM Ltd and ARM Germany GmbH. All rights reserved.
License Information: Phuc Tran Vinh, UIT, LIC=ATTGK-ZW5EQ-7R3X3-AVHKY-ICFLB-LUJEK
 
Tool Versions:
Toolchain:       MDK-ARM Plus  Version: 5.24.1
Toolchain Path:  F:\Keil\ARM\ARMCC\Bin
C Compiler:      Armcc.exe V5.06 update 5 (build 528)
Assembler:       Armasm.exe V5.06 update 5 (build 528)
Linker/Locator:  ArmLink.exe V5.06 update 5 (build 528)
Library Manager: ArmAr.exe V5.06 update 5 (build 528)
Hex Converter:   FromElf.exe V5.06 update 5 (build 528)
CPU DLL:         SARMCM3.DLL V5.24.1
Dialog DLL:      DARMCM1.DLL V1.18.0.0
Target DLL:      Nu_Link.dll V2.02
Dialog DLL:      TARMCM1.DLL V1.13.0.0
 
<h2>Project:</h2>
E:\NUC140BSP_EDU_20140331\NUC140BSP_EDU\SampleCode\EduSample\Smpl_UART0\Keil\Smpl_UART.uvproj
Project File Date:  10/30/2017

<h2>Output:</h2>
*** Using Compiler 'V5.06 update 5 (build 528)', folder: 'F:\Keil\ARM\ARMCC\Bin'
Rebuild target 'Smpl_UART0'
creating preprocessor file for core_cm0.c...
creating preprocessor file for system_NUC1xx.c...
compiling core_cm0.c...
assembling startup_NUC1xx.s...
creating preprocessor file for main.c...
compiling system_NUC1xx.c...
creating preprocessor file for LCD.c...
creating preprocessor file for GPIO.c...
compiling main.c...
..\main.c(77): warning:  #167-D: argument of type "void (*)(void)" is incompatible with parameter of type "PFN_DRVUART_CALLBACK *"
  	DrvUART_EnableInt(UART_PORT0, DRVUART_RDAINT, UART_INT_HANDLE);  
..\main.c: 1 warning, 0 errors
creating preprocessor file for SYS.c...
compiling LCD.c...
creating preprocessor file for SPI.c...
compiling GPIO.c...
creating preprocessor file for UART.c...
compiling SYS.c...
compiling SPI.c...
compiling UART.c...
linking...
Program Size: Code=8916 RO-data=240 RW-data=2136 ZI-data=2240  
After Build - User command #1: fromelf --bin ".\obj\Smpl_UART0.axf" --output ".\obj\Smpl_UART0.bin"
After Build - User command #2: fromelf --text -c ".\obj\Smpl_UART0.axf" --output ".\obj\Smpl_UART0.txt"
".\obj\Smpl_UART0.axf" - 0 Error(s), 1 Warning(s).
Build Time Elapsed:  00:00:04
</pre>
</body>
</html>
