<html>
<body>
<pre>
<h1>µVision Build Log</h1>
<h2>Tool Versions:</h2>
IDE-Version: µVision V5.24.1
Copyright (C) 2017 ARM Ltd and ARM Germany GmbH. All rights reserved.
License Information: Phuc Tran Vinh, UIT, LIC=----
 
Tool Versions:
Toolchain:       MDK-Lite  Version: 5.24.1
Toolchain Path:  F:\Keil\ARM\ARMCC\Bin
C Compiler:      Armcc.exe V5.06 update 5 (build 528)
Assembler:       Armasm.exe V5.06 update 5 (build 528)
Linker/Locator:  ArmLink.exe V5.06 update 5 (build 528)
Library Manager: ArmAr.exe V5.06 update 5 (build 528)
Hex Converter:   FromElf.exe V5.06 update 5 (build 528)
CPU DLL:         SARMCM3.DLL V5.24.1
Dialog DLL:      DARMCM1.DLL V1.18.0.0
Target DLL:      Nu_Link.dll V2.02
Dialog DLL:      TARMCM1.DLL V1.13.0.0
 
<h2>Project:</h2>
E:\NUC140BSP_EDU_20140331\NUC140BSP_EDU\SampleCode\EduSample\Smpl_LCD_Keypad\Keil\Smpl_LCD_Keypad.uvproj
Project File Date:  10/28/2017

<h2>Output:</h2>
*** Using Compiler 'V5.06 update 5 (build 528)', folder: 'F:\Keil\ARM\ARMCC\Bin'
Rebuild target 'Smpl_LCD_Keypad'
creating preprocessor file for core_cm0.c...
creating preprocessor file for system_NUC1xx.c...
compiling core_cm0.c...
assembling startup_NUC1xx.s...
creating preprocessor file for main.c...
compiling system_NUC1xx.c...
creating preprocessor file for Scankey.c...
creating preprocessor file for LCD.c...
compiling main.c...
compiling Scankey.c...
creating preprocessor file for GPIO.c...
creating preprocessor file for SYS.c...
compiling LCD.c...
creating preprocessor file for SPI.c...
compiling GPIO.c...
compiling SYS.c...
compiling SPI.c...
linking...
Program Size: Code=7652 RO-data=244 RW-data=2084 ZI-data=2228  
After Build - User command #1: fromelf --bin ".\obj\Smpl_LCD_Bmp.axf" --output ".\obj\Smpl_LCD_Bmp.bin"
After Build - User command #2: fromelf --text -c ".\obj\Smpl_LCD_Bmp.axf" --output ".\obj\Smpl_LCD_Bmp.txt"
".\obj\Smpl_LCD_Bmp.axf" - 0 Error(s), 0 Warning(s).
Build Time Elapsed:  00:00:02
</pre>
</body>
</html>
