<html>
<body>
<pre>
<h1>µVision Build Log</h1>
<h2>Tool Versions:</h2>
IDE-Version: µVision V5.24.1
Copyright (C) 2017 ARM Ltd and ARM Germany GmbH. All rights reserved.
License Information: Phuc Tran Vinh, UIT, LIC=ATTGK-ZW5EQ-7R3X3-AVHKY-ICFLB-LUJEK
 
Tool Versions:
Toolchain:       MDK-ARM Plus  Version: 5.24.1
Toolchain Path:  F:\Keil\ARM\ARMCC\Bin
C Compiler:      Armcc.exe V5.06 update 5 (build 528)
Assembler:       Armasm.exe V5.06 update 5 (build 528)
Linker/Locator:  ArmLink.exe V5.06 update 5 (build 528)
Library Manager: ArmAr.exe V5.06 update 5 (build 528)
Hex Converter:   FromElf.exe V5.06 update 5 (build 528)
CPU DLL:         SARMCM3.DLL V5.24.1
Dialog DLL:      DARMCM1.DLL V1.18.0.0
Target DLL:      Nu_Link.dll V2.02
Dialog DLL:      TARMCM1.DLL V1.13.0.0
 
<h2>Project:</h2>
E:\NUC140BSP_EDU_20140331\NUC140BSP_EDU\SampleCode\EduSample\Smpl_SDCard_ADC7\Keil\Smpl_SDCard.uvproj
Project File Date:  11/02/2017

<h2>Output:</h2>
*** Using Compiler 'V5.06 update 5 (build 528)', folder: 'F:\Keil\ARM\ARMCC\Bin'
Rebuild target 'Smpl_SDCard'
creating preprocessor file for core_cm0.c...
creating preprocessor file for system_NUC1xx.c...
assembling startup_NUC1xx.s...
creating preprocessor file for main.c...
compiling system_NUC1xx.c...
compiling core_cm0.c...
creating preprocessor file for diskio.c...
creating preprocessor file for ff.c...
compiling main.c...
..\main.c(118): warning:  #177-D: variable "dataout"  was declared but never referenced
  		uint8_t dataout[2]="s";
..\main.c(119): warning:  #177-D: variable "dataout2"  was declared but never referenced
  		uint8_t dataout2[2]="h";
..\main.c: 2 warnings, 0 errors
compiling diskio.c...
creating preprocessor file for ccsbcs.c...
creating preprocessor file for SDCard.c...
compiling ccsbcs.c...
compiling ff.c...
creating preprocessor file for retarget.c...
compiling SDCard.c...
compiling retarget.c...
creating preprocessor file for GPIO.c...
creating preprocessor file for FMC.c...
creating preprocessor file for SYS.c...
compiling GPIO.c...
compiling FMC.c...
creating preprocessor file for SPI.c...
creating preprocessor file for UART.c...
compiling SYS.c...
compiling SPI.c...
compiling UART.c...
linking...
Program Size: Code=18824 RO-data=1852 RW-data=312 ZI-data=1456  
After Build - User command #1: fromelf --bin ".\obj\Smpl_SDCard.axf" --output ".\obj\Smpl_SDCard.bin"
After Build - User command #2: fromelf --text -c ".\obj\Smpl_SDCard.axf" --output ".\obj\Smpl_SDCard.txt"
".\obj\Smpl_SDCard.axf" - 0 Error(s), 2 Warning(s).
Build Time Elapsed:  00:00:09
</pre>
</body>
</html>
