Component: ARM Compiler 5.06 update 5 (build 528) Tool: armlink [4d35e2]

==============================================================================

Small function inlining results

Inlined function __aeabi_idiv0 from aeabi_idiv0.o at offset 0x154 in aeabi_sdiv.o(.text).
Inlined Instruction: BX       lr
Inlined function __aeabi_idiv0 from aeabi_idiv0.o at offset 0x154 in aeabi_sdiv_div0.o(.text).
Inlined Instruction: BX       lr
Inlined function _platform_pre_stackheap_init from boardinit1.o at offset 0x0 in __rtentry2.o(.ARM.Collect$$rtentry$$00000001).
Inlined Instruction: BX       lr
Inlined function _fp_init from fpinit.o at offset 0x0 in libinit2.o(.ARM.Collect$$libinit$$00000001).
Inlined Instruction: BX       lr
Inlined function _platform_pre_lib_shutdown from boardshut.o at offset 0x0 in rtexit2.o(.ARM.Collect$$rtexit$$00000001).
Inlined Instruction: BX       lr
Inlined function __ARM_get_argv from no_argv.o at offset 0x2 in argv_veneer.o(.text).
Inlined Instruction: BX       lr
Inlined total of 6 calls.

==============================================================================

Section Cross References

    system_nuc1xx.o(i.SystemCoreClockUpdate) refers to aeabi_sdiv.o(.text) for __aeabi_uidivmod
    system_nuc1xx.o(i.SystemCoreClockUpdate) refers to system_nuc1xx.o(.data) for gau32ClkSrcTbl
    startup_nuc1xx.o(STACK) refers (Special) to heapauxi.o(.text) for __use_two_region_memory
    startup_nuc1xx.o(HEAP) refers (Special) to heapauxi.o(.text) for __use_two_region_memory
    startup_nuc1xx.o(RESET) refers (Special) to heapauxi.o(.text) for __use_two_region_memory
    startup_nuc1xx.o(RESET) refers to startup_nuc1xx.o(STACK) for __initial_sp
    startup_nuc1xx.o(RESET) refers to startup_nuc1xx.o(.text) for Reset_Handler
    startup_nuc1xx.o(RESET) refers to sys.o(i.BOD_IRQHandler) for BOD_IRQHandler
    startup_nuc1xx.o(RESET) refers to gpio.o(i.EINT0_IRQHandler) for EINT0_IRQHandler
    startup_nuc1xx.o(RESET) refers to gpio.o(i.EINT1_IRQHandler) for EINT1_IRQHandler
    startup_nuc1xx.o(RESET) refers to gpio.o(i.GPAB_IRQHandler) for GPAB_IRQHandler
    startup_nuc1xx.o(RESET) refers to gpio.o(i.GPCDE_IRQHandler) for GPCDE_IRQHandler
    startup_nuc1xx.o(RESET) refers to spi.o(i.SPI0_IRQHandler) for SPI0_IRQHandler
    startup_nuc1xx.o(RESET) refers to spi.o(i.SPI1_IRQHandler) for SPI1_IRQHandler
    startup_nuc1xx.o(RESET) refers to spi.o(i.SPI2_IRQHandler) for SPI2_IRQHandler
    startup_nuc1xx.o(RESET) refers to spi.o(i.SPI3_IRQHandler) for SPI3_IRQHandler
    startup_nuc1xx.o(RESET) refers to sys.o(i.PWRWU_IRQHandler) for PWRWU_IRQHandler
    startup_nuc1xx.o(.text) refers (Special) to heapauxi.o(.text) for __use_two_region_memory
    startup_nuc1xx.o(.text) refers to system_nuc1xx.o(i.SystemInit) for SystemInit
    startup_nuc1xx.o(.text) refers to __main.o(!!!main) for __main
    startup_nuc1xx.o(.text) refers to startup_nuc1xx.o(HEAP) for Heap_Mem
    startup_nuc1xx.o(.text) refers to startup_nuc1xx.o(STACK) for Stack_Mem
    main.o(i.main) refers to _printf_percent.o(.ARM.Collect$$_printf_percent$$00000000) for _printf_percent
    main.o(i.main) refers to _printf_d.o(.ARM.Collect$$_printf_percent$$00000009) for _printf_d
    main.o(i.main) refers to _printf_dec.o(.text) for _printf_int_dec
    main.o(i.main) refers to sys.o(i.DrvSYS_Open) for DrvSYS_Open
    main.o(i.main) refers to lcd.o(i.init_LCD) for init_LCD
    main.o(i.main) refers to lcd.o(i.clear_LCD) for clear_LCD
    main.o(i.main) refers to scankey.o(i.OpenKeyPad) for OpenKeyPad
    main.o(i.main) refers to lcd.o(i.print_Line) for print_Line
    main.o(i.main) refers to scankey.o(i.ScanKey) for ScanKey
    main.o(i.main) refers to noretval__2sprintf.o(.text) for __2sprintf
    main.o(i.main) refers to sys.o(i.DrvSYS_Delay) for DrvSYS_Delay
    scankey.o(i.CloseKeyPad) refers to gpio.o(i.DrvGPIO_Close) for DrvGPIO_Close
    scankey.o(i.OpenKeyPad) refers to gpio.o(i.DrvGPIO_Open) for DrvGPIO_Open
    scankey.o(i.ScanKey) refers to gpio.o(i.DrvGPIO_SetBit) for DrvGPIO_SetBit
    scankey.o(i.ScanKey) refers to gpio.o(i.DrvGPIO_ClrBit) for DrvGPIO_ClrBit
    scankey.o(i.ScanKey) refers to scankey.o(i.delay) for delay
    scankey.o(i.ScanKey) refers to gpio.o(i.DrvGPIO_GetBit) for DrvGPIO_GetBit
    scankey.o(i.ScanKey) refers to scankey.o(.constdata) for .constdata
    lcd.o(i.clear_LCD) refers to lcd.o(i.lcdSetAddr) for lcdSetAddr
    lcd.o(i.clear_LCD) refers to lcd.o(i.lcdWriteData) for lcdWriteData
    lcd.o(i.clear_LCD) refers to lcd.o(.bss) for DisplayBuffer
    lcd.o(i.draw_Bmp16x16) refers to lcd.o(i.draw_Pixel) for draw_Pixel
    lcd.o(i.draw_Bmp16x32) refers to lcd.o(i.draw_Pixel) for draw_Pixel
    lcd.o(i.draw_Bmp16x48) refers to lcd.o(i.draw_Pixel) for draw_Pixel
    lcd.o(i.draw_Bmp16x64) refers to lcd.o(i.draw_Pixel) for draw_Pixel
    lcd.o(i.draw_Bmp16x8) refers to lcd.o(i.draw_Pixel) for draw_Pixel
[...]
    lcd.o(i.lcdWriteCommand) refers to spi.o(i.DrvSPI_IsBusy) for DrvSPI_IsBusy
    lcd.o(i.lcdWriteCommand) refers to lcd.o(.data) for SPI_PORT
    lcd.o(i.lcdWriteData) refers to lcd.o(.data) for SPI_PORT
    lcd.o(i.printC) refers to lcd.o(i.lcdSetAddr) for lcdSetAddr
    lcd.o(i.printC) refers to lcd.o(i.lcdWriteData) for lcdWriteData
    lcd.o(i.printC) refers to lcd.o(.data) for Font8x16
    lcd.o(i.printC_5x7) refers to lcd.o(i.lcdSetAddr) for lcdSetAddr
    lcd.o(i.printC_5x7) refers to lcd.o(i.lcdWriteData) for lcdWriteData
    lcd.o(i.printC_5x7) refers to lcd.o(.data) for Font5x7
    lcd.o(i.printS) refers to lcd.o(i.printC) for printC
    lcd.o(i.printS) refers to strlen.o(.text) for strlen
    lcd.o(i.printS_5x7) refers to lcd.o(i.printC_5x7) for printC_5x7
    lcd.o(i.printS_5x7) refers to strlen.o(.text) for strlen
    lcd.o(i.print_Line) refers to lcd.o(i.printC) for printC
    lcd.o(i.print_Line) refers to strlen.o(.text) for strlen
    gpio.o(i.DrvGPIO_ClrPortMask) refers to gpio.o(i.DrvGPIO_GetPortMask) for DrvGPIO_GetPortMask
    gpio.o(i.DrvGPIO_DisableEINT0) refers to gpio.o(i.NVIC_DisableIRQ) for NVIC_DisableIRQ
    gpio.o(i.DrvGPIO_DisableEINT1) refers to gpio.o(i.NVIC_DisableIRQ) for NVIC_DisableIRQ
    gpio.o(i.DrvGPIO_DisableInt) refers to gpio.o(i.NVIC_DisableIRQ) for NVIC_DisableIRQ
    gpio.o(i.DrvGPIO_EnableEINT0) refers to gpio.o(i.NVIC_SetPriority) for NVIC_SetPriority
    gpio.o(i.DrvGPIO_EnableEINT0) refers to gpio.o(i.NVIC_EnableIRQ) for NVIC_EnableIRQ
    gpio.o(i.DrvGPIO_EnableEINT0) refers to gpio.o(.data) for _pfEINT0Callback
    gpio.o(i.DrvGPIO_EnableEINT1) refers to gpio.o(i.NVIC_SetPriority) for NVIC_SetPriority
    gpio.o(i.DrvGPIO_EnableEINT1) refers to gpio.o(i.NVIC_EnableIRQ) for NVIC_EnableIRQ
    gpio.o(i.DrvGPIO_EnableEINT1) refers to gpio.o(.data) for _pfEINT1Callback
    gpio.o(i.DrvGPIO_EnableInt) refers to gpio.o(i.NVIC_SetPriority) for NVIC_SetPriority
    gpio.o(i.DrvGPIO_EnableInt) refers to gpio.o(i.NVIC_EnableIRQ) for NVIC_EnableIRQ
    gpio.o(i.DrvGPIO_InitFunction) refers to gpio.o(i.__ARM_common_switch8) for __ARM_common_switch8
    gpio.o(i.DrvGPIO_SetIntCallback) refers to gpio.o(.data) for _pfGPABCallback
    gpio.o(i.DrvGPIO_SetPortMask) refers to gpio.o(i.DrvGPIO_GetPortMask) for DrvGPIO_GetPortMask
    gpio.o(i.EINT0_IRQHandler) refers to gpio.o(.data) for _pfEINT0Callback
    gpio.o(i.EINT1_IRQHandler) refers to gpio.o(.data) for _pfEINT1Callback
    gpio.o(i.GPAB_IRQHandler) refers to gpio.o(.data) for _pfGPABCallback
    gpio.o(i.GPCDE_IRQHandler) refers to gpio.o(.data) for _pfGPCDECallback
    sys.o(i.BOD_IRQHandler) refers to sys.o(.data) for BOD_callbackFn
    sys.o(i.DrvSYS_Delay) refers to system_nuc1xx.o(.data) for CyclesPerUs
    sys.o(i.DrvSYS_GetChipClockSourceStatus) refers to gpio.o(i.__ARM_common_switch8) for __ARM_common_switch8
    sys.o(i.DrvSYS_GetHCLKFreq) refers to sys.o(i.DrvSYS_GetPLLClockFreq) for DrvSYS_GetPLLClockFreq
    sys.o(i.DrvSYS_GetHCLKFreq) refers to aeabi_sdiv.o(.text) for __aeabi_uidivmod
    sys.o(i.DrvSYS_GetPLLClockFreq) refers to aeabi_sdiv.o(.text) for __aeabi_uidivmod
    sys.o(i.DrvSYS_GetPLLClockFreq) refers to sys.o(.constdata) for .constdata
    sys.o(i.DrvSYS_GetPLLContent) refers to aeabi_sdiv.o(.text) for __aeabi_uidivmod
    sys.o(i.DrvSYS_Open) refers to sys.o(i.DrvSYS_IsProtectedRegLocked) for DrvSYS_IsProtectedRegLocked
    sys.o(i.DrvSYS_Open) refers to sys.o(i.DrvSYS_GetPLLContent) for DrvSYS_GetPLLContent
    sys.o(i.DrvSYS_Open) refers to sys.o(i.DrvSYS_SetPLLContent) for DrvSYS_SetPLLContent
    sys.o(i.DrvSYS_Open) refers to sys.o(i.DrvSYS_SelectHCLKSource) for DrvSYS_SelectHCLKSource
    sys.o(i.DrvSYS_SelectHCLKSource) refers to system_nuc1xx.o(i.SystemCoreClockUpdate) for SystemCoreClockUpdate
    sys.o(i.DrvSYS_SelectIPClockSource) refers to gpio.o(i.__ARM_common_switch8) for __ARM_common_switch8
    sys.o(i.DrvSYS_SetBODFunction) refers to sys.o(i.NVIC_DisableIRQ) for NVIC_DisableIRQ
    sys.o(i.DrvSYS_SetBODFunction) refers to sys.o(i.NVIC_SetPriority) for NVIC_SetPriority
    sys.o(i.DrvSYS_SetBODFunction) refers to sys.o(i.NVIC_EnableIRQ) for NVIC_EnableIRQ
    sys.o(i.DrvSYS_SetBODFunction) refers to sys.o(.data) for BOD_callbackFn
    sys.o(i.DrvSYS_SetClockDivider) refers to system_nuc1xx.o(i.SystemCoreClockUpdate) for SystemCoreClockUpdate
    sys.o(i.DrvSYS_SetFreqDividerOutput) refers to sys.o(i.DrvSYS_SetIPClock) for DrvSYS_SetIPClock
    sys.o(i.DrvSYS_SetPowerDownWakeUpInt) refers to sys.o(i.NVIC_SetPriority) for NVIC_SetPriority
    sys.o(i.DrvSYS_SetPowerDownWakeUpInt) refers to sys.o(i.NVIC_EnableIRQ) for NVIC_EnableIRQ
    sys.o(i.DrvSYS_SetPowerDownWakeUpInt) refers to sys.o(i.NVIC_DisableIRQ) for NVIC_DisableIRQ
    sys.o(i.DrvSYS_SetPowerDownWakeUpInt) refers to sys.o(.data) for PWRWU_callbackFn
    sys.o(i.PWRWU_IRQHandler) refers to sys.o(.data) for PWRWU_callbackFn
    spi.o(i.DrvSPI_3WireAbort) refers to spi.o(.data) for SPI_PORT
    spi.o(i.DrvSPI_BurstRead) refers to spi.o(.data) for SPI_PORT
    spi.o(i.DrvSPI_BurstTransfer) refers to spi.o(.data) for SPI_PORT
    spi.o(i.DrvSPI_BurstWrite) refers to spi.o(.data) for SPI_PORT
    spi.o(i.DrvSPI_Close) refers to spi.o(i.NVIC_DisableIRQ) for NVIC_DisableIRQ
    spi.o(i.DrvSPI_Close) refers to spi.o(.bss) for g_sSpiHandler
    spi.o(i.DrvSPI_Close) refers to spi.o(.data) for SPI_PORT
    spi.o(i.DrvSPI_Clr3WireStartIntFlag) refers to spi.o(.data) for SPI_PORT
    spi.o(i.DrvSPI_ClrGo) refers to spi.o(.data) for SPI_PORT
    spi.o(i.DrvSPI_ClrIntFlag) refers to spi.o(.data) for SPI_PORT
    spi.o(i.DrvSPI_ClrSS) refers to spi.o(.data) for SPI_PORT
    spi.o(i.DrvSPI_Disable3Wire) refers to spi.o(.data) for SPI_PORT
    spi.o(i.DrvSPI_Disable3WireStartInt) refers to spi.o(i.NVIC_DisableIRQ) for NVIC_DisableIRQ
    spi.o(i.DrvSPI_Disable3WireStartInt) refers to spi.o(.bss) for g_sSpiHandler
    spi.o(i.DrvSPI_Disable3WireStartInt) refers to spi.o(.data) for SPI_PORT
    spi.o(i.DrvSPI_DisableAutoSS) refers to spi.o(.data) for SPI_PORT
    spi.o(i.DrvSPI_DisableDivOne) refers to spi.o(.data) for SPI_PORT
    spi.o(i.DrvSPI_DisableInt) refers to spi.o(i.NVIC_DisableIRQ) for NVIC_DisableIRQ
    spi.o(i.DrvSPI_DisableInt) refers to spi.o(.bss) for g_sSpiHandler
    spi.o(i.DrvSPI_DisableInt) refers to spi.o(.data) for SPI_PORT
    spi.o(i.DrvSPI_DumpRxRegister) refers to spi.o(.data) for SPI_PORT
    spi.o(i.DrvSPI_Enable3Wire) refers to spi.o(.data) for SPI_PORT
    spi.o(i.DrvSPI_Enable3WireStartInt) refers to spi.o(i.NVIC_SetPriority) for NVIC_SetPriority
    spi.o(i.DrvSPI_Enable3WireStartInt) refers to spi.o(i.NVIC_EnableIRQ) for NVIC_EnableIRQ
    spi.o(i.DrvSPI_Enable3WireStartInt) refers to spi.o(.bss) for g_sSpiHandler
    spi.o(i.DrvSPI_Enable3WireStartInt) refers to spi.o(.data) for SPI_PORT
    spi.o(i.DrvSPI_EnableAutoSS) refers to spi.o(.data) for SPI_PORT
    spi.o(i.DrvSPI_EnableDivOne) refers to spi.o(.data) for SPI_PORT
    spi.o(i.DrvSPI_EnableInt) refers to spi.o(i.NVIC_SetPriority) for NVIC_SetPriority
    spi.o(i.DrvSPI_EnableInt) refers to spi.o(i.NVIC_EnableIRQ) for NVIC_EnableIRQ
    spi.o(i.DrvSPI_EnableInt) refers to spi.o(.bss) for g_sSpiHandler
    spi.o(i.DrvSPI_EnableInt) refers to spi.o(.data) for SPI_PORT
    spi.o(i.DrvSPI_Get3WireStartIntFlag) refers to spi.o(.data) for SPI_PORT
    spi.o(i.DrvSPI_GetClock1Freq) refers to sys.o(i.DrvSYS_GetHCLKFreq) for DrvSYS_GetHCLKFreq
    spi.o(i.DrvSPI_GetClock1Freq) refers to aeabi_sdiv.o(.text) for __aeabi_uidivmod
    spi.o(i.DrvSPI_GetClock1Freq) refers to spi.o(.data) for SPI_PORT
    spi.o(i.DrvSPI_GetClock2Freq) refers to sys.o(i.DrvSYS_GetHCLKFreq) for DrvSYS_GetHCLKFreq
    spi.o(i.DrvSPI_GetClock2Freq) refers to aeabi_sdiv.o(.text) for __aeabi_uidivmod
    spi.o(i.DrvSPI_GetClock2Freq) refers to spi.o(.data) for SPI_PORT
    spi.o(i.DrvSPI_GetIntFlag) refers to spi.o(.data) for SPI_PORT
    spi.o(i.DrvSPI_GetLevelTriggerStatus) refers to spi.o(.data) for SPI_PORT
    spi.o(i.DrvSPI_IsBusy) refers to spi.o(.data) for SPI_PORT
    spi.o(i.DrvSPI_Open) refers to spi.o(.bss) for g_sSpiHandler
    spi.o(i.DrvSPI_Open) refers to spi.o(.data) for SPI_PORT
    spi.o(i.DrvSPI_Set2BitTransferMode) refers to spi.o(.data) for SPI_PORT
    spi.o(i.DrvSPI_SetBitLength) refers to spi.o(.data) for SPI_PORT
    spi.o(i.DrvSPI_SetByteReorder) refers to spi.o(.data) for SPI_PORT
    spi.o(i.DrvSPI_SetClockFreq) refers to sys.o(i.DrvSYS_GetHCLKFreq) for DrvSYS_GetHCLKFreq
    spi.o(i.DrvSPI_SetClockFreq) refers to aeabi_sdiv.o(.text) for __aeabi_uidivmod
    spi.o(i.DrvSPI_SetClockFreq) refers to spi.o(.data) for SPI_PORT
    spi.o(i.DrvSPI_SetEndian) refers to spi.o(.data) for SPI_PORT
    spi.o(i.DrvSPI_SetGo) refers to spi.o(.data) for SPI_PORT
    spi.o(i.DrvSPI_SetPDMA) refers to spi.o(.data) for SPI_PORT
    spi.o(i.DrvSPI_SetSS) refers to spi.o(.data) for SPI_PORT
    spi.o(i.DrvSPI_SetSlaveSelectActiveLevel) refers to spi.o(.data) for SPI_PORT
    spi.o(i.DrvSPI_SetSuspendCycle) refers to spi.o(.data) for SPI_PORT
    spi.o(i.DrvSPI_SetTriggerMode) refers to spi.o(.data) for SPI_PORT
    spi.o(i.DrvSPI_SetTxRegister) refers to spi.o(.data) for SPI_PORT
    spi.o(i.DrvSPI_SetVariableClockFunction) refers to spi.o(.data) for SPI_PORT
    spi.o(i.DrvSPI_SingleRead) refers to spi.o(.data) for SPI_PORT
    spi.o(i.DrvSPI_SingleWrite) refers to spi.o(.data) for SPI_PORT
    spi.o(i.DrvSPI_SingleWrite_byte) refers to spi.o(.data) for SPI_PORT
    spi.o(i.SPI0_IRQHandler) refers to spi.o(.bss) for g_sSpiHandler
    spi.o(i.SPI1_IRQHandler) refers to spi.o(.bss) for g_sSpiHandler
    spi.o(i.SPI2_IRQHandler) refers to spi.o(.bss) for g_sSpiHandler
    spi.o(i.SPI3_IRQHandler) refers to spi.o(.bss) for g_sSpiHandler
    __2sprintf.o(.text) refers to _printf_char_common.o(.text) for _printf_char_common
    __2sprintf.o(.text) refers to _sputc.o(.text) for _sputc
    noretval__2sprintf.o(.text) refers to _printf_char_common.o(.text) for _printf_char_common
    noretval__2sprintf.o(.text) refers to _sputc.o(.text) for _sputc
    __printf.o(.text) refers to _printf_percent.o(.ARM.Collect$$_printf_percent$$00000000) for _printf_percent
    _printf_dec.o(.text) refers to rtudiv10.o(.text) for __rt_udiv10
    _printf_dec.o(.text) refers to _printf_intcommon.o(.text) for _printf_int_common
    __printf_flags.o(.text) refers to _printf_percent.o(.ARM.Collect$$_printf_percent$$00000000) for _printf_percent
    __printf_flags.o(.text) refers to __printf_flags.o(.constdata) for .constdata
    __printf_ss.o(.text) refers to _printf_percent.o(.ARM.Collect$$_printf_percent$$00000000) for _printf_percent
    __printf_flags_ss.o(.text) refers to _printf_percent.o(.ARM.Collect$$_printf_percent$$00000000) for _printf_percent
    __printf_flags_ss.o(.text) refers to __printf_flags_ss.o(.constdata) for .constdata
    __printf_wp.o(.text) refers to __printf_wp.o(i._is_digit) for _is_digit
    __printf_wp.o(.text) refers to _printf_percent.o(.ARM.Collect$$_printf_percent$$00000000) for _printf_percent
    __printf_flags_wp.o(.text) refers to __printf_wp.o(i._is_digit) for _is_digit
    __printf_flags_wp.o(.text) refers to _printf_percent.o(.ARM.Collect$$_printf_percent$$00000000) for _printf_percent
    __printf_flags_wp.o(.text) refers to __printf_flags_wp.o(.constdata) for .constdata
    __printf_ss_wp.o(.text) refers to __printf_wp.o(i._is_digit) for _is_digit
    __printf_ss_wp.o(.text) refers to _printf_percent.o(.ARM.Collect$$_printf_percent$$00000000) for _printf_percent
    __printf_flags_ss_wp.o(.text) refers to __printf_wp.o(i._is_digit) for _is_digit
    __printf_flags_ss_wp.o(.text) refers to _printf_percent.o(.ARM.Collect$$_printf_percent$$00000000) for _printf_percent
    __printf_flags_ss_wp.o(.text) refers to __printf_flags_ss_wp.o(.constdata) for .constdata
    _printf_d.o(.ARM.Collect$$_printf_percent$$00000009) refers (Weak) to _printf_dec.o(.text) for _printf_int_dec
    _printf_percent.o(.ARM.Collect$$_printf_percent$$00000000) refers (Special) to _printf_percent_end.o(.ARM.Collect$$_printf_percent$$00000017) for _printf_percent_end
    __main.o(!!!main) refers to __rtentry.o(.ARM.Collect$$rtentry$$00000000) for __rt_entry
    __rtentry.o(.ARM.Collect$$rtentry$$00000000) refers (Special) to __rtentry2.o(.ARM.Collect$$rtentry$$0000000A) for __rt_entry_li
    __rtentry.o(.ARM.Collect$$rtentry$$00000000) refers (Special) to __rtentry2.o(.ARM.Collect$$rtentry$$0000000D) for __rt_entry_main
    __rtentry.o(.ARM.Collect$$rtentry$$00000000) refers (Special) to __rtentry2.o(.ARM.Collect$$rtentry$$0000000C) for __rt_entry_postli_1
    __rtentry.o(.ARM.Collect$$rtentry$$00000000) refers (Special) to __rtentry2.o(.ARM.Collect$$rtentry$$00000009) for __rt_entry_postsh_1
    __rtentry.o(.ARM.Collect$$rtentry$$00000000) refers (Special) to __rtentry2.o(.ARM.Collect$$rtentry$$00000002) for __rt_entry_presh_1
    __rtentry.o(.ARM.Collect$$rtentry$$00000000) refers (Special) to __rtentry4.o(.ARM.Collect$$rtentry$$00000004) for __rt_entry_sh
    aeabi_idiv0_sigfpe.o(.text) refers to rt_div0.o(.text) for __rt_div0
    _printf_char_common.o(.text) refers to __printf.o(.text) for __printf
    __rtentry2.o(.ARM.Collect$$rtentry$$00000008) refers to boardinit2.o(.text) for _platform_post_stackheap_init
    __rtentry2.o(.ARM.Collect$$rtentry$$0000000A) refers to libinit.o(.ARM.Collect$$libinit$$00000000) for __rt_lib_init
    __rtentry2.o(.ARM.Collect$$rtentry$$0000000B) refers to boardinit3.o(.text) for _platform_post_lib_init
    __rtentry2.o(.ARM.Collect$$rtentry$$0000000D) refers to main.o(i.main) for main
    __rtentry2.o(.ARM.Collect$$rtentry$$0000000D) refers to exit.o(.text) for exit
    __rtentry2.o(.ARM.exidx) refers to __rtentry2.o(.ARM.Collect$$rtentry$$00000001) for .ARM.Collect$$rtentry$$00000001
    __rtentry2.o(.ARM.exidx) refers to __rtentry2.o(.ARM.Collect$$rtentry$$00000008) for .ARM.Collect$$rtentry$$00000008
    __rtentry2.o(.ARM.exidx) refers to __rtentry2.o(.ARM.Collect$$rtentry$$0000000A) for .ARM.Collect$$rtentry$$0000000A
    __rtentry2.o(.ARM.exidx) refers to __rtentry2.o(.ARM.Collect$$rtentry$$0000000B) for .ARM.Collect$$rtentry$$0000000B
    __rtentry2.o(.ARM.exidx) refers to __rtentry2.o(.ARM.Collect$$rtentry$$0000000D) for .ARM.Collect$$rtentry$$0000000D
    __rtentry4.o(.ARM.Collect$$rtentry$$00000004) refers to sys_stackheap_outer.o(.text) for __user_setup_stackheap
    __rtentry4.o(.ARM.exidx) refers to __rtentry4.o(.ARM.Collect$$rtentry$$00000004) for .ARM.Collect$$rtentry$$00000004
    rt_div0.o(.text) refers to defsig_fpe_outer.o(.text) for __rt_SIGFPE
    sys_stackheap_outer.o(.text) refers to libspace.o(.text) for __user_perproc_libspace
    sys_stackheap_outer.o(.text) refers to startup_nuc1xx.o(.text) for __user_initial_stackheap
    sys_stackheap_outer.o(__vectab_stack_and_reset_area) refers to tempstk.o(.text) for __temporary_stack_top
    sys_stackheap_outer.o(__vectab_stack_and_reset_area) refers to __main.o(!!!main) for __main
    exit.o(.text) refers to rtexit.o(.ARM.Collect$$rtexit$$00000000) for __rt_exit
    defsig_fpe_outer.o(.text) refers to defsig_fpe_inner.o(.text) for __rt_SIGFPE_inner
    defsig_fpe_outer.o(.text) refers to defsig_exit.o(.text) for __sig_exit
    defsig_fpe_formal.o(.text) refers to rt_raise.o(.text) for __rt_raise
    libinit.o(.ARM.Collect$$libinit$$00000000) refers (Special) to libinit2.o(.ARM.Collect$$libinit$$0000002E) for __rt_lib_init_alloca_1
    libinit.o(.ARM.Collect$$libinit$$00000000) refers (Special) to libinit2.o(.ARM.Collect$$libinit$$0000002C) for __rt_lib_init_argv_1
    libinit.o(.ARM.Collect$$libinit$$00000000) refers (Special) to libinit2.o(.ARM.Collect$$libinit$$0000001B) for __rt_lib_init_atexit_1
    libinit.o(.ARM.Collect$$libinit$$00000000) refers (Special) to libinit2.o(.ARM.Collect$$libinit$$00000021) for __rt_lib_init_clock_1
    libinit.o(.ARM.Collect$$libinit$$00000000) refers (Special) to libinit2.o(.ARM.Collect$$libinit$$00000032) for __rt_lib_init_cpp_1
    libinit.o(.ARM.Collect$$libinit$$00000000) refers (Special) to libinit2.o(.ARM.Collect$$libinit$$00000030) for __rt_lib_init_exceptions_1
    libinit.o(.ARM.Collect$$libinit$$00000000) refers (Special) to libinit2.o(.ARM.Collect$$libinit$$00000002) for __rt_lib_init_fp_1
    libinit.o(.ARM.Collect$$libinit$$00000000) refers (Special) to libinit2.o(.ARM.Collect$$libinit$$0000001F) for __rt_lib_init_fp_trap_1
    libinit.o(.ARM.Collect$$libinit$$00000000) refers (Special) to libinit2.o(.ARM.Collect$$libinit$$00000023) for __rt_lib_init_getenv_1
    libinit.o(.ARM.Collect$$libinit$$00000000) refers (Special) to libinit2.o(.ARM.Collect$$libinit$$0000000A) for __rt_lib_init_heap_1
    libinit.o(.ARM.Collect$$libinit$$00000000) refers (Special) to libinit2.o(.ARM.Collect$$libinit$$00000011) for __rt_lib_init_lc_collate_1
    libinit.o(.ARM.Collect$$libinit$$00000000) refers (Special) to libinit2.o(.ARM.Collect$$libinit$$00000013) for __rt_lib_init_lc_ctype_1
    libinit.o(.ARM.Collect$$libinit$$00000000) refers (Special) to libinit2.o(.ARM.Collect$$libinit$$00000015) for __rt_lib_init_lc_monetary_1
    libinit.o(.ARM.Collect$$libinit$$00000000) refers (Special) to libinit2.o(.ARM.Collect$$libinit$$00000017) for __rt_lib_init_lc_numeric_1
    libinit.o(.ARM.Collect$$libinit$$00000000) refers (Special) to libinit2.o(.ARM.Collect$$libinit$$00000019) for __rt_lib_init_lc_time_1
    libinit.o(.ARM.Collect$$libinit$$00000000) refers (Special) to libinit2.o(.ARM.Collect$$libinit$$00000004) for __rt_lib_init_preinit_1
    libinit.o(.ARM.Collect$$libinit$$00000000) refers (Special) to libinit2.o(.ARM.Collect$$libinit$$0000000E) for __rt_lib_init_rand_1
    libinit.o(.ARM.Collect$$libinit$$00000000) refers (Special) to libinit2.o(.ARM.Collect$$libinit$$00000033) for __rt_lib_init_return
    libinit.o(.ARM.Collect$$libinit$$00000000) refers (Special) to libinit2.o(.ARM.Collect$$libinit$$0000001D) for __rt_lib_init_signal_1
    libinit.o(.ARM.Collect$$libinit$$00000000) refers (Special) to libinit2.o(.ARM.Collect$$libinit$$00000025) for __rt_lib_init_stdio_1
    libinit.o(.ARM.Collect$$libinit$$00000000) refers (Special) to libinit2.o(.ARM.Collect$$libinit$$0000000C) for __rt_lib_init_user_alloc_1
    libspace.o(.text) refers to libspace.o(.bss) for __libspace_start
    rtexit.o(.ARM.Collect$$rtexit$$00000000) refers (Special) to rtexit2.o(.ARM.Collect$$rtexit$$00000004) for __rt_exit_exit
    rtexit.o(.ARM.Collect$$rtexit$$00000000) refers (Special) to rtexit2.o(.ARM.Collect$$rtexit$$00000003) for __rt_exit_ls
    rtexit.o(.ARM.Collect$$rtexit$$00000000) refers (Special) to rtexit2.o(.ARM.Collect$$rtexit$$00000002) for __rt_exit_prels_1
    rtexit.o(.ARM.exidx) refers (Special) to rtexit2.o(.ARM.Collect$$rtexit$$00000004) for __rt_exit_exit
    rtexit.o(.ARM.exidx) refers (Special) to rtexit2.o(.ARM.Collect$$rtexit$$00000003) for __rt_exit_ls
    rtexit.o(.ARM.exidx) refers (Special) to rtexit2.o(.ARM.Collect$$rtexit$$00000002) for __rt_exit_prels_1
    rtexit.o(.ARM.exidx) refers to rtexit.o(.ARM.Collect$$rtexit$$00000000) for .ARM.Collect$$rtexit$$00000000
    rt_raise.o(.text) refers to __raise.o(.text) for __raise
    rt_raise.o(.text) refers to sys_exit.o(.text) for _sys_exit
    defsig_exit.o(.text) refers to sys_exit.o(.text) for _sys_exit
    defsig_fpe_inner.o(.text) refers to defsig_general.o(.text) for __default_signal_display
    libinit2.o(.ARM.Collect$$libinit$$00000010) refers to libinit2.o(.ARM.Collect$$libinit$$0000000F) for .ARM.Collect$$libinit$$0000000F
    libinit2.o(.ARM.Collect$$libinit$$00000012) refers to libinit2.o(.ARM.Collect$$libinit$$0000000F) for .ARM.Collect$$libinit$$0000000F
    libinit2.o(.ARM.Collect$$libinit$$00000014) refers to libinit2.o(.ARM.Collect$$libinit$$0000000F) for .ARM.Collect$$libinit$$0000000F
    libinit2.o(.ARM.Collect$$libinit$$00000016) refers to libinit2.o(.ARM.Collect$$libinit$$0000000F) for .ARM.Collect$$libinit$$0000000F
    libinit2.o(.ARM.Collect$$libinit$$00000018) refers to libinit2.o(.ARM.Collect$$libinit$$0000000F) for .ARM.Collect$$libinit$$0000000F
    libinit2.o(.ARM.Collect$$libinit$$00000026) refers to argv_veneer.o(.text) for __ARM_argv_veneer
    libinit2.o(.ARM.Collect$$libinit$$00000027) refers to argv_veneer.o(.text) for __ARM_argv_veneer
    sys_exit.o(.text) refers (Special) to use_no_semi.o(.text) for __I$use$semihosting
    sys_exit.o(.text) refers (Special) to indicate_semi.o(.text) for __semihosting_library_function
    rtexit2.o(.ARM.Collect$$rtexit$$00000003) refers to libshutdown.o(.ARM.Collect$$libshutdown$$00000000) for __rt_lib_shutdown
    rtexit2.o(.ARM.Collect$$rtexit$$00000004) refers to sys_exit.o(.text) for _sys_exit
    rtexit2.o(.ARM.exidx) refers to rtexit2.o(.ARM.Collect$$rtexit$$00000001) for .ARM.Collect$$rtexit$$00000001
    rtexit2.o(.ARM.exidx) refers to rtexit2.o(.ARM.Collect$$rtexit$$00000003) for .ARM.Collect$$rtexit$$00000003
    rtexit2.o(.ARM.exidx) refers to rtexit2.o(.ARM.Collect$$rtexit$$00000004) for .ARM.Collect$$rtexit$$00000004
    __raise.o(.text) refers to defsig.o(CL$$defsig) for __default_signal_handler
    defsig_general.o(.text) refers to sys_wrch.o(.text) for _ttywrch
    sys_wrch.o(.text) refers (Special) to use_no_semi.o(.text) for __I$use$semihosting
    sys_wrch.o(.text) refers (Special) to indicate_semi.o(.text) for __semihosting_library_function
    defsig.o(CL$$defsig) refers to defsig_fpe_inner.o(.text) for __rt_SIGFPE_inner
    defsig.o(CL$$defsig) refers to defsig_rtmem_inner.o(.text) for __rt_SIGRTMEM_inner
    _get_argv_nomalloc.o(.text) refers (Special) to hrguard.o(.text) for __heap_region$guard
    _get_argv_nomalloc.o(.text) refers to defsig_rtmem_outer.o(.text) for __rt_SIGRTMEM
    _get_argv_nomalloc.o(.text) refers to sys_command.o(.text) for _sys_command_string
    libshutdown.o(.ARM.Collect$$libshutdown$$00000000) refers (Special) to libshutdown2.o(.ARM.Collect$$libshutdown$$00000002) for __rt_lib_shutdown_cpp_1
    libshutdown.o(.ARM.Collect$$libshutdown$$00000000) refers (Special) to libshutdown2.o(.ARM.Collect$$libshutdown$$00000007) for __rt_lib_shutdown_fp_trap_1
    libshutdown.o(.ARM.Collect$$libshutdown$$00000000) refers (Special) to libshutdown2.o(.ARM.Collect$$libshutdown$$0000000F) for __rt_lib_shutdown_heap_1
    libshutdown.o(.ARM.Collect$$libshutdown$$00000000) refers (Special) to libshutdown2.o(.ARM.Collect$$libshutdown$$00000010) for __rt_lib_shutdown_return
    libshutdown.o(.ARM.Collect$$libshutdown$$00000000) refers (Special) to libshutdown2.o(.ARM.Collect$$libshutdown$$0000000A) for __rt_lib_shutdown_signal_1
    libshutdown.o(.ARM.Collect$$libshutdown$$00000000) refers (Special) to libshutdown2.o(.ARM.Collect$$libshutdown$$00000004) for __rt_lib_shutdown_stdio_1
    libshutdown.o(.ARM.Collect$$libshutdown$$00000000) refers (Special) to libshutdown2.o(.ARM.Collect$$libshutdown$$0000000C) for __rt_lib_shutdown_user_alloc_1
    sys_command.o(.text) refers (Special) to use_no_semi.o(.text) for __I$use$semihosting
    sys_command.o(.text) refers (Special) to indicate_semi.o(.text) for __semihosting_library_function
    defsig_abrt_inner.o(.text) refers to defsig_general.o(.text) for __default_signal_display
    defsig_rtred_inner.o(.text) refers to defsig_general.o(.text) for __default_signal_display
    defsig_rtmem_inner.o(.text) refers to defsig_general.o(.text) for __default_signal_display
    defsig_rtmem_outer.o(.text) refers to defsig_rtmem_inner.o(.text) for __rt_SIGRTMEM_inner
    defsig_rtmem_outer.o(.text) refers to defsig_exit.o(.text) for __sig_exit
    defsig_rtmem_formal.o(.text) refers to rt_raise.o(.text) for __rt_raise
    defsig_stak_inner.o(.text) refers to defsig_general.o(.text) for __default_signal_display
    defsig_pvfn_inner.o(.text) refers to defsig_general.o(.text) for __default_signal_display
    defsig_cppl_inner.o(.text) refers to defsig_general.o(.text) for __default_signal_display
    defsig_segv_inner.o(.text) refers to defsig_general.o(.text) for __default_signal_display
    defsig_other.o(.text) refers to defsig_general.o(.text) for __default_signal_display


==============================================================================

Removing Unused input sections from the image.

    Removing core_cm0.o(.emb_text), (32 bytes).
    Removing scankey.o(i.CloseKeyPad), (24 bytes).
    Removing lcd.o(i.draw_Bmp16x16), (108 bytes).
    Removing lcd.o(i.draw_Bmp16x32), (108 bytes).
    Removing lcd.o(i.draw_Bmp16x48), (110 bytes).
    Removing lcd.o(i.draw_Bmp16x64), (110 bytes).
    Removing lcd.o(i.draw_Bmp16x8), (86 bytes).
    Removing lcd.o(i.draw_Bmp32x16), (144 bytes).
    Removing lcd.o(i.draw_Bmp32x32), (144 bytes).
    Removing lcd.o(i.draw_Bmp32x48), (144 bytes).
    Removing lcd.o(i.draw_Bmp32x64), (144 bytes).
    Removing lcd.o(i.draw_Bmp64x64), (144 bytes).
    Removing lcd.o(i.draw_Bmp8x16), (140 bytes).
    Removing lcd.o(i.draw_Bmp8x8), (86 bytes).
    Removing lcd.o(i.draw_LCD), (52 bytes).
    Removing lcd.o(i.draw_Pixel), (176 bytes).
    Removing lcd.o(i.printC_5x7), (96 bytes).
    Removing lcd.o(i.printS), (42 bytes).
    Removing lcd.o(i.printS_5x7), (42 bytes).
    Removing gpio.o(i.DrvGPIO_Close), (68 bytes).
    Removing gpio.o(i.DrvGPIO_ClrBitMask), (36 bytes).
    Removing gpio.o(i.DrvGPIO_ClrPortMask), (32 bytes).
    Removing gpio.o(i.DrvGPIO_DisableDebounce), (52 bytes).
    Removing gpio.o(i.DrvGPIO_DisableDigitalInputBit), (40 bytes).
    Removing gpio.o(i.DrvGPIO_DisableEINT0), (36 bytes).
    Removing gpio.o(i.DrvGPIO_DisableEINT1), (36 bytes).
    Removing gpio.o(i.DrvGPIO_DisableInt), (80 bytes).
    Removing gpio.o(i.DrvGPIO_EnableDebounce), (52 bytes).
    Removing gpio.o(i.DrvGPIO_EnableDigitalInputBit), (40 bytes).
    Removing gpio.o(i.DrvGPIO_EnableEINT0), (152 bytes).
    Removing gpio.o(i.DrvGPIO_EnableEINT1), (152 bytes).
    Removing gpio.o(i.DrvGPIO_EnableInt), (240 bytes).
    Removing gpio.o(i.DrvGPIO_GetBitMask), (28 bytes).
    Removing gpio.o(i.DrvGPIO_GetDebounceSampleCycle), (16 bytes).
    Removing gpio.o(i.DrvGPIO_GetDoutBit), (40 bytes).
    Removing gpio.o(i.DrvGPIO_GetIntStatus), (16 bytes).
    Removing gpio.o(i.DrvGPIO_GetPortBits), (16 bytes).
    Removing gpio.o(i.DrvGPIO_GetPortDoutBits), (28 bytes).
    Removing gpio.o(i.DrvGPIO_GetPortMask), (16 bytes).
    Removing gpio.o(i.DrvGPIO_GetVersion), (8 bytes).
    Removing gpio.o(i.DrvGPIO_SetBitMask), (36 bytes).
    Removing gpio.o(i.DrvGPIO_SetDebounceTime), (64 bytes).
    Removing gpio.o(i.DrvGPIO_SetIntCallback), (20 bytes).
    Removing gpio.o(i.DrvGPIO_SetPortBits), (20 bytes).
    Removing gpio.o(i.DrvGPIO_SetPortMask), (32 bytes).
    Removing gpio.o(i.NVIC_DisableIRQ), (20 bytes).
    Removing gpio.o(i.NVIC_EnableIRQ), (20 bytes).
    Removing gpio.o(i.NVIC_SetPriority), (120 bytes).
    Removing sys.o(i.DrvSYS_ClearClockSwitchStatus), (20 bytes).
    Removing sys.o(i.DrvSYS_ClearResetSource), (12 bytes).
    Removing sys.o(i.DrvSYS_DisableBODLowPowerMode), (18 bytes).
    Removing sys.o(i.DrvSYS_DisableHighPerformanceMode), (18 bytes).
    Removing sys.o(i.DrvSYS_DisableLowVoltReset), (18 bytes).
    Removing sys.o(i.DrvSYS_DisablePOR), (12 bytes).
    Removing sys.o(i.DrvSYS_DisableTemperatureSensor), (18 bytes).
    Removing sys.o(i.DrvSYS_EnableBODLowPowerMode), (20 bytes).
    Removing sys.o(i.DrvSYS_EnableHighPerformanceMode), (20 bytes).
    Removing sys.o(i.DrvSYS_EnableLowVoltReset), (20 bytes).
    Removing sys.o(i.DrvSYS_EnablePOR), (10 bytes).
    Removing sys.o(i.DrvSYS_EnableTemperatureSensor), (20 bytes).
    Removing sys.o(i.DrvSYS_EnterPowerDown), (56 bytes).
    Removing sys.o(i.DrvSYS_GetBODState), (12 bytes).
    Removing sys.o(i.DrvSYS_GetChipClockSourceStatus), (88 bytes).
    Removing sys.o(i.DrvSYS_GetClockSwitchStatus), (16 bytes).
    Removing sys.o(i.DrvSYS_GetExtClockFreq), (8 bytes).
    Removing sys.o(i.DrvSYS_GetResetSource), (8 bytes).
    Removing sys.o(i.DrvSYS_GetVersion), (8 bytes).
    Removing sys.o(i.DrvSYS_LockProtectedReg), (36 bytes).
    Removing sys.o(i.DrvSYS_ReadProductID), (8 bytes).
    Removing sys.o(i.DrvSYS_ResetCPU), (20 bytes).
    Removing sys.o(i.DrvSYS_ResetChip), (20 bytes).
    Removing sys.o(i.DrvSYS_ResetIP), (110 bytes).
    Removing sys.o(i.DrvSYS_SelectBODVolt), (26 bytes).
    Removing sys.o(i.DrvSYS_SelectIPClockSource), (352 bytes).
    Removing sys.o(i.DrvSYS_SelectPLLSource), (32 bytes).
    Removing sys.o(i.DrvSYS_SelectSysTickSource), (52 bytes).
    Removing sys.o(i.DrvSYS_SetBODFunction), (92 bytes).
    Removing sys.o(i.DrvSYS_SetClockDivider), (136 bytes).
    Removing sys.o(i.DrvSYS_SetFreqDividerOutput), (76 bytes).
    Removing sys.o(i.DrvSYS_SetIPClock), (120 bytes).
    Removing sys.o(i.DrvSYS_SetOscCtrl), (128 bytes).
    Removing sys.o(i.DrvSYS_SetPLLMode), (52 bytes).
    Removing sys.o(i.DrvSYS_SetPowerDownWakeUpInt), (108 bytes).
    Removing sys.o(i.DrvSYS_UnlockProtectedReg), (44 bytes).
    Removing sys.o(i.NVIC_DisableIRQ), (20 bytes).
    Removing sys.o(i.NVIC_EnableIRQ), (20 bytes).
    Removing sys.o(i.NVIC_SetPriority), (120 bytes).
    Removing spi.o(i.DrvSPI_3WireAbort), (32 bytes).
    Removing spi.o(i.DrvSPI_BurstRead), (72 bytes).
    Removing spi.o(i.DrvSPI_BurstTransfer), (112 bytes).
    Removing spi.o(i.DrvSPI_BurstWrite), (72 bytes).
    Removing spi.o(i.DrvSPI_Close), (324 bytes).
    Removing spi.o(i.DrvSPI_Clr3WireStartIntFlag), (32 bytes).
    Removing spi.o(i.DrvSPI_ClrGo), (28 bytes).
    Removing spi.o(i.DrvSPI_ClrIntFlag), (32 bytes).
    Removing spi.o(i.DrvSPI_ClrSS), (48 bytes).
    Removing spi.o(i.DrvSPI_Disable3Wire), (28 bytes).
    Removing spi.o(i.DrvSPI_Disable3WireStartInt), (100 bytes).
    Removing spi.o(i.DrvSPI_DisableDivOne), (28 bytes).
    Removing spi.o(i.DrvSPI_DisableInt), (100 bytes).
    Removing spi.o(i.DrvSPI_DumpRxRegister), (48 bytes).
    Removing spi.o(i.DrvSPI_Enable3Wire), (32 bytes).
    Removing spi.o(i.DrvSPI_Enable3WireStartInt), (140 bytes).
    Removing spi.o(i.DrvSPI_EnableAutoSS), (56 bytes).
    Removing spi.o(i.DrvSPI_EnableDivOne), (28 bytes).
    Removing spi.o(i.DrvSPI_EnableInt), (140 bytes).
    Removing spi.o(i.DrvSPI_Get3WireStartIntFlag), (20 bytes).
    Removing spi.o(i.DrvSPI_GetClock1Freq), (36 bytes).
    Removing spi.o(i.DrvSPI_GetClock2Freq), (36 bytes).
    Removing spi.o(i.DrvSPI_GetIntFlag), (20 bytes).
    Removing spi.o(i.DrvSPI_GetLevelTriggerStatus), (32 bytes).
    Removing spi.o(i.DrvSPI_GetVersion), (8 bytes).
    Removing spi.o(i.DrvSPI_Set2BitTransferMode), (80 bytes).
    Removing spi.o(i.DrvSPI_SetBitLength), (64 bytes).
    Removing spi.o(i.DrvSPI_SetByteReorder), (112 bytes).
    Removing spi.o(i.DrvSPI_SetGo), (28 bytes).
    Removing spi.o(i.DrvSPI_SetPDMA), (112 bytes).
    Removing spi.o(i.DrvSPI_SetSS), (36 bytes).
    Removing spi.o(i.DrvSPI_SetSuspendCycle), (88 bytes).
    Removing spi.o(i.DrvSPI_SetTriggerMode), (36 bytes).
    Removing spi.o(i.DrvSPI_SetTxRegister), (48 bytes).
    Removing spi.o(i.DrvSPI_SetVariableClockFunction), (68 bytes).
    Removing spi.o(i.DrvSPI_SingleRead), (64 bytes).
    Removing spi.o(i.DrvSPI_SingleWrite), (64 bytes).
    Removing spi.o(i.DrvSPI_SingleWrite_byte), (60 bytes).
    Removing spi.o(i.NVIC_DisableIRQ), (20 bytes).
    Removing spi.o(i.NVIC_EnableIRQ), (20 bytes).
    Removing spi.o(i.NVIC_SetPriority), (120 bytes).

128 unused section(s) (total 8046 bytes) removed from the image.

==============================================================================

Image Symbol Table

    Local Symbols

    Symbol Name                              Value     Ov Type        Size  Object(Section)

    RESET                                    0x00000000   Section      192  startup_nuc1xx.o(RESET)
    ../clib/angel/boardlib.s                 0x00000000   Number         0  boardshut.o ABSOLUTE
    ../clib/angel/boardlib.s                 0x00000000   Number         0  boardinit3.o ABSOLUTE
    ../clib/angel/boardlib.s                 0x00000000   Number         0  boardinit2.o ABSOLUTE
    ../clib/angel/boardlib.s                 0x00000000   Number         0  boardinit1.o ABSOLUTE
    ../clib/angel/handlers.s                 0x00000000   Number         0  __scatter_copy.o ABSOLUTE
    ../clib/angel/handlers.s                 0x00000000   Number         0  __scatter_zi.o ABSOLUTE
    ../clib/angel/kernel.s                   0x00000000   Number         0  __rtentry4.o ABSOLUTE
    ../clib/angel/kernel.s                   0x00000000   Number         0  rtexit2.o ABSOLUTE
    ../clib/angel/kernel.s                   0x00000000   Number         0  __rtentry.o ABSOLUTE
    ../clib/angel/kernel.s                   0x00000000   Number         0  rtexit.o ABSOLUTE
    ../clib/angel/kernel.s                   0x00000000   Number         0  __rtentry2.o ABSOLUTE
    ../clib/angel/rt.s                       0x00000000   Number         0  rt_raise.o ABSOLUTE
    ../clib/angel/rt.s                       0x00000000   Number         0  aeabi_idiv0.o ABSOLUTE
    ../clib/angel/rt.s                       0x00000000   Number         0  aeabi_idiv0_sigfpe.o ABSOLUTE
    ../clib/angel/rt.s                       0x00000000   Number         0  rt_div0.o ABSOLUTE
    ../clib/angel/scatterp.s                 0x00000000   Number         0  __scatter.o ABSOLUTE
    ../clib/angel/startup.s                  0x00000000   Number         0  __main.o ABSOLUTE
    ../clib/angel/sys.s                      0x00000000   Number         0  libspace.o ABSOLUTE
    ../clib/angel/sys.s                      0x00000000   Number         0  tempstk.o ABSOLUTE
    ../clib/angel/sys.s                      0x00000000   Number         0  use_no_semi.o ABSOLUTE
    ../clib/angel/sys.s                      0x00000000   Number         0  indicate_semi.o ABSOLUTE
    ../clib/angel/sys.s                      0x00000000   Number         0  sys_stackheap_outer.o ABSOLUTE
    ../clib/angel/sysapp.c                   0x00000000   Number         0  sys_exit.o ABSOLUTE
    ../clib/angel/sysapp.c                   0x00000000   Number         0  sys_command.o ABSOLUTE
    ../clib/angel/sysapp.c                   0x00000000   Number         0  sys_wrch.o ABSOLUTE
    ../clib/armsys.c                         0x00000000   Number         0  argv_veneer.o ABSOLUTE
    ../clib/armsys.c                         0x00000000   Number         0  _get_argv_nomalloc.o ABSOLUTE
    ../clib/armsys.c                         0x00000000   Number         0  no_argv.o ABSOLUTE
    ../clib/division.c                       0x00000000   Number         0  rtudiv10.o ABSOLUTE
    ../clib/division.s                       0x00000000   Number         0  aeabi_sdiv_div0.o ABSOLUTE
    ../clib/division.s                       0x00000000   Number         0  aeabi_sdiv.o ABSOLUTE
    ../clib/heapalloc.c                      0x00000000   Number         0  hrguard.o ABSOLUTE
    ../clib/heapaux.c                        0x00000000   Number         0  heapauxi.o ABSOLUTE
    ../clib/libinit.s                        0x00000000   Number         0  libshutdown2.o ABSOLUTE
    ../clib/libinit.s                        0x00000000   Number         0  libinit.o ABSOLUTE
    ../clib/libinit.s                        0x00000000   Number         0  libshutdown.o ABSOLUTE
    ../clib/libinit.s                        0x00000000   Number         0  libinit2.o ABSOLUTE
    ../clib/printf.c                         0x00000000   Number         0  __printf_ss_wp.o ABSOLUTE
    ../clib/printf.c                         0x00000000   Number         0  __printf_flags_ss.o ABSOLUTE
    ../clib/printf.c                         0x00000000   Number         0  __printf_wp.o ABSOLUTE
    ../clib/printf.c                         0x00000000   Number         0  __printf_flags_wp.o ABSOLUTE
    ../clib/printf.c                         0x00000000   Number         0  _printf_intcommon.o ABSOLUTE
    ../clib/printf.c                         0x00000000   Number         0  __printf_flags_ss_wp.o ABSOLUTE
    ../clib/printf.c                         0x00000000   Number         0  _sputc.o ABSOLUTE
    ../clib/printf.c                         0x00000000   Number         0  __2sprintf.o ABSOLUTE
    ../clib/printf.c                         0x00000000   Number         0  noretval__2sprintf.o ABSOLUTE
    ../clib/printf.c                         0x00000000   Number         0  __printf_nopercent.o ABSOLUTE
    ../clib/printf.c                         0x00000000   Number         0  __printf_ss.o ABSOLUTE
    ../clib/printf.c                         0x00000000   Number         0  _printf_char_common.o ABSOLUTE
    ../clib/printf.c                         0x00000000   Number         0  _printf_dec.o ABSOLUTE
    ../clib/printf.c                         0x00000000   Number         0  __printf.o ABSOLUTE
    ../clib/printf.c                         0x00000000   Number         0  __printf_flags.o ABSOLUTE
    ../clib/printf_percent.s                 0x00000000   Number         0  _printf_percent_end.o ABSOLUTE
    ../clib/printf_percent.s                 0x00000000   Number         0  _printf_percent.o ABSOLUTE
    ../clib/printf_percent.s                 0x00000000   Number         0  _printf_d.o ABSOLUTE
    ../clib/signal.c                         0x00000000   Number         0  defsig_rtmem_formal.o ABSOLUTE
    ../clib/signal.c                         0x00000000   Number         0  defsig_rtmem_outer.o ABSOLUTE
    ../clib/signal.c                         0x00000000   Number         0  defsig_fpe_inner.o ABSOLUTE
    ../clib/signal.c                         0x00000000   Number         0  defsig_rtred_inner.o ABSOLUTE
    ../clib/signal.c                         0x00000000   Number         0  defsig_abrt_inner.o ABSOLUTE
    ../clib/signal.c                         0x00000000   Number         0  defsig_fpe_formal.o ABSOLUTE
    ../clib/signal.c                         0x00000000   Number         0  defsig_general.o ABSOLUTE
    ../clib/signal.c                         0x00000000   Number         0  __raise.o ABSOLUTE
    ../clib/signal.c                         0x00000000   Number         0  defsig_rtmem_inner.o ABSOLUTE
    ../clib/signal.c                         0x00000000   Number         0  defsig_other.o ABSOLUTE
    ../clib/signal.c                         0x00000000   Number         0  defsig_segv_inner.o ABSOLUTE
    ../clib/signal.c                         0x00000000   Number         0  defsig_exit.o ABSOLUTE
    ../clib/signal.c                         0x00000000   Number         0  defsig_cppl_inner.o ABSOLUTE
    ../clib/signal.c                         0x00000000   Number         0  defsig_pvfn_inner.o ABSOLUTE
    ../clib/signal.c                         0x00000000   Number         0  defsig_stak_inner.o ABSOLUTE
    ../clib/signal.c                         0x00000000   Number         0  defsig_fpe_outer.o ABSOLUTE
    ../clib/signal.s                         0x00000000   Number         0  defsig.o ABSOLUTE
    ../clib/stdlib.c                         0x00000000   Number         0  exit.o ABSOLUTE
    ../clib/string.c                         0x00000000   Number         0  strlen.o ABSOLUTE
    ../fplib/cfplib/fpinit.c                 0x00000000   Number         0  fpinit.o ABSOLUTE
    ..\..\..\..\Library\CMSIS\Include\core_cm0.c 0x00000000   Number         0  core_cm0.o ABSOLUTE
    ..\..\..\..\Library\Device\Nuvoton\NUC1xx\Source\arm\startup_NUC1xx.s 0x00000000   Number         0  startup_nuc1xx.o ABSOLUTE
    ..\..\..\..\Library\Device\Nuvoton\NUC1xx\Source\system_NUC1xx.c 0x00000000   Number         0  system_nuc1xx.o ABSOLUTE
    ..\..\..\..\Library\NUC1xx-LB_002\Source\LCD.c 0x00000000   Number         0  lcd.o ABSOLUTE
    ..\..\..\..\Library\NUC1xx-LB_002\Source\Scankey.c 0x00000000   Number         0  scankey.o ABSOLUTE
    ..\..\..\..\Library\NUC1xx\Source\GPIO.c 0x00000000   Number         0  gpio.o ABSOLUTE
    ..\..\..\..\Library\NUC1xx\Source\SPI.c  0x00000000   Number         0  spi.o ABSOLUTE
    ..\..\..\..\Library\NUC1xx\Source\SYS.c  0x00000000   Number         0  sys.o ABSOLUTE
    ..\\..\\..\\..\\Library\\CMSIS\\Include\\core_cm0.c 0x00000000   Number         0  core_cm0.o ABSOLUTE
    ..\main.c                                0x00000000   Number         0  main.o ABSOLUTE
    !!!main                                  0x000000c0   Section        8  __main.o(!!!main)
    !!!scatter                               0x000000c8   Section       60  __scatter.o(!!!scatter)
    !!handler_copy                           0x00000104   Section       26  __scatter_copy.o(!!handler_copy)
    !!handler_zi                             0x00000120   Section       28  __scatter_zi.o(!!handler_zi)
    .ARM.Collect$$_printf_percent$$00000000  0x0000013c   Section        2  _printf_percent.o(.ARM.Collect$$_printf_percent$$00000000)
    .ARM.Collect$$_printf_percent$$00000009  0x0000013e   Section       10  _printf_d.o(.ARM.Collect$$_printf_percent$$00000009)
    .ARM.Collect$$_printf_percent$$00000017  0x00000148   Section        4  _printf_percent_end.o(.ARM.Collect$$_printf_percent$$00000017)
    .ARM.Collect$$libinit$$00000000          0x0000014c   Section        2  libinit.o(.ARM.Collect$$libinit$$00000000)
    .ARM.Collect$$libinit$$00000002          0x0000014e   Section        0  libinit2.o(.ARM.Collect$$libinit$$00000002)
    .ARM.Collect$$libinit$$00000004          0x0000014e   Section        0  libinit2.o(.ARM.Collect$$libinit$$00000004)
    .ARM.Collect$$libinit$$0000000A          0x0000014e   Section        0  libinit2.o(.ARM.Collect$$libinit$$0000000A)
    .ARM.Collect$$libinit$$0000000C          0x0000014e   Section        0  libinit2.o(.ARM.Collect$$libinit$$0000000C)
    .ARM.Collect$$libinit$$0000000E          0x0000014e   Section        0  libinit2.o(.ARM.Collect$$libinit$$0000000E)
    .ARM.Collect$$libinit$$00000011          0x0000014e   Section        0  libinit2.o(.ARM.Collect$$libinit$$00000011)
    .ARM.Collect$$libinit$$00000013          0x0000014e   Section        0  libinit2.o(.ARM.Collect$$libinit$$00000013)
    .ARM.Collect$$libinit$$00000015          0x0000014e   Section        0  libinit2.o(.ARM.Collect$$libinit$$00000015)
    .ARM.Collect$$libinit$$00000017          0x0000014e   Section        0  libinit2.o(.ARM.Collect$$libinit$$00000017)
    .ARM.Collect$$libinit$$00000019          0x0000014e   Section        0  libinit2.o(.ARM.Collect$$libinit$$00000019)
    .ARM.Collect$$libinit$$0000001B          0x0000014e   Section        0  libinit2.o(.ARM.Collect$$libinit$$0000001B)
    .ARM.Collect$$libinit$$0000001D          0x0000014e   Section        0  libinit2.o(.ARM.Collect$$libinit$$0000001D)
    .ARM.Collect$$libinit$$0000001F          0x0000014e   Section        0  libinit2.o(.ARM.Collect$$libinit$$0000001F)
    .ARM.Collect$$libinit$$00000021          0x0000014e   Section        0  libinit2.o(.ARM.Collect$$libinit$$00000021)
    .ARM.Collect$$libinit$$00000023          0x0000014e   Section        0  libinit2.o(.ARM.Collect$$libinit$$00000023)
    .ARM.Collect$$libinit$$00000025          0x0000014e   Section        0  libinit2.o(.ARM.Collect$$libinit$$00000025)
    .ARM.Collect$$libinit$$0000002C          0x0000014e   Section        0  libinit2.o(.ARM.Collect$$libinit$$0000002C)
    .ARM.Collect$$libinit$$0000002E          0x0000014e   Section        0  libinit2.o(.ARM.Collect$$libinit$$0000002E)
    .ARM.Collect$$libinit$$00000030          0x0000014e   Section        0  libinit2.o(.ARM.Collect$$libinit$$00000030)
    .ARM.Collect$$libinit$$00000032          0x0000014e   Section        0  libinit2.o(.ARM.Collect$$libinit$$00000032)
    .ARM.Collect$$libinit$$00000033          0x0000014e   Section        2  libinit2.o(.ARM.Collect$$libinit$$00000033)
    .ARM.Collect$$libshutdown$$00000000      0x00000150   Section        2  libshutdown.o(.ARM.Collect$$libshutdown$$00000000)
    .ARM.Collect$$libshutdown$$00000002      0x00000152   Section        0  libshutdown2.o(.ARM.Collect$$libshutdown$$00000002)
    .ARM.Collect$$libshutdown$$00000004      0x00000152   Section        0  libshutdown2.o(.ARM.Collect$$libshutdown$$00000004)
    .ARM.Collect$$libshutdown$$00000007      0x00000152   Section        0  libshutdown2.o(.ARM.Collect$$libshutdown$$00000007)
    .ARM.Collect$$libshutdown$$0000000A      0x00000152   Section        0  libshutdown2.o(.ARM.Collect$$libshutdown$$0000000A)
    .ARM.Collect$$libshutdown$$0000000C      0x00000152   Section        0  libshutdown2.o(.ARM.Collect$$libshutdown$$0000000C)
    .ARM.Collect$$libshutdown$$0000000F      0x00000152   Section        0  libshutdown2.o(.ARM.Collect$$libshutdown$$0000000F)
    .ARM.Collect$$libshutdown$$00000010      0x00000152   Section        2  libshutdown2.o(.ARM.Collect$$libshutdown$$00000010)
    .ARM.Collect$$rtentry$$00000000          0x00000154   Section        0  __rtentry.o(.ARM.Collect$$rtentry$$00000000)
    .ARM.Collect$$rtentry$$00000002          0x00000154   Section        0  __rtentry2.o(.ARM.Collect$$rtentry$$00000002)
    .ARM.Collect$$rtentry$$00000004          0x00000154   Section        6  __rtentry4.o(.ARM.Collect$$rtentry$$00000004)
    .ARM.Collect$$rtentry$$00000009          0x0000015a   Section        0  __rtentry2.o(.ARM.Collect$$rtentry$$00000009)
    .ARM.Collect$$rtentry$$0000000A          0x0000015a   Section        4  __rtentry2.o(.ARM.Collect$$rtentry$$0000000A)
    .ARM.Collect$$rtentry$$0000000C          0x0000015e   Section        0  __rtentry2.o(.ARM.Collect$$rtentry$$0000000C)
    .ARM.Collect$$rtentry$$0000000D          0x0000015e   Section        8  __rtentry2.o(.ARM.Collect$$rtentry$$0000000D)
    .ARM.Collect$$rtexit$$00000000           0x00000166   Section        2  rtexit.o(.ARM.Collect$$rtexit$$00000000)
    .ARM.Collect$$rtexit$$00000002           0x00000168   Section        0  rtexit2.o(.ARM.Collect$$rtexit$$00000002)
    .ARM.Collect$$rtexit$$00000003           0x00000168   Section        4  rtexit2.o(.ARM.Collect$$rtexit$$00000003)
    .ARM.Collect$$rtexit$$00000004           0x0000016c   Section        6  rtexit2.o(.ARM.Collect$$rtexit$$00000004)
    .text                                    0x00000174   Section      100  startup_nuc1xx.o(.text)
    Default_Handler                          0x0000019f   Thumb Code     2  startup_nuc1xx.o(.text)
    .text                                    0x000001d8   Section        0  noretval__2sprintf.o(.text)
    .text                                    0x00000200   Section        0  __printf.o(.text)
    .text                                    0x0000026c   Section        0  _printf_dec.o(.text)
    .text                                    0x000002d8   Section        0  strlen.o(.text)
    .text                                    0x0000031c   Section      346  aeabi_sdiv.o(.text)
    .text                                    0x00000476   Section        0  heapauxi.o(.text)
    .text                                    0x0000047c   Section        0  _printf_intcommon.o(.text)
    .text                                    0x0000052c   Section        0  _printf_char_common.o(.text)
    _printf_input_char                       0x0000052d   Thumb Code    10  _printf_char_common.o(.text)
    .text                                    0x0000055c   Section        0  _sputc.o(.text)
    .text                                    0x00000566   Section        0  rtudiv10.o(.text)
    .text                                    0x0000058e   Section       62  sys_stackheap_outer.o(.text)
    .text                                    0x000005cc   Section        0  exit.o(.text)
    .text                                    0x000005dc   Section        8  libspace.o(.text)
    .text                                    0x000005e4   Section        0  sys_exit.o(.text)
    .text                                    0x000005f0   Section        2  use_no_semi.o(.text)
    .text                                    0x000005f2   Section        0  indicate_semi.o(.text)
    i.BOD_IRQHandler                         0x000005f4   Section        0  sys.o(i.BOD_IRQHandler)
    i.DrvGPIO_ClrBit                         0x0000061c   Section        0  gpio.o(i.DrvGPIO_ClrBit)
    i.DrvGPIO_GetBit                         0x00000648   Section        0  gpio.o(i.DrvGPIO_GetBit)
    i.DrvGPIO_InitFunction                   0x00000674   Section        0  gpio.o(i.DrvGPIO_InitFunction)
    i.DrvGPIO_Open                           0x00000dcc   Section        0  gpio.o(i.DrvGPIO_Open)
    i.DrvGPIO_SetBit                         0x00000e54   Section        0  gpio.o(i.DrvGPIO_SetBit)
    i.DrvSPI_DisableAutoSS                   0x00000e80   Section        0  spi.o(i.DrvSPI_DisableAutoSS)
    i.DrvSPI_IsBusy                          0x00000eac   Section        0  spi.o(i.DrvSPI_IsBusy)
    i.DrvSPI_Open                            0x00000ec0   Section        0  spi.o(i.DrvSPI_Open)
    i.DrvSPI_SetClockFreq                    0x0000128c   Section        0  spi.o(i.DrvSPI_SetClockFreq)
    i.DrvSPI_SetEndian                       0x00001360   Section        0  spi.o(i.DrvSPI_SetEndian)
    i.DrvSPI_SetSlaveSelectActiveLevel       0x0000139c   Section        0  spi.o(i.DrvSPI_SetSlaveSelectActiveLevel)
    i.DrvSYS_Delay                           0x000013c0   Section        0  sys.o(i.DrvSYS_Delay)
    i.DrvSYS_GetHCLKFreq                     0x000013ec   Section        0  sys.o(i.DrvSYS_GetHCLKFreq)
    i.DrvSYS_GetPLLClockFreq                 0x0000145c   Section        0  sys.o(i.DrvSYS_GetPLLClockFreq)
    i.DrvSYS_GetPLLContent                   0x000014d4   Section        0  sys.o(i.DrvSYS_GetPLLContent)
    i.DrvSYS_IsProtectedRegLocked            0x00001598   Section        0  sys.o(i.DrvSYS_IsProtectedRegLocked)
    i.DrvSYS_Open                            0x000015a8   Section        0  sys.o(i.DrvSYS_Open)
    i.DrvSYS_SelectHCLKSource                0x00001668   Section        0  sys.o(i.DrvSYS_SelectHCLKSource)
    i.DrvSYS_SetPLLContent                   0x000016a0   Section        0  sys.o(i.DrvSYS_SetPLLContent)
    i.EINT0_IRQHandler                       0x000016ec   Section        0  gpio.o(i.EINT0_IRQHandler)
    i.EINT1_IRQHandler                       0x00001710   Section        0  gpio.o(i.EINT1_IRQHandler)
    i.GPAB_IRQHandler                        0x00001734   Section        0  gpio.o(i.GPAB_IRQHandler)
    i.GPCDE_IRQHandler                       0x00001778   Section        0  gpio.o(i.GPCDE_IRQHandler)
    i.OpenKeyPad                             0x000017c4   Section        0  scankey.o(i.OpenKeyPad)
    i.PWRWU_IRQHandler                       0x000017e0   Section        0  sys.o(i.PWRWU_IRQHandler)
    i.SPI0_IRQHandler                        0x00001808   Section        0  spi.o(i.SPI0_IRQHandler)
    i.SPI1_IRQHandler                        0x0000186c   Section        0  spi.o(i.SPI1_IRQHandler)
    i.SPI2_IRQHandler                        0x000018d0   Section        0  spi.o(i.SPI2_IRQHandler)
    i.SPI3_IRQHandler                        0x00001934   Section        0  spi.o(i.SPI3_IRQHandler)
    i.ScanKey                                0x00001998   Section        0  scankey.o(i.ScanKey)
    i.SystemCoreClockUpdate                  0x00001a1c   Section        0  system_nuc1xx.o(i.SystemCoreClockUpdate)
    i.SystemInit                             0x00001abc   Section        0  system_nuc1xx.o(i.SystemInit)
    i.__ARM_common_switch8                   0x00001abe   Section        0  gpio.o(i.__ARM_common_switch8)
    i.clear_LCD                              0x00001adc   Section        0  lcd.o(i.clear_LCD)
    i.delay                                  0x00001b34   Section        0  scankey.o(i.delay)
    i.init_LCD                               0x00001b44   Section        0  lcd.o(i.init_LCD)
    i.init_SPI3                              0x00001b6c   Section        0  lcd.o(i.init_SPI3)
    i.lcdSetAddr                             0x00001ba8   Section        0  lcd.o(i.lcdSetAddr)
    i.lcdWriteCommand                        0x00001c9c   Section        0  lcd.o(i.lcdWriteCommand)
    i.lcdWriteData                           0x00001cfc   Section        0  lcd.o(i.lcdWriteData)
    i.main                                   0x00001d54   Section        0  main.o(i.main)
    i.printC                                 0x00001dfc   Section        0  lcd.o(i.printC)
    i.print_Line                             0x00001e80   Section        0  lcd.o(i.print_Line)
    .constdata                               0x00001ea4   Section        4  scankey.o(.constdata)
    .constdata                               0x00001ea8   Section       16  sys.o(.constdata)
    .data                                    0x20000000   Section       28  system_nuc1xx.o(.data)
    .data                                    0x2000001c   Section     2016  lcd.o(.data)
    Font5x7                                  0x2000001c   Data         480  lcd.o(.data)
    .data                                    0x200007fc   Section       16  gpio.o(.data)
    _pfGPABCallback                          0x200007fc   Data           4  gpio.o(.data)
    _pfGPCDECallback                         0x20000800   Data           4  gpio.o(.data)
    _pfEINT0Callback                         0x20000804   Data           4  gpio.o(.data)
    _pfEINT1Callback                         0x20000808   Data           4  gpio.o(.data)
    .data                                    0x2000080c   Section        8  sys.o(.data)
    BOD_callbackFn                           0x2000080c   Data           4  sys.o(.data)
    PWRWU_callbackFn                         0x20000810   Data           4  sys.o(.data)
    .data                                    0x20000814   Section       16  spi.o(.data)
    SPI_PORT                                 0x20000814   Data          16  spi.o(.data)
    .bss                                     0x20000824   Section     1024  lcd.o(.bss)
    .bss                                     0x20000c24   Section       80  spi.o(.bss)
    g_sSpiHandler                            0x20000c24   Data          80  spi.o(.bss)
    .bss                                     0x20000c74   Section       96  libspace.o(.bss)
    HEAP                                     0x20000cd8   Section        0  startup_nuc1xx.o(HEAP)
    STACK                                    0x20000cd8   Section     1024  startup_nuc1xx.o(STACK)
    Heap_Mem                                 0x20000cd8   Data           0  startup_nuc1xx.o(HEAP)
    Stack_Mem                                0x20000cd8   Data        1024  startup_nuc1xx.o(STACK)
    __initial_sp                             0x200010d8   Data           0  startup_nuc1xx.o(STACK)

    Global Symbols

    Symbol Name                              Value     Ov Type        Size  Object(Section)

    BuildAttributes$$THM_ISAv3M$S$PE$A:L22$X:L11$S22$IEEE1$IW$USESV6$~STKCKD$USESV7$~SHL$OSPACE$ROPI$EBA8$UX$STANDARDLIB$REQ8$PRES8$EABIv2 0x00000000   Number         0  anon$$obj.o ABSOLUTE
    __ARM_use_no_argv                        0x00000000   Number         0  main.o ABSOLUTE
    __Vectors                                0x00000000   Data           4  startup_nuc1xx.o(RESET)
    __ARM_exceptions_init                     - Undefined Weak Reference
    __alloca_initialize                       - Undefined Weak Reference
    __arm_preinit_                            - Undefined Weak Reference
    __cpp_initialize__aeabi_                  - Undefined Weak Reference
    __cxa_finalize                            - Undefined Weak Reference
    __rt_locale                               - Undefined Weak Reference
    __sigvec_lookup                           - Undefined Weak Reference
    _atexit_init                              - Undefined Weak Reference
    _call_atexit_fns                          - Undefined Weak Reference
    _clock_init                               - Undefined Weak Reference
    _fp_trap_init                             - Undefined Weak Reference
    _fp_trap_shutdown                         - Undefined Weak Reference
    _get_lc_collate                           - Undefined Weak Reference
    _get_lc_ctype                             - Undefined Weak Reference
    _get_lc_monetary                          - Undefined Weak Reference
    _get_lc_numeric                           - Undefined Weak Reference
    _get_lc_time                              - Undefined Weak Reference
    _getenv_init                              - Undefined Weak Reference
    _handle_redirection                       - Undefined Weak Reference
    _init_alloc                               - Undefined Weak Reference
    _init_user_alloc                          - Undefined Weak Reference
    _initio                                   - Undefined Weak Reference
    _printf_post_padding                      - Undefined Weak Reference
    _printf_pre_padding                       - Undefined Weak Reference
    _printf_truncate_signed                   - Undefined Weak Reference
    _printf_truncate_unsigned                 - Undefined Weak Reference
    _rand_init                                - Undefined Weak Reference
    _signal_finish                            - Undefined Weak Reference
    _signal_init                              - Undefined Weak Reference
    _terminate_alloc                          - Undefined Weak Reference
    _terminate_user_alloc                     - Undefined Weak Reference
    _terminateio                              - Undefined Weak Reference
    __main                                   0x000000c1   Thumb Code     8  __main.o(!!!main)
    __scatterload                            0x000000c9   Thumb Code     0  __scatter.o(!!!scatter)
    __scatterload_rt2                        0x000000c9   Thumb Code    52  __scatter.o(!!!scatter)
    __scatterload_rt2_thumb_only             0x000000c9   Thumb Code     0  __scatter.o(!!!scatter)
    __scatterload_null                       0x000000d9   Thumb Code     0  __scatter.o(!!!scatter)
    __scatterload_copy                       0x00000105   Thumb Code    26  __scatter_copy.o(!!handler_copy)
    __scatterload_zeroinit                   0x00000121   Thumb Code    28  __scatter_zi.o(!!handler_zi)
    _printf_percent                          0x0000013d   Thumb Code     0  _printf_percent.o(.ARM.Collect$$_printf_percent$$00000000)
    _printf_d                                0x0000013f   Thumb Code     0  _printf_d.o(.ARM.Collect$$_printf_percent$$00000009)
    _printf_percent_end                      0x00000149   Thumb Code     0  _printf_percent_end.o(.ARM.Collect$$_printf_percent$$00000017)
    __rt_lib_init                            0x0000014d   Thumb Code     0  libinit.o(.ARM.Collect$$libinit$$00000000)
    __rt_lib_init_alloca_1                   0x0000014f   Thumb Code     0  libinit2.o(.ARM.Collect$$libinit$$0000002E)
    __rt_lib_init_argv_1                     0x0000014f   Thumb Code     0  libinit2.o(.ARM.Collect$$libinit$$0000002C)
    __rt_lib_init_atexit_1                   0x0000014f   Thumb Code     0  libinit2.o(.ARM.Collect$$libinit$$0000001B)
    __rt_lib_init_clock_1                    0x0000014f   Thumb Code     0  libinit2.o(.ARM.Collect$$libinit$$00000021)
    __rt_lib_init_cpp_1                      0x0000014f   Thumb Code     0  libinit2.o(.ARM.Collect$$libinit$$00000032)
    __rt_lib_init_exceptions_1               0x0000014f   Thumb Code     0  libinit2.o(.ARM.Collect$$libinit$$00000030)
    __rt_lib_init_fp_1                       0x0000014f   Thumb Code     0  libinit2.o(.ARM.Collect$$libinit$$00000002)
    __rt_lib_init_fp_trap_1                  0x0000014f   Thumb Code     0  libinit2.o(.ARM.Collect$$libinit$$0000001F)
    __rt_lib_init_getenv_1                   0x0000014f   Thumb Code     0  libinit2.o(.ARM.Collect$$libinit$$00000023)
    __rt_lib_init_heap_1                     0x0000014f   Thumb Code     0  libinit2.o(.ARM.Collect$$libinit$$0000000A)
    __rt_lib_init_lc_collate_1               0x0000014f   Thumb Code     0  libinit2.o(.ARM.Collect$$libinit$$00000011)
    __rt_lib_init_lc_ctype_1                 0x0000014f   Thumb Code     0  libinit2.o(.ARM.Collect$$libinit$$00000013)
    __rt_lib_init_lc_monetary_1              0x0000014f   Thumb Code     0  libinit2.o(.ARM.Collect$$libinit$$00000015)
    __rt_lib_init_lc_numeric_1               0x0000014f   Thumb Code     0  libinit2.o(.ARM.Collect$$libinit$$00000017)
    __rt_lib_init_lc_time_1                  0x0000014f   Thumb Code     0  libinit2.o(.ARM.Collect$$libinit$$00000019)
    __rt_lib_init_preinit_1                  0x0000014f   Thumb Code     0  libinit2.o(.ARM.Collect$$libinit$$00000004)
    __rt_lib_init_rand_1                     0x0000014f   Thumb Code     0  libinit2.o(.ARM.Collect$$libinit$$0000000E)
    __rt_lib_init_return                     0x0000014f   Thumb Code     0  libinit2.o(.ARM.Collect$$libinit$$00000033)
    __rt_lib_init_signal_1                   0x0000014f   Thumb Code     0  libinit2.o(.ARM.Collect$$libinit$$0000001D)
    __rt_lib_init_stdio_1                    0x0000014f   Thumb Code     0  libinit2.o(.ARM.Collect$$libinit$$00000025)
    __rt_lib_init_user_alloc_1               0x0000014f   Thumb Code     0  libinit2.o(.ARM.Collect$$libinit$$0000000C)
    __rt_lib_shutdown                        0x00000151   Thumb Code     0  libshutdown.o(.ARM.Collect$$libshutdown$$00000000)
    __rt_lib_shutdown_cpp_1                  0x00000153   Thumb Code     0  libshutdown2.o(.ARM.Collect$$libshutdown$$00000002)
    __rt_lib_shutdown_fp_trap_1              0x00000153   Thumb Code     0  libshutdown2.o(.ARM.Collect$$libshutdown$$00000007)
    __rt_lib_shutdown_heap_1                 0x00000153   Thumb Code     0  libshutdown2.o(.ARM.Collect$$libshutdown$$0000000F)
    __rt_lib_shutdown_return                 0x00000153   Thumb Code     0  libshutdown2.o(.ARM.Collect$$libshutdown$$00000010)
    __rt_lib_shutdown_signal_1               0x00000153   Thumb Code     0  libshutdown2.o(.ARM.Collect$$libshutdown$$0000000A)
    __rt_lib_shutdown_stdio_1                0x00000153   Thumb Code     0  libshutdown2.o(.ARM.Collect$$libshutdown$$00000004)
    __rt_lib_shutdown_user_alloc_1           0x00000153   Thumb Code     0  libshutdown2.o(.ARM.Collect$$libshutdown$$0000000C)
    __rt_entry                               0x00000155   Thumb Code     0  __rtentry.o(.ARM.Collect$$rtentry$$00000000)
    __rt_entry_presh_1                       0x00000155   Thumb Code     0  __rtentry2.o(.ARM.Collect$$rtentry$$00000002)
    __rt_entry_sh                            0x00000155   Thumb Code     0  __rtentry4.o(.ARM.Collect$$rtentry$$00000004)
    __rt_entry_li                            0x0000015b   Thumb Code     0  __rtentry2.o(.ARM.Collect$$rtentry$$0000000A)
    __rt_entry_postsh_1                      0x0000015b   Thumb Code     0  __rtentry2.o(.ARM.Collect$$rtentry$$00000009)
    __rt_entry_main                          0x0000015f   Thumb Code     0  __rtentry2.o(.ARM.Collect$$rtentry$$0000000D)
    __rt_entry_postli_1                      0x0000015f   Thumb Code     0  __rtentry2.o(.ARM.Collect$$rtentry$$0000000C)
    __rt_exit                                0x00000167   Thumb Code     0  rtexit.o(.ARM.Collect$$rtexit$$00000000)
    __rt_exit_ls                             0x00000169   Thumb Code     0  rtexit2.o(.ARM.Collect$$rtexit$$00000003)
    __rt_exit_prels_1                        0x00000169   Thumb Code     0  rtexit2.o(.ARM.Collect$$rtexit$$00000002)
    __rt_exit_exit                           0x0000016d   Thumb Code     0  rtexit2.o(.ARM.Collect$$rtexit$$00000004)
    Reset_Handler                            0x00000175   Thumb Code    32  startup_nuc1xx.o(.text)
    NMI_Handler                              0x00000195   Thumb Code     2  startup_nuc1xx.o(.text)
    HardFault_Handler                        0x00000197   Thumb Code     2  startup_nuc1xx.o(.text)
    SVC_Handler                              0x00000199   Thumb Code     2  startup_nuc1xx.o(.text)
    PendSV_Handler                           0x0000019b   Thumb Code     2  startup_nuc1xx.o(.text)
    SysTick_Handler                          0x0000019d   Thumb Code     2  startup_nuc1xx.o(.text)
    ACMP_IRQHandler                          0x0000019f   Thumb Code     0  startup_nuc1xx.o(.text)
    ADC_IRQHandler                           0x0000019f   Thumb Code     0  startup_nuc1xx.o(.text)
    CAN0_IRQHandler                          0x0000019f   Thumb Code     0  startup_nuc1xx.o(.text)
    I2C0_IRQHandler                          0x0000019f   Thumb Code     0  startup_nuc1xx.o(.text)
    I2C1_IRQHandler                          0x0000019f   Thumb Code     0  startup_nuc1xx.o(.text)
    I2S_IRQHandler                           0x0000019f   Thumb Code     0  startup_nuc1xx.o(.text)
    PDMA_IRQHandler                          0x0000019f   Thumb Code     0  startup_nuc1xx.o(.text)
    PS2_IRQHandler                           0x0000019f   Thumb Code     0  startup_nuc1xx.o(.text)
    PWMA_IRQHandler                          0x0000019f   Thumb Code     0  startup_nuc1xx.o(.text)
    PWMB_IRQHandler                          0x0000019f   Thumb Code     0  startup_nuc1xx.o(.text)
    RTC_IRQHandler                           0x0000019f   Thumb Code     0  startup_nuc1xx.o(.text)
    TMR0_IRQHandler                          0x0000019f   Thumb Code     0  startup_nuc1xx.o(.text)
    TMR1_IRQHandler                          0x0000019f   Thumb Code     0  startup_nuc1xx.o(.text)
    TMR2_IRQHandler                          0x0000019f   Thumb Code     0  startup_nuc1xx.o(.text)
    TMR3_IRQHandler                          0x0000019f   Thumb Code     0  startup_nuc1xx.o(.text)
    UART02_IRQHandler                        0x0000019f   Thumb Code     0  startup_nuc1xx.o(.text)
    UART1_IRQHandler                         0x0000019f   Thumb Code     0  startup_nuc1xx.o(.text)
    USBD_IRQHandler                          0x0000019f   Thumb Code     0  startup_nuc1xx.o(.text)
    WDT_IRQHandler                           0x0000019f   Thumb Code     0  startup_nuc1xx.o(.text)
    __user_initial_stackheap                 0x000001a1   Thumb Code     0  startup_nuc1xx.o(.text)
    __2sprintf                               0x000001d9   Thumb Code    36  noretval__2sprintf.o(.text)
    __printf                                 0x00000201   Thumb Code   108  __printf.o(.text)
    _printf_int_dec                          0x0000026d   Thumb Code    90  _printf_dec.o(.text)
    strlen                                   0x000002d9   Thumb Code    62  strlen.o(.text)
    __aeabi_uidiv                            0x0000031d   Thumb Code     0  aeabi_sdiv.o(.text)
    __aeabi_uidivmod                         0x0000031d   Thumb Code    20  aeabi_sdiv.o(.text)
    __aeabi_idiv                             0x00000331   Thumb Code     0  aeabi_sdiv.o(.text)
    __aeabi_idivmod                          0x00000331   Thumb Code   326  aeabi_sdiv.o(.text)
    __use_two_region_memory                  0x00000477   Thumb Code     2  heapauxi.o(.text)
    __rt_heap_escrow$2region                 0x00000479   Thumb Code     2  heapauxi.o(.text)
    __rt_heap_expand$2region                 0x0000047b   Thumb Code     2  heapauxi.o(.text)
    _printf_int_common                       0x0000047d   Thumb Code   176  _printf_intcommon.o(.text)
    _printf_char_common                      0x00000537   Thumb Code    32  _printf_char_common.o(.text)
    _sputc                                   0x0000055d   Thumb Code    10  _sputc.o(.text)
    __rt_udiv10                              0x00000567   Thumb Code    40  rtudiv10.o(.text)
    __user_setup_stackheap                   0x0000058f   Thumb Code    62  sys_stackheap_outer.o(.text)
    exit                                     0x000005cd   Thumb Code    16  exit.o(.text)
    __user_libspace                          0x000005dd   Thumb Code     8  libspace.o(.text)
    __user_perproc_libspace                  0x000005dd   Thumb Code     0  libspace.o(.text)
    __user_perthread_libspace                0x000005dd   Thumb Code     0  libspace.o(.text)
    _sys_exit                                0x000005e5   Thumb Code     8  sys_exit.o(.text)
    __I$use$semihosting                      0x000005f1   Thumb Code     0  use_no_semi.o(.text)
    __use_no_semihosting_swi                 0x000005f1   Thumb Code     2  use_no_semi.o(.text)
    __semihosting_library_function           0x000005f3   Thumb Code     0  indicate_semi.o(.text)
    BOD_IRQHandler                           0x000005f5   Thumb Code    36  sys.o(i.BOD_IRQHandler)
    DrvGPIO_ClrBit                           0x0000061d   Thumb Code    36  gpio.o(i.DrvGPIO_ClrBit)
    DrvGPIO_GetBit                           0x00000649   Thumb Code    36  gpio.o(i.DrvGPIO_GetBit)
    DrvGPIO_InitFunction                     0x00000675   Thumb Code  1864  gpio.o(i.DrvGPIO_InitFunction)
    DrvGPIO_Open                             0x00000dcd   Thumb Code   126  gpio.o(i.DrvGPIO_Open)
    DrvGPIO_SetBit                           0x00000e55   Thumb Code    36  gpio.o(i.DrvGPIO_SetBit)
    DrvSPI_DisableAutoSS                     0x00000e81   Thumb Code    40  spi.o(i.DrvSPI_DisableAutoSS)
    DrvSPI_IsBusy                            0x00000ead   Thumb Code    16  spi.o(i.DrvSPI_IsBusy)
    DrvSPI_Open                              0x00000ec1   Thumb Code   956  spi.o(i.DrvSPI_Open)
    DrvSPI_SetClockFreq                      0x0000128d   Thumb Code   202  spi.o(i.DrvSPI_SetClockFreq)
    DrvSPI_SetEndian                         0x00001361   Thumb Code    56  spi.o(i.DrvSPI_SetEndian)
    DrvSPI_SetSlaveSelectActiveLevel         0x0000139d   Thumb Code    32  spi.o(i.DrvSPI_SetSlaveSelectActiveLevel)
    DrvSYS_Delay                             0x000013c1   Thumb Code    36  sys.o(i.DrvSYS_Delay)
    DrvSYS_GetHCLKFreq                       0x000013ed   Thumb Code    94  sys.o(i.DrvSYS_GetHCLKFreq)
    DrvSYS_GetPLLClockFreq                   0x0000145d   Thumb Code   104  sys.o(i.DrvSYS_GetPLLClockFreq)
    DrvSYS_GetPLLContent                     0x000014d5   Thumb Code   168  sys.o(i.DrvSYS_GetPLLContent)
    DrvSYS_IsProtectedRegLocked              0x00001599   Thumb Code    10  sys.o(i.DrvSYS_IsProtectedRegLocked)
    DrvSYS_Open                              0x000015a9   Thumb Code   174  sys.o(i.DrvSYS_Open)
    DrvSYS_SelectHCLKSource                  0x00001669   Thumb Code    46  sys.o(i.DrvSYS_SelectHCLKSource)
    DrvSYS_SetPLLContent                     0x000016a1   Thumb Code    72  sys.o(i.DrvSYS_SetPLLContent)
    EINT0_IRQHandler                         0x000016ed   Thumb Code    26  gpio.o(i.EINT0_IRQHandler)
    EINT1_IRQHandler                         0x00001711   Thumb Code    26  gpio.o(i.EINT1_IRQHandler)
    GPAB_IRQHandler                          0x00001735   Thumb Code    60  gpio.o(i.GPAB_IRQHandler)
    GPCDE_IRQHandler                         0x00001779   Thumb Code    68  gpio.o(i.GPCDE_IRQHandler)
    OpenKeyPad                               0x000017c5   Thumb Code    26  scankey.o(i.OpenKeyPad)
    PWRWU_IRQHandler                         0x000017e1   Thumb Code    32  sys.o(i.PWRWU_IRQHandler)
    SPI0_IRQHandler                          0x00001809   Thumb Code    92  spi.o(i.SPI0_IRQHandler)
    SPI1_IRQHandler                          0x0000186d   Thumb Code    92  spi.o(i.SPI1_IRQHandler)
    SPI2_IRQHandler                          0x000018d1   Thumb Code    92  spi.o(i.SPI2_IRQHandler)
    SPI3_IRQHandler                          0x00001935   Thumb Code    92  spi.o(i.SPI3_IRQHandler)
    ScanKey                                  0x00001999   Thumb Code   126  scankey.o(i.ScanKey)
    SystemCoreClockUpdate                    0x00001a1d   Thumb Code   132  system_nuc1xx.o(i.SystemCoreClockUpdate)
    SystemInit                               0x00001abd   Thumb Code     2  system_nuc1xx.o(i.SystemInit)
    __ARM_common_switch8                     0x00001abf   Thumb Code    28  gpio.o(i.__ARM_common_switch8)
    clear_LCD                                0x00001add   Thumb Code    84  lcd.o(i.clear_LCD)
    delay                                    0x00001b35   Thumb Code    16  scankey.o(i.delay)
    init_LCD                                 0x00001b45   Thumb Code    38  lcd.o(i.init_LCD)
    init_SPI3                                0x00001b6d   Thumb Code    54  lcd.o(i.init_SPI3)
    lcdSetAddr                               0x00001ba9   Thumb Code   240  lcd.o(i.lcdSetAddr)
    lcdWriteCommand                          0x00001c9d   Thumb Code    92  lcd.o(i.lcdWriteCommand)
    lcdWriteData                             0x00001cfd   Thumb Code    82  lcd.o(i.lcdWriteData)
    main                                     0x00001d55   Thumb Code   118  main.o(i.main)
    printC                                   0x00001dfd   Thumb Code   126  lcd.o(i.printC)
    print_Line                               0x00001e81   Thumb Code    36  lcd.o(i.print_Line)
    Region$$Table$$Base                      0x00001eb8   Number         0  anon$$obj.o(Region$$Table)
    Region$$Table$$Limit                     0x00001ed8   Number         0  anon$$obj.o(Region$$Table)
    SystemCoreClock                          0x20000000   Data           4  system_nuc1xx.o(.data)
    CyclesPerUs                              0x20000004   Data           4  system_nuc1xx.o(.data)
    gau32ClkSrcTbl                           0x20000008   Data          20  system_nuc1xx.o(.data)
    Font8x16                                 0x200001fc   Data        1520  lcd.o(.data)
    SPI_PORT                                 0x200007ec   Data          16  lcd.o(.data)
    DisplayBuffer                            0x20000824   Data        1024  lcd.o(.bss)
    __libspace_start                         0x20000c74   Data          96  libspace.o(.bss)
    __temporary_stack_top$libspace           0x20000cd4   Data           0  libspace.o(.bss)



==============================================================================

Memory Map of the image

  Image Entry point : 0x00000175

  Load Region LR_1 (Base: 0x00000000, Size: 0x000026fc, Max: 0xffffffff, ABSOLUTE)

    Execution Region ER_RO (Exec base: 0x00000000, Load base: 0x00000000, Size: 0x00001ed8, Max: 0xffffffff, ABSOLUTE)

    Exec Addr    Load Addr    Size         Type   Attr      Idx    E Section Name        Object

    0x00000000   0x00000000   0x000000c0   Data   RO           55    RESET               startup_nuc1xx.o
    0x000000c0   0x000000c0   0x00000008   Code   RO         1188  * !!!main             c_p.l(__main.o)
    0x000000c8   0x000000c8   0x0000003c   Code   RO         1368    !!!scatter          c_p.l(__scatter.o)
    0x00000104   0x00000104   0x0000001a   Code   RO         1370    !!handler_copy      c_p.l(__scatter_copy.o)
    0x0000011e   0x0000011e   0x00000002   PAD
    0x00000120   0x00000120   0x0000001c   Code   RO         1372    !!handler_zi        c_p.l(__scatter_zi.o)
    0x0000013c   0x0000013c   0x00000002   Code   RO         1179    .ARM.Collect$$_printf_percent$$00000000  c_p.l(_printf_percent.o)
    0x0000013e   0x0000013e   0x0000000a   Code   RO         1178    .ARM.Collect$$_printf_percent$$00000009  c_p.l(_printf_d.o)
    0x00000148   0x00000148   0x00000004   Code   RO         1201    .ARM.Collect$$_printf_percent$$00000017  c_p.l(_printf_percent_end.o)
    0x0000014c   0x0000014c   0x00000002   Code   RO         1237    .ARM.Collect$$libinit$$00000000  c_p.l(libinit.o)
    0x0000014e   0x0000014e   0x00000000   Code   RO         1251    .ARM.Collect$$libinit$$00000002  c_p.l(libinit2.o)
    0x0000014e   0x0000014e   0x00000000   Code   RO         1253    .ARM.Collect$$libinit$$00000004  c_p.l(libinit2.o)
    0x0000014e   0x0000014e   0x00000000   Code   RO         1256    .ARM.Collect$$libinit$$0000000A  c_p.l(libinit2.o)
    0x0000014e   0x0000014e   0x00000000   Code   RO         1258    .ARM.Collect$$libinit$$0000000C  c_p.l(libinit2.o)
    0x0000014e   0x0000014e   0x00000000   Code   RO         1260    .ARM.Collect$$libinit$$0000000E  c_p.l(libinit2.o)
    0x0000014e   0x0000014e   0x00000000   Code   RO         1263    .ARM.Collect$$libinit$$00000011  c_p.l(libinit2.o)
    0x0000014e   0x0000014e   0x00000000   Code   RO         1265    .ARM.Collect$$libinit$$00000013  c_p.l(libinit2.o)
    0x0000014e   0x0000014e   0x00000000   Code   RO         1267    .ARM.Collect$$libinit$$00000015  c_p.l(libinit2.o)
    0x0000014e   0x0000014e   0x00000000   Code   RO         1269    .ARM.Collect$$libinit$$00000017  c_p.l(libinit2.o)
    0x0000014e   0x0000014e   0x00000000   Code   RO         1271    .ARM.Collect$$libinit$$00000019  c_p.l(libinit2.o)
    0x0000014e   0x0000014e   0x00000000   Code   RO         1273    .ARM.Collect$$libinit$$0000001B  c_p.l(libinit2.o)
    0x0000014e   0x0000014e   0x00000000   Code   RO         1275    .ARM.Collect$$libinit$$0000001D  c_p.l(libinit2.o)
    0x0000014e   0x0000014e   0x00000000   Code   RO         1277    .ARM.Collect$$libinit$$0000001F  c_p.l(libinit2.o)
    0x0000014e   0x0000014e   0x00000000   Code   RO         1279    .ARM.Collect$$libinit$$00000021  c_p.l(libinit2.o)
    0x0000014e   0x0000014e   0x00000000   Code   RO         1281    .ARM.Collect$$libinit$$00000023  c_p.l(libinit2.o)
    0x0000014e   0x0000014e   0x00000000   Code   RO         1283    .ARM.Collect$$libinit$$00000025  c_p.l(libinit2.o)
    0x0000014e   0x0000014e   0x00000000   Code   RO         1287    .ARM.Collect$$libinit$$0000002C  c_p.l(libinit2.o)
    0x0000014e   0x0000014e   0x00000000   Code   RO         1289    .ARM.Collect$$libinit$$0000002E  c_p.l(libinit2.o)
    0x0000014e   0x0000014e   0x00000000   Code   RO         1291    .ARM.Collect$$libinit$$00000030  c_p.l(libinit2.o)
    0x0000014e   0x0000014e   0x00000000   Code   RO         1293    .ARM.Collect$$libinit$$00000032  c_p.l(libinit2.o)
    0x0000014e   0x0000014e   0x00000002   Code   RO         1294    .ARM.Collect$$libinit$$00000033  c_p.l(libinit2.o)
    0x00000150   0x00000150   0x00000002   Code   RO         1325    .ARM.Collect$$libshutdown$$00000000  c_p.l(libshutdown.o)
    0x00000152   0x00000152   0x00000000   Code   RO         1351    .ARM.Collect$$libshutdown$$00000002  c_p.l(libshutdown2.o)
    0x00000152   0x00000152   0x00000000   Code   RO         1353    .ARM.Collect$$libshutdown$$00000004  c_p.l(libshutdown2.o)
    0x00000152   0x00000152   0x00000000   Code   RO         1356    .ARM.Collect$$libshutdown$$00000007  c_p.l(libshutdown2.o)
    0x00000152   0x00000152   0x00000000   Code   RO         1359    .ARM.Collect$$libshutdown$$0000000A  c_p.l(libshutdown2.o)
    0x00000152   0x00000152   0x00000000   Code   RO         1361    .ARM.Collect$$libshutdown$$0000000C  c_p.l(libshutdown2.o)
    0x00000152   0x00000152   0x00000000   Code   RO         1364    .ARM.Collect$$libshutdown$$0000000F  c_p.l(libshutdown2.o)
    0x00000152   0x00000152   0x00000002   Code   RO         1365    .ARM.Collect$$libshutdown$$00000010  c_p.l(libshutdown2.o)
    0x00000154   0x00000154   0x00000000   Code   RO         1190    .ARM.Collect$$rtentry$$00000000  c_p.l(__rtentry.o)
    0x00000154   0x00000154   0x00000000   Code   RO         1205    .ARM.Collect$$rtentry$$00000002  c_p.l(__rtentry2.o)
    0x00000154   0x00000154   0x00000006   Code   RO         1217    .ARM.Collect$$rtentry$$00000004  c_p.l(__rtentry4.o)
    0x0000015a   0x0000015a   0x00000000   Code   RO         1207    .ARM.Collect$$rtentry$$00000009  c_p.l(__rtentry2.o)
    0x0000015a   0x0000015a   0x00000004   Code   RO         1208    .ARM.Collect$$rtentry$$0000000A  c_p.l(__rtentry2.o)
    0x0000015e   0x0000015e   0x00000000   Code   RO         1210    .ARM.Collect$$rtentry$$0000000C  c_p.l(__rtentry2.o)
    0x0000015e   0x0000015e   0x00000008   Code   RO         1211    .ARM.Collect$$rtentry$$0000000D  c_p.l(__rtentry2.o)
    0x00000166   0x00000166   0x00000002   Code   RO         1242    .ARM.Collect$$rtexit$$00000000  c_p.l(rtexit.o)
    0x00000168   0x00000168   0x00000000   Code   RO         1298    .ARM.Collect$$rtexit$$00000002  c_p.l(rtexit2.o)
    0x00000168   0x00000168   0x00000004   Code   RO         1299    .ARM.Collect$$rtexit$$00000003  c_p.l(rtexit2.o)
    0x0000016c   0x0000016c   0x00000006   Code   RO         1300    .ARM.Collect$$rtexit$$00000004  c_p.l(rtexit2.o)
    0x00000172   0x00000172   0x00000002   PAD
    0x00000174   0x00000174   0x00000064   Code   RO           56  * .text               startup_nuc1xx.o
    0x000001d8   0x000001d8   0x00000028   Code   RO         1152    .text               c_p.l(noretval__2sprintf.o)
    0x00000200   0x00000200   0x0000006c   Code   RO         1154    .text               c_p.l(__printf.o)
    0x0000026c   0x0000026c   0x0000006c   Code   RO         1156    .text               c_p.l(_printf_dec.o)
    0x000002d8   0x000002d8   0x00000044   Code   RO         1180    .text               c_p.l(strlen.o)
    0x0000031c   0x0000031c   0x0000015a   Code   RO         1182    .text               c_p.l(aeabi_sdiv.o)
    0x00000476   0x00000476   0x00000006   Code   RO         1186    .text               c_p.l(heapauxi.o)
    0x0000047c   0x0000047c   0x000000b0   Code   RO         1195    .text               c_p.l(_printf_intcommon.o)
    0x0000052c   0x0000052c   0x00000030   Code   RO         1197    .text               c_p.l(_printf_char_common.o)
    0x0000055c   0x0000055c   0x0000000a   Code   RO         1199    .text               c_p.l(_sputc.o)
    0x00000566   0x00000566   0x00000028   Code   RO         1202    .text               c_p.l(rtudiv10.o)
    0x0000058e   0x0000058e   0x0000003e   Code   RO         1223    .text               c_p.l(sys_stackheap_outer.o)
    0x000005cc   0x000005cc   0x00000010   Code   RO         1226    .text               c_p.l(exit.o)
    0x000005dc   0x000005dc   0x00000008   Code   RO         1238    .text               c_p.l(libspace.o)
    0x000005e4   0x000005e4   0x0000000c   Code   RO         1295    .text               c_p.l(sys_exit.o)
    0x000005f0   0x000005f0   0x00000002   Code   RO         1314    .text               c_p.l(use_no_semi.o)
    0x000005f2   0x000005f2   0x00000000   Code   RO         1316    .text               c_p.l(indicate_semi.o)
    0x000005f2   0x000005f2   0x00000002   PAD
    0x000005f4   0x000005f4   0x00000028   Code   RO          535    i.BOD_IRQHandler    sys.o
    0x0000061c   0x0000061c   0x0000002c   Code   RO          298    i.DrvGPIO_ClrBit    gpio.o
    0x00000648   0x00000648   0x0000002c   Code   RO          311    i.DrvGPIO_GetBit    gpio.o
    0x00000674   0x00000674   0x00000758   Code   RO          320    i.DrvGPIO_InitFunction  gpio.o
    0x00000dcc   0x00000dcc   0x00000088   Code   RO          321    i.DrvGPIO_Open      gpio.o
    0x00000e54   0x00000e54   0x0000002c   Code   RO          322    i.DrvGPIO_SetBit    gpio.o
    0x00000e80   0x00000e80   0x0000002c   Code   RO          846    i.DrvSPI_DisableAutoSS  spi.o
    0x00000eac   0x00000eac   0x00000014   Code   RO          861    i.DrvSPI_IsBusy     spi.o
    0x00000ec0   0x00000ec0   0x000003cc   Code   RO          862    i.DrvSPI_Open       spi.o
    0x0000128c   0x0000128c   0x000000d4   Code   RO          866    i.DrvSPI_SetClockFreq  spi.o
    0x00001360   0x00001360   0x0000003c   Code   RO          867    i.DrvSPI_SetEndian  spi.o
    0x0000139c   0x0000139c   0x00000024   Code   RO          871    i.DrvSPI_SetSlaveSelectActiveLevel  spi.o
    0x000013c0   0x000013c0   0x0000002c   Code   RO          538    i.DrvSYS_Delay      sys.o
    0x000013ec   0x000013ec   0x00000070   Code   RO          554    i.DrvSYS_GetHCLKFreq  sys.o
    0x0000145c   0x0000145c   0x00000078   Code   RO          555    i.DrvSYS_GetPLLClockFreq  sys.o
    0x000014d4   0x000014d4   0x000000c4   Code   RO          556    i.DrvSYS_GetPLLContent  sys.o
    0x00001598   0x00001598   0x00000010   Code   RO          559    i.DrvSYS_IsProtectedRegLocked  sys.o
    0x000015a8   0x000015a8   0x000000c0   Code   RO          561    i.DrvSYS_Open       sys.o
    0x00001668   0x00001668   0x00000038   Code   RO          567    i.DrvSYS_SelectHCLKSource  sys.o
    0x000016a0   0x000016a0   0x0000004c   Code   RO          576    i.DrvSYS_SetPLLContent  sys.o
    0x000016ec   0x000016ec   0x00000024   Code   RO          328    i.EINT0_IRQHandler  gpio.o
    0x00001710   0x00001710   0x00000024   Code   RO          329    i.EINT1_IRQHandler  gpio.o
    0x00001734   0x00001734   0x00000044   Code   RO          330    i.GPAB_IRQHandler   gpio.o
    0x00001778   0x00001778   0x0000004c   Code   RO          331    i.GPCDE_IRQHandler  gpio.o
    0x000017c4   0x000017c4   0x0000001a   Code   RO           99    i.OpenKeyPad        scankey.o
    0x000017de   0x000017de   0x00000002   PAD
    0x000017e0   0x000017e0   0x00000028   Code   RO          583    i.PWRWU_IRQHandler  sys.o
    0x00001808   0x00001808   0x00000064   Code   RO          882    i.SPI0_IRQHandler   spi.o
    0x0000186c   0x0000186c   0x00000064   Code   RO          883    i.SPI1_IRQHandler   spi.o
    0x000018d0   0x000018d0   0x00000064   Code   RO          884    i.SPI2_IRQHandler   spi.o
    0x00001934   0x00001934   0x00000064   Code   RO          885    i.SPI3_IRQHandler   spi.o
    0x00001998   0x00001998   0x00000084   Code   RO          100    i.ScanKey           scankey.o
    0x00001a1c   0x00001a1c   0x000000a0   Code   RO           17    i.SystemCoreClockUpdate  system_nuc1xx.o
    0x00001abc   0x00001abc   0x00000002   Code   RO           18    i.SystemInit        system_nuc1xx.o
    0x00001abe   0x00001abe   0x0000001c   Code   RO          527    i.__ARM_common_switch8  gpio.o
    0x00001ada   0x00001ada   0x00000002   PAD
    0x00001adc   0x00001adc   0x00000058   Code   RO          129    i.clear_LCD         lcd.o
    0x00001b34   0x00001b34   0x00000010   Code   RO          101    i.delay             scankey.o
    0x00001b44   0x00001b44   0x00000026   Code   RO          144    i.init_LCD          lcd.o
    0x00001b6a   0x00001b6a   0x00000002   PAD
    0x00001b6c   0x00001b6c   0x0000003c   Code   RO          145    i.init_SPI3         lcd.o
    0x00001ba8   0x00001ba8   0x000000f4   Code   RO          146    i.lcdSetAddr        lcd.o
    0x00001c9c   0x00001c9c   0x00000060   Code   RO          147    i.lcdWriteCommand   lcd.o
    0x00001cfc   0x00001cfc   0x00000058   Code   RO          148    i.lcdWriteData      lcd.o
    0x00001d54   0x00001d54   0x000000a8   Code   RO           60    i.main              main.o
    0x00001dfc   0x00001dfc   0x00000084   Code   RO          149    i.printC            lcd.o
    0x00001e80   0x00001e80   0x00000024   Code   RO          153    i.print_Line        lcd.o
    0x00001ea4   0x00001ea4   0x00000004   Data   RO          102    .constdata          scankey.o
    0x00001ea8   0x00001ea8   0x00000010   Data   RO          584    .constdata          sys.o
    0x00001eb8   0x00001eb8   0x00000020   Data   RO         1366    Region$$Table       anon$$obj.o


    Execution Region ER_RW (Exec base: 0x20000000, Load base: 0x00001ed8, Size: 0x00000824, Max: 0xffffffff, ABSOLUTE)

    Exec Addr    Load Addr    Size         Type   Attr      Idx    E Section Name        Object

    0x20000000   0x00001ed8   0x0000001c   Data   RW           19    .data               system_nuc1xx.o
    0x2000001c   0x00001ef4   0x000007e0   Data   RW          155    .data               lcd.o
    0x200007fc   0x000026d4   0x00000010   Data   RW          335    .data               gpio.o
    0x2000080c   0x000026e4   0x00000008   Data   RW          585    .data               sys.o
    0x20000814   0x000026ec   0x00000010   Data   RW          887    .data               spi.o


    Execution Region ER_ZI (Exec base: 0x20000824, Load base: 0x000026fc, Size: 0x000008b4, Max: 0xffffffff, ABSOLUTE)

    Exec Addr    Load Addr    Size         Type   Attr      Idx    E Section Name        Object

    0x20000824        -       0x00000400   Zero   RW          154    .bss                lcd.o
    0x20000c24        -       0x00000050   Zero   RW          886    .bss                spi.o
    0x20000c74        -       0x00000060   Zero   RW         1239    .bss                c_p.l(libspace.o)
    0x20000cd4   0x000026fc   0x00000004   PAD
    0x20000cd8        -       0x00000000   Zero   RW           54    HEAP                startup_nuc1xx.o
    0x20000cd8        -       0x00000400   Zero   RW           53    STACK               startup_nuc1xx.o


==============================================================================

Image component sizes


      Code (inc. data)   RO Data    RW Data    ZI Data      Debug   Object Name

         0          0          0          0          0       4532   core_cm0.o
      2392        154          0         16          0       7476   gpio.o
       782         30          0       2016       1024       8233   lcd.o
       168         50          0          0          0     125351   main.o
       174          6          4          0          0       1827   scankey.o
      1744         74          0         16         80       7277   spi.o
       100         46        192          0       1024        736   startup_nuc1xx.o
       892        120         16          8          0       7181   sys.o
       162         28          0         28          0     119278   system_nuc1xx.o

    ----------------------------------------------------------------------
      6420        508        244       2084       2128     281891   Object Totals
         0          0         32          0          0          0   (incl. Generated)
         6          0          0          0          0          0   (incl. Padding)

    ----------------------------------------------------------------------

      Code (inc. data)   RO Data    RW Data    ZI Data      Debug   Library Member Name

         8          0          0          0          0         68   __main.o
       108          0          0          0          0         76   __printf.o
         0          0          0          0          0          0   __rtentry.o
        12          0          0          0          0          0   __rtentry2.o
         6          0          0          0          0          0   __rtentry4.o
        60          8          0          0          0          0   __scatter.o
        26          0          0          0          0          0   __scatter_copy.o
        28          0          0          0          0          0   __scatter_zi.o
        48          6          0          0          0         88   _printf_char_common.o
        10          0          0          0          0          0   _printf_d.o
       108         18          0          0          0         76   _printf_dec.o
       176          0          0          0          0         84   _printf_intcommon.o
         2          0          0          0          0          0   _printf_percent.o
         4          0          0          0          0          0   _printf_percent_end.o
        10          0          0          0          0         60   _sputc.o
       346          0          0          0          0         92   aeabi_sdiv.o
        16          0          0          0          0         68   exit.o
         6          0          0          0          0        136   heapauxi.o
         0          0          0          0          0          0   indicate_semi.o
         2          0          0          0          0          0   libinit.o
         2          0          0          0          0          0   libinit2.o
         2          0          0          0          0          0   libshutdown.o
         2          0          0          0          0          0   libshutdown2.o
         8          4          0          0         96         68   libspace.o
        40          4          0          0          0         84   noretval__2sprintf.o
         2          0          0          0          0          0   rtexit.o
        10          0          0          0          0          0   rtexit2.o
        40          0          0          0          0         60   rtudiv10.o
        68          6          0          0          0         72   strlen.o
        12          4          0          0          0         60   sys_exit.o
        62          0          0          0          0         80   sys_stackheap_outer.o
         2          0          0          0          0         68   use_no_semi.o

    ----------------------------------------------------------------------
      1232         50          0          0        100       1240   Library Totals
         6          0          0          0          4          0   (incl. Padding)

    ----------------------------------------------------------------------

      Code (inc. data)   RO Data    RW Data    ZI Data      Debug   Library Name

      1226         50          0          0         96       1240   c_p.l

    ----------------------------------------------------------------------
      1232         50          0          0        100       1240   Library Totals

    ----------------------------------------------------------------------

==============================================================================


      Code (inc. data)   RO Data    RW Data    ZI Data      Debug   

      7652        558        244       2084       2228     280875   Grand Totals
      7652        558        244       2084       2228     280875   ELF Image Totals
      7652        558        244       2084          0          0   ROM Totals

==============================================================================

    Total RO  Size (Code + RO Data)                 7896 (   7.71kB)
    Total RW  Size (RW Data + ZI Data)              4312 (   4.21kB)
    Total ROM Size (Code + RO Data + RW Data)       9980 (   9.75kB)

==============================================================================

