Component: ARM Compiler 5.06 update 5 (build 528) Tool: armlink [4d35e2]

==============================================================================

Small function inlining results

Inlined function __aeabi_idiv0 from aeabi_idiv0.o at offset 0x1e2 in aeabi_sdivfast.o(.text).
Inlined Instruction: BX       lr
Inlined function __aeabi_idiv0 from aeabi_idiv0.o at offset 0x1e2 in aeabi_sdivfast_div0.o(.text).
Inlined Instruction: BX       lr
Inlined function _platform_pre_stackheap_init from boardinit1.o at offset 0x0 in __rtentry2.o(.ARM.Collect$$rtentry$$00000001).
Inlined Instruction: BX       lr
Inlined function _fp_init from fpinit.o at offset 0x0 in libinit2.o(.ARM.Collect$$libinit$$00000001).
Inlined Instruction: BX       lr
Inlined function _platform_pre_lib_shutdown from boardshut.o at offset 0x0 in rtexit2.o(.ARM.Collect$$rtexit$$00000001).
Inlined Instruction: BX       lr
Inlined function __ARM_get_argv from no_argv.o at offset 0x2 in argv_veneer.o(.text).
Inlined Instruction: BX       lr
Inlined total of 6 calls.

==============================================================================

Section Cross References

    system_nuc1xx.o(i.SystemCoreClockUpdate) refers to aeabi_sdivfast.o(.text) for __aeabi_uidivmod
    system_nuc1xx.o(i.SystemCoreClockUpdate) refers to system_nuc1xx.o(.data) for gau32ClkSrcTbl
    startup_nuc1xx.o(STACK) refers (Special) to heapauxi.o(.text) for __use_two_region_memory
    startup_nuc1xx.o(HEAP) refers (Special) to heapauxi.o(.text) for __use_two_region_memory
    startup_nuc1xx.o(RESET) refers (Special) to heapauxi.o(.text) for __use_two_region_memory
    startup_nuc1xx.o(RESET) refers to startup_nuc1xx.o(STACK) for __initial_sp
    startup_nuc1xx.o(RESET) refers to startup_nuc1xx.o(.text) for Reset_Handler
    startup_nuc1xx.o(RESET) refers to sys.o(i.BOD_IRQHandler) for BOD_IRQHandler
    startup_nuc1xx.o(RESET) refers to gpio.o(i.EINT0_IRQHandler) for EINT0_IRQHandler
    startup_nuc1xx.o(RESET) refers to gpio.o(i.EINT1_IRQHandler) for EINT1_IRQHandler
    startup_nuc1xx.o(RESET) refers to gpio.o(i.GPAB_IRQHandler) for GPAB_IRQHandler
    startup_nuc1xx.o(RESET) refers to gpio.o(i.GPCDE_IRQHandler) for GPCDE_IRQHandler
    startup_nuc1xx.o(RESET) refers to uart.o(i.UART02_IRQHandler) for UART02_IRQHandler
    startup_nuc1xx.o(RESET) refers to uart.o(i.UART1_IRQHandler) for UART1_IRQHandler
    startup_nuc1xx.o(RESET) refers to spi.o(i.SPI0_IRQHandler) for SPI0_IRQHandler
    startup_nuc1xx.o(RESET) refers to spi.o(i.SPI1_IRQHandler) for SPI1_IRQHandler
    startup_nuc1xx.o(RESET) refers to spi.o(i.SPI2_IRQHandler) for SPI2_IRQHandler
    startup_nuc1xx.o(RESET) refers to spi.o(i.SPI3_IRQHandler) for SPI3_IRQHandler
    startup_nuc1xx.o(RESET) refers to i2c.o(i.I2C0_IRQHandler) for I2C0_IRQHandler
    startup_nuc1xx.o(RESET) refers to i2c.o(i.I2C1_IRQHandler) for I2C1_IRQHandler
    startup_nuc1xx.o(RESET) refers to i2s.o(i.I2S_IRQHandler) for I2S_IRQHandler
    startup_nuc1xx.o(RESET) refers to sys.o(i.PWRWU_IRQHandler) for PWRWU_IRQHandler
    startup_nuc1xx.o(.text) refers (Special) to heapauxi.o(.text) for __use_two_region_memory
    startup_nuc1xx.o(.text) refers to system_nuc1xx.o(i.SystemInit) for SystemInit
    startup_nuc1xx.o(.text) refers to __main.o(!!!main) for __main
    startup_nuc1xx.o(.text) refers to startup_nuc1xx.o(HEAP) for Heap_Mem
    startup_nuc1xx.o(.text) refers to startup_nuc1xx.o(STACK) for Stack_Mem
    main.o(i.I2C0_Callback_Tx) refers to i2c.o(i.DrvI2C_WriteData) for DrvI2C_WriteData
    main.o(i.I2C0_Callback_Tx) refers to i2c.o(i.DrvI2C_Ctrl) for DrvI2C_Ctrl
    main.o(i.I2C0_Callback_Tx) refers to main.o(.data) for Device_Addr0
    main.o(i.I2C_WriteWAU8822) refers to i2c.o(i.DrvI2C_InstallCallback) for DrvI2C_InstallCallback
    main.o(i.I2C_WriteWAU8822) refers to i2c.o(i.DrvI2C_Ctrl) for DrvI2C_Ctrl
    main.o(i.I2C_WriteWAU8822) refers to main.o(.data) for DataCnt0
    main.o(i.I2C_WriteWAU8822) refers to main.o(i.I2C0_Callback_Tx) for I2C0_Callback_Tx
    main.o(i.InitWAU8822) refers to gpio.o(i.DrvGPIO_Open) for DrvGPIO_Open
    main.o(i.InitWAU8822) refers to gpio.o(i.DrvGPIO_SetBit) for DrvGPIO_SetBit
    main.o(i.InitWAU8822) refers to gpio.o(i.DrvGPIO_InitFunction) for DrvGPIO_InitFunction
    main.o(i.InitWAU8822) refers to i2c.o(i.DrvI2C_Open) for DrvI2C_Open
    main.o(i.InitWAU8822) refers to i2c.o(i.DrvI2C_EnableInt) for DrvI2C_EnableInt
    main.o(i.InitWAU8822) refers to main.o(i.WAU8822_Setup) for WAU8822_Setup
    main.o(i.InitWAU8822) refers to noretval__2printf.o(.text) for __2printf
    main.o(i.InitWAU8822) refers to i2s.o(i.DrvI2S_SelectClockSource) for DrvI2S_SelectClockSource
    main.o(i.InitWAU8822) refers to i2s.o(i.DrvI2S_Open) for DrvI2S_Open
    main.o(i.InitWAU8822) refers to i2s.o(i.DrvI2S_SetMCLKFreq) for DrvI2S_SetMCLKFreq
    main.o(i.InitWAU8822) refers to i2s.o(i.DrvI2S_EnableMCLK) for DrvI2S_EnableMCLK
[...]
    ../clib/printf.c                         0x00000000   Number         0  __printf_nopercent.o ABSOLUTE
    ../clib/printf.c                         0x00000000   Number         0  __printf_flags_ss.o ABSOLUTE
    ../clib/printf.c                         0x00000000   Number         0  _printf_char_file.o ABSOLUTE
    ../clib/printf.c                         0x00000000   Number         0  __printf_wp.o ABSOLUTE
    ../clib/printf.c                         0x00000000   Number         0  _printf_char_common.o ABSOLUTE
    ../clib/printf.c                         0x00000000   Number         0  _printf_char.o ABSOLUTE
    ../clib/printf_percent.s                 0x00000000   Number         0  _printf_s.o ABSOLUTE
    ../clib/printf_percent.s                 0x00000000   Number         0  _printf_d.o ABSOLUTE
    ../clib/printf_percent.s                 0x00000000   Number         0  _printf_percent.o ABSOLUTE
    ../clib/printf_percent.s                 0x00000000   Number         0  _printf_percent_end.o ABSOLUTE
    ../clib/printf_percent.s                 0x00000000   Number         0  _printf_u.o ABSOLUTE
    ../clib/signal.c                         0x00000000   Number         0  __raise.o ABSOLUTE
    ../clib/signal.c                         0x00000000   Number         0  defsig_abrt_inner.o ABSOLUTE
    ../clib/signal.c                         0x00000000   Number         0  defsig_rtred_inner.o ABSOLUTE
    ../clib/signal.c                         0x00000000   Number         0  defsig_rtmem_inner.o ABSOLUTE
    ../clib/signal.c                         0x00000000   Number         0  defsig_general.o ABSOLUTE
    ../clib/signal.c                         0x00000000   Number         0  defsig_rtmem_outer.o ABSOLUTE
    ../clib/signal.c                         0x00000000   Number         0  defsig_rtmem_formal.o ABSOLUTE
    ../clib/signal.c                         0x00000000   Number         0  defsig_stak_inner.o ABSOLUTE
    ../clib/signal.c                         0x00000000   Number         0  defsig_pvfn_inner.o ABSOLUTE
    ../clib/signal.c                         0x00000000   Number         0  defsig_cppl_inner.o ABSOLUTE
    ../clib/signal.c                         0x00000000   Number         0  defsig_fpe_inner.o ABSOLUTE
    ../clib/signal.c                         0x00000000   Number         0  defsig_exit.o ABSOLUTE
    ../clib/signal.c                         0x00000000   Number         0  defsig_segv_inner.o ABSOLUTE
    ../clib/signal.c                         0x00000000   Number         0  defsig_other.o ABSOLUTE
    ../clib/signal.c                         0x00000000   Number         0  defsig_fpe_formal.o ABSOLUTE
    ../clib/signal.c                         0x00000000   Number         0  defsig_fpe_outer.o ABSOLUTE
    ../clib/signal.s                         0x00000000   Number         0  defsig.o ABSOLUTE
    ../clib/stdlib.c                         0x00000000   Number         0  exit.o ABSOLUTE
    ../clib/string.c                         0x00000000   Number         0  memcmp.o ABSOLUTE
    ../clib/string.c                         0x00000000   Number         0  strlen.o ABSOLUTE
    ../fplib/cfplib/fpinit.c                 0x00000000   Number         0  fpinit.o ABSOLUTE
    ..\..\..\..\Library\CMSIS\Include\core_cm0.c 0x00000000   Number         0  core_cm0.o ABSOLUTE
    ..\..\..\..\Library\Device\Nuvoton\NUC1xx\Source\arm\startup_NUC1xx.s 0x00000000   Number         0  startup_nuc1xx.o ABSOLUTE
    ..\..\..\..\Library\Device\Nuvoton\NUC1xx\Source\system_NUC1xx.c 0x00000000   Number         0  system_nuc1xx.o ABSOLUTE
    ..\..\..\..\Library\NUC1xx-LB_002\Source\LCD.c 0x00000000   Number         0  lcd.o ABSOLUTE
    ..\..\..\..\Library\NUC1xx-LB_002\Source\SDCard.c 0x00000000   Number         0  sdcard.o ABSOLUTE
    ..\..\..\..\Library\NUC1xx\Source\GPIO.c 0x00000000   Number         0  gpio.o ABSOLUTE
    ..\..\..\..\Library\NUC1xx\Source\I2C.c  0x00000000   Number         0  i2c.o ABSOLUTE
    ..\..\..\..\Library\NUC1xx\Source\I2S.c  0x00000000   Number         0  i2s.o ABSOLUTE
    ..\..\..\..\Library\NUC1xx\Source\SPI.c  0x00000000   Number         0  spi.o ABSOLUTE
    ..\..\..\..\Library\NUC1xx\Source\SYS.c  0x00000000   Number         0  sys.o ABSOLUTE
    ..\..\..\..\Library\NUC1xx\Source\UART.c 0x00000000   Number         0  uart.o ABSOLUTE
    ..\..\..\..\Library\NUC1xx\Source\retarget.c 0x00000000   Number         0  retarget.o ABSOLUTE
    ..\VC\a-law\adpcm4bit.c                  0x00000000   Number         0  adpcm4bit.o ABSOLUTE
    ..\\..\\..\\..\\Library\\CMSIS\\Include\\core_cm0.c 0x00000000   Number         0  core_cm0.o ABSOLUTE
    ..\ff8\src\diskio.c                      0x00000000   Number         0  diskio.o ABSOLUTE
    ..\ff8\src\ff.c                          0x00000000   Number         0  ff.o ABSOLUTE
    ..\main.c                                0x00000000   Number         0  main.o ABSOLUTE
    !!!main                                  0x000000c0   Section        8  __main.o(!!!main)
    !!!scatter                               0x000000c8   Section       60  __scatter.o(!!!scatter)
    !!handler_copy                           0x00000104   Section       26  __scatter_copy.o(!!handler_copy)
    !!handler_zi                             0x00000120   Section       28  __scatter_zi.o(!!handler_zi)
    .ARM.Collect$$_printf_percent$$00000000  0x0000013c   Section        2  _printf_percent.o(.ARM.Collect$$_printf_percent$$00000000)
    .ARM.Collect$$_printf_percent$$00000009  0x0000013e   Section       10  _printf_d.o(.ARM.Collect$$_printf_percent$$00000009)
    .ARM.Collect$$_printf_percent$$0000000A  0x00000148   Section       10  _printf_u.o(.ARM.Collect$$_printf_percent$$0000000A)
    .ARM.Collect$$_printf_percent$$00000014  0x00000152   Section       10  _printf_s.o(.ARM.Collect$$_printf_percent$$00000014)
    .ARM.Collect$$_printf_percent$$00000017  0x0000015c   Section        4  _printf_percent_end.o(.ARM.Collect$$_printf_percent$$00000017)
    .ARM.Collect$$libinit$$00000000          0x00000160   Section        2  libinit.o(.ARM.Collect$$libinit$$00000000)
    .ARM.Collect$$libinit$$00000002          0x00000162   Section        0  libinit2.o(.ARM.Collect$$libinit$$00000002)
    .ARM.Collect$$libinit$$00000004          0x00000162   Section        0  libinit2.o(.ARM.Collect$$libinit$$00000004)
    .ARM.Collect$$libinit$$0000000A          0x00000162   Section        0  libinit2.o(.ARM.Collect$$libinit$$0000000A)
    .ARM.Collect$$libinit$$0000000C          0x00000162   Section        0  libinit2.o(.ARM.Collect$$libinit$$0000000C)
    .ARM.Collect$$libinit$$0000000E          0x00000162   Section        0  libinit2.o(.ARM.Collect$$libinit$$0000000E)
    .ARM.Collect$$libinit$$00000011          0x00000162   Section        0  libinit2.o(.ARM.Collect$$libinit$$00000011)
    .ARM.Collect$$libinit$$00000013          0x00000162   Section        0  libinit2.o(.ARM.Collect$$libinit$$00000013)
    .ARM.Collect$$libinit$$00000015          0x00000162   Section        0  libinit2.o(.ARM.Collect$$libinit$$00000015)
    .ARM.Collect$$libinit$$00000017          0x00000162   Section        0  libinit2.o(.ARM.Collect$$libinit$$00000017)
    .ARM.Collect$$libinit$$00000019          0x00000162   Section        0  libinit2.o(.ARM.Collect$$libinit$$00000019)
    .ARM.Collect$$libinit$$0000001B          0x00000162   Section        0  libinit2.o(.ARM.Collect$$libinit$$0000001B)
    .ARM.Collect$$libinit$$0000001D          0x00000162   Section        0  libinit2.o(.ARM.Collect$$libinit$$0000001D)
    .ARM.Collect$$libinit$$0000001F          0x00000162   Section        0  libinit2.o(.ARM.Collect$$libinit$$0000001F)
    .ARM.Collect$$libinit$$00000021          0x00000162   Section        0  libinit2.o(.ARM.Collect$$libinit$$00000021)
    .ARM.Collect$$libinit$$00000023          0x00000162   Section        0  libinit2.o(.ARM.Collect$$libinit$$00000023)
    .ARM.Collect$$libinit$$00000025          0x00000162   Section        0  libinit2.o(.ARM.Collect$$libinit$$00000025)
    .ARM.Collect$$libinit$$0000002C          0x00000162   Section        0  libinit2.o(.ARM.Collect$$libinit$$0000002C)
    .ARM.Collect$$libinit$$0000002E          0x00000162   Section        0  libinit2.o(.ARM.Collect$$libinit$$0000002E)
    .ARM.Collect$$libinit$$00000030          0x00000162   Section        0  libinit2.o(.ARM.Collect$$libinit$$00000030)
    .ARM.Collect$$libinit$$00000032          0x00000162   Section        0  libinit2.o(.ARM.Collect$$libinit$$00000032)
    .ARM.Collect$$libinit$$00000033          0x00000162   Section        2  libinit2.o(.ARM.Collect$$libinit$$00000033)
    .ARM.Collect$$libshutdown$$00000000      0x00000164   Section        2  libshutdown.o(.ARM.Collect$$libshutdown$$00000000)
    .ARM.Collect$$libshutdown$$00000002      0x00000166   Section        0  libshutdown2.o(.ARM.Collect$$libshutdown$$00000002)
    .ARM.Collect$$libshutdown$$00000004      0x00000166   Section        0  libshutdown2.o(.ARM.Collect$$libshutdown$$00000004)
    .ARM.Collect$$libshutdown$$00000007      0x00000166   Section        0  libshutdown2.o(.ARM.Collect$$libshutdown$$00000007)
    .ARM.Collect$$libshutdown$$0000000A      0x00000166   Section        0  libshutdown2.o(.ARM.Collect$$libshutdown$$0000000A)
    .ARM.Collect$$libshutdown$$0000000C      0x00000166   Section        0  libshutdown2.o(.ARM.Collect$$libshutdown$$0000000C)
    .ARM.Collect$$libshutdown$$0000000F      0x00000166   Section        0  libshutdown2.o(.ARM.Collect$$libshutdown$$0000000F)
    .ARM.Collect$$libshutdown$$00000010      0x00000166   Section        2  libshutdown2.o(.ARM.Collect$$libshutdown$$00000010)
    .ARM.Collect$$rtentry$$00000000          0x00000168   Section        0  __rtentry.o(.ARM.Collect$$rtentry$$00000000)
    .ARM.Collect$$rtentry$$00000002          0x00000168   Section        0  __rtentry2.o(.ARM.Collect$$rtentry$$00000002)
    .ARM.Collect$$rtentry$$00000004          0x00000168   Section        6  __rtentry4.o(.ARM.Collect$$rtentry$$00000004)
    .ARM.Collect$$rtentry$$00000009          0x0000016e   Section        0  __rtentry2.o(.ARM.Collect$$rtentry$$00000009)
    .ARM.Collect$$rtentry$$0000000A          0x0000016e   Section        4  __rtentry2.o(.ARM.Collect$$rtentry$$0000000A)
    .ARM.Collect$$rtentry$$0000000C          0x00000172   Section        0  __rtentry2.o(.ARM.Collect$$rtentry$$0000000C)
    .ARM.Collect$$rtentry$$0000000D          0x00000172   Section        8  __rtentry2.o(.ARM.Collect$$rtentry$$0000000D)
    .ARM.Collect$$rtexit$$00000000           0x0000017a   Section        2  rtexit.o(.ARM.Collect$$rtexit$$00000000)
    .ARM.Collect$$rtexit$$00000002           0x0000017c   Section        0  rtexit2.o(.ARM.Collect$$rtexit$$00000002)
    .ARM.Collect$$rtexit$$00000003           0x0000017c   Section        4  rtexit2.o(.ARM.Collect$$rtexit$$00000003)
    .ARM.Collect$$rtexit$$00000004           0x00000180   Section        6  rtexit2.o(.ARM.Collect$$rtexit$$00000004)
    .text                                    0x00000188   Section      100  startup_nuc1xx.o(.text)
    Default_Handler                          0x000001b3   Thumb Code     2  startup_nuc1xx.o(.text)
    .text                                    0x000001ec   Section        0  noretval__2printf.o(.text)
    .text                                    0x00000208   Section        0  noretval__2sprintf.o(.text)
    .text                                    0x00000230   Section        0  _printf_str.o(.text)
    .text                                    0x00000284   Section        0  _printf_dec.o(.text)
    .text                                    0x000002f0   Section        0  __printf_wp.o(.text)
    .text                                    0x000003fe   Section        0  memcmp.o(.text)
    .text                                    0x00000458   Section        0  strlen.o(.text)
    .text                                    0x0000049c   Section      488  aeabi_sdivfast.o(.text)
    .text                                    0x00000684   Section        0  heapauxi.o(.text)
    .text                                    0x0000068a   Section        0  _printf_intcommon.o(.text)
    .text                                    0x0000073c   Section        0  _printf_char_common.o(.text)
    _printf_input_char                       0x0000073d   Thumb Code    10  _printf_char_common.o(.text)
    .text                                    0x0000076c   Section        0  _sputc.o(.text)
    .text                                    0x00000776   Section        0  _printf_char.o(.text)
    .text                                    0x000007a4   Section        0  _printf_char_file.o(.text)
    .text                                    0x000007cc   Section        0  rtudiv10.o(.text)
    .text                                    0x000007f4   Section       62  sys_stackheap_outer.o(.text)
    .text                                    0x00000832   Section        0  exit.o(.text)
    .text                                    0x00000844   Section        8  libspace.o(.text)
    .text                                    0x0000084c   Section        0  sys_exit.o(.text)
    .text                                    0x00000858   Section        2  use_no_semi.o(.text)
    .text                                    0x0000085a   Section        0  indicate_semi.o(.text)
    i.AdpcmDec4                              0x0000085c   Section        0  adpcm4bit.o(i.AdpcmDec4)
    i.BOD_IRQHandler                         0x00000928   Section        0  sys.o(i.BOD_IRQHandler)
    i.BaudRateCalculator                     0x00000950   Section        0  uart.o(i.BaudRateCalculator)
    BaudRateCalculator                       0x00000951   Thumb Code   204  uart.o(i.BaudRateCalculator)
    i.DrvGPIO_ClrBit                         0x00000a24   Section        0  gpio.o(i.DrvGPIO_ClrBit)
    i.DrvGPIO_InitFunction                   0x00000a50   Section        0  gpio.o(i.DrvGPIO_InitFunction)
    i.DrvGPIO_Open                           0x000011a8   Section        0  gpio.o(i.DrvGPIO_Open)
    i.DrvGPIO_SetBit                         0x00001230   Section        0  gpio.o(i.DrvGPIO_SetBit)
    i.DrvI2C_Ctrl                            0x0000125c   Section        0  i2c.o(i.DrvI2C_Ctrl)
    i.DrvI2C_EnableInt                       0x000012b0   Section        0  i2c.o(i.DrvI2C_EnableInt)
    i.DrvI2C_InstallCallback                 0x00001300   Section        0  i2c.o(i.DrvI2C_InstallCallback)
    i.DrvI2C_Open                            0x0000137c   Section        0  i2c.o(i.DrvI2C_Open)
    i.DrvI2C_WriteData                       0x0000144c   Section        0  i2c.o(i.DrvI2C_WriteData)
    i.DrvI2S_DisableInt                      0x00001464   Section        0  i2s.o(i.DrvI2S_DisableInt)
    i.DrvI2S_DisableTx                       0x000014e4   Section        0  i2s.o(i.DrvI2S_DisableTx)
    i.DrvI2S_EnableInt                       0x000014f8   Section        0  i2s.o(i.DrvI2S_EnableInt)
    i.DrvI2S_EnableMCLK                      0x00001580   Section        0  i2s.o(i.DrvI2S_EnableMCLK)
    i.DrvI2S_EnableTx                        0x00001598   Section        0  i2s.o(i.DrvI2S_EnableTx)
    i.DrvI2S_GetSourceClockFreq              0x000015ac   Section        0  i2s.o(i.DrvI2S_GetSourceClockFreq)
    i.DrvI2S_Open                            0x000015f8   Section        0  i2s.o(i.DrvI2S_Open)
    i.DrvI2S_SelectClockSource               0x00001718   Section        0  i2s.o(i.DrvI2S_SelectClockSource)
    i.DrvI2S_SetMCLKFreq                     0x00001730   Section        0  i2s.o(i.DrvI2S_SetMCLKFreq)
    i.DrvSDCARD_Open                         0x00001768   Section        0  sdcard.o(i.DrvSDCARD_Open)
    i.DrvSPI_BurstTransfer                   0x000017f0   Section        0  spi.o(i.DrvSPI_BurstTransfer)
    i.DrvSPI_ClrSS                           0x00001860   Section        0  spi.o(i.DrvSPI_ClrSS)
    i.DrvSPI_DisableAutoSS                   0x00001890   Section        0  spi.o(i.DrvSPI_DisableAutoSS)
    i.DrvSPI_DumpRxRegister                  0x000018bc   Section        0  spi.o(i.DrvSPI_DumpRxRegister)
    i.DrvSPI_IsBusy                          0x000018ec   Section        0  spi.o(i.DrvSPI_IsBusy)
    i.DrvSPI_Open                            0x00001900   Section        0  spi.o(i.DrvSPI_Open)
    i.DrvSPI_SetClockFreq                    0x00001ccc   Section        0  spi.o(i.DrvSPI_SetClockFreq)
    i.DrvSPI_SetEndian                       0x00001da0   Section        0  spi.o(i.DrvSPI_SetEndian)
    i.DrvSPI_SetSS                           0x00001ddc   Section        0  spi.o(i.DrvSPI_SetSS)
    i.DrvSPI_SetSlaveSelectActiveLevel       0x00001e00   Section        0  spi.o(i.DrvSPI_SetSlaveSelectActiveLevel)
    i.DrvSPI_SetTxRegister                   0x00001e24   Section        0  spi.o(i.DrvSPI_SetTxRegister)
    i.DrvSPI_SingleWrite                     0x00001e54   Section        0  spi.o(i.DrvSPI_SingleWrite)
    i.DrvSYS_Delay                           0x00001e94   Section        0  sys.o(i.DrvSYS_Delay)
    i.DrvSYS_GetExtClockFreq                 0x00001ec0   Section        0  sys.o(i.DrvSYS_GetExtClockFreq)
    i.DrvSYS_GetHCLKFreq                     0x00001ec8   Section        0  sys.o(i.DrvSYS_GetHCLKFreq)
    i.DrvSYS_GetPLLClockFreq                 0x00001f38   Section        0  sys.o(i.DrvSYS_GetPLLClockFreq)
    i.DrvSYS_GetPLLContent                   0x00001fb0   Section        0  sys.o(i.DrvSYS_GetPLLContent)
    i.DrvSYS_IsProtectedRegLocked            0x00002074   Section        0  sys.o(i.DrvSYS_IsProtectedRegLocked)
    i.DrvSYS_Open                            0x00002084   Section        0  sys.o(i.DrvSYS_Open)
    i.DrvSYS_SelectHCLKSource                0x00002144   Section        0  sys.o(i.DrvSYS_SelectHCLKSource)
    i.DrvSYS_SelectIPClockSource             0x0000217c   Section        0  sys.o(i.DrvSYS_SelectIPClockSource)
    i.DrvSYS_SetIPClock                      0x000022dc   Section        0  sys.o(i.DrvSYS_SetIPClock)
    i.DrvSYS_SetPLLContent                   0x00002354   Section        0  sys.o(i.DrvSYS_SetPLLContent)
    i.DrvUART_Open                           0x000023a0   Section        0  uart.o(i.DrvUART_Open)
    i.EINT0_IRQHandler                       0x00002608   Section        0  gpio.o(i.EINT0_IRQHandler)
    i.EINT1_IRQHandler                       0x0000262c   Section        0  gpio.o(i.EINT1_IRQHandler)
    i.GPAB_IRQHandler                        0x00002650   Section        0  gpio.o(i.GPAB_IRQHandler)
    i.GPCDE_IRQHandler                       0x00002694   Section        0  gpio.o(i.GPCDE_IRQHandler)
    i.GenerateCRC                            0x000026e0   Section        0  sdcard.o(i.GenerateCRC)
    GenerateCRC                              0x000026e1   Thumb Code    60  sdcard.o(i.GenerateCRC)
    i.GetUartClk                             0x0000271c   Section        0  uart.o(i.GetUartClk)
    GetUartClk                               0x0000271d   Thumb Code    64  uart.o(i.GetUartClk)
    i.I2C0_Callback_Tx                       0x00002764   Section        0  main.o(i.I2C0_Callback_Tx)
    i.I2C0_IRQHandler                        0x00002828   Section        0  i2c.o(i.I2C0_IRQHandler)
    i.I2C1_IRQHandler                        0x000028a4   Section        0  i2c.o(i.I2C1_IRQHandler)
    i.I2C_WriteWAU8822                       0x00002920   Section        0  main.o(i.I2C_WriteWAU8822)
    I2C_WriteWAU8822                         0x00002921   Thumb Code    64  main.o(i.I2C_WriteWAU8822)
    i.I2S_IRQHandler                         0x00002970   Section        0  i2s.o(i.I2S_IRQHandler)
    i.InitWAU8822                            0x00002aec   Section        0  main.o(i.InitWAU8822)
    i.MMC_Command_Exec                       0x00002b88   Section        0  sdcard.o(i.MMC_Command_Exec)
    i.MMC_FLASH_Init                         0x0000318c   Section        0  sdcard.o(i.MMC_FLASH_Init)
    i.NVIC_EnableIRQ                         0x000033f8   Section        0  i2c.o(i.NVIC_EnableIRQ)
    NVIC_EnableIRQ                           0x000033f9   Thumb Code    14  i2c.o(i.NVIC_EnableIRQ)
    i.NVIC_SetPriority                       0x0000340c   Section        0  i2c.o(i.NVIC_SetPriority)
    NVIC_SetPriority                         0x0000340d   Thumb Code   110  i2c.o(i.NVIC_SetPriority)
    i.NVIC_SetPriority                       0x00003484   Section        0  i2s.o(i.NVIC_SetPriority)
    NVIC_SetPriority                         0x00003485   Thumb Code   110  i2s.o(i.NVIC_SetPriority)
    i.PWRWU_IRQHandler                       0x000034fc   Section        0  sys.o(i.PWRWU_IRQHandler)
    i.RoughDelay                             0x00003524   Section        0  main.o(i.RoughDelay)
    RoughDelay                               0x00003525   Thumb Code    18  main.o(i.RoughDelay)
    i.RoughDelay                             0x00003536   Section        0  diskio.o(i.RoughDelay)
    i.SPI0_IRQHandler                        0x00003548   Section        0  spi.o(i.SPI0_IRQHandler)
    i.SPI1_IRQHandler                        0x000035ac   Section        0  spi.o(i.SPI1_IRQHandler)
    i.SPI2_IRQHandler                        0x00003610   Section        0  spi.o(i.SPI2_IRQHandler)
    i.SPI3_IRQHandler                        0x00003674   Section        0  spi.o(i.SPI3_IRQHandler)
    i.SendChar                               0x000036d8   Section        0  retarget.o(i.SendChar)
    i.SendChar_ToUART                        0x000036e4   Section        0  retarget.o(i.SendChar_ToUART)
    i.SingleWrite                            0x00003714   Section        0  sdcard.o(i.SingleWrite)
    SingleWrite                              0x00003715   Thumb Code    50  sdcard.o(i.SingleWrite)
    i.SpiRead                                0x00003748   Section        0  sdcard.o(i.SpiRead)
    i.SpiWrite                               0x000037c0   Section        0  sdcard.o(i.SpiWrite)
    i.SystemCoreClockUpdate                  0x00003838   Section        0  system_nuc1xx.o(i.SystemCoreClockUpdate)
    i.SystemInit                             0x000038d8   Section        0  system_nuc1xx.o(i.SystemInit)
    i.Tx_thresholdCallbackfn0                0x000038dc   Section        0  main.o(i.Tx_thresholdCallbackfn0)
    i.Tx_thresholdCallbackfn1                0x00003958   Section        0  main.o(i.Tx_thresholdCallbackfn1)
    i.UAC_MainProcess                        0x000039d4   Section        0  main.o(i.UAC_MainProcess)
    i.UART02_IRQHandler                      0x00003dc0   Section        0  uart.o(i.UART02_IRQHandler)
    i.UART1_IRQHandler                       0x00003dfc   Section        0  uart.o(i.UART1_IRQHandler)
    i.WAU8822_Setup                          0x00003e1c   Section        0  main.o(i.WAU8822_Setup)
    WAU8822_Setup                            0x00003e1d   Thumb Code   232  main.o(i.WAU8822_Setup)
    i.__ARM_common_switch8                   0x00003f04   Section        0  gpio.o(i.__ARM_common_switch8)
    i._is_digit                              0x00003f20   Section        0  __printf_wp.o(i._is_digit)
    i.check_fs                               0x00003f30   Section        0  ff.o(i.check_fs)
    check_fs                                 0x00003f31   Thumb Code   150  ff.o(i.check_fs)
    i.chk_chr                                0x00003fd0   Section        0  ff.o(i.chk_chr)
    chk_chr                                  0x00003fd1   Thumb Code    22  ff.o(i.chk_chr)
    i.chk_mounted                            0x00003fe8   Section        0  ff.o(i.chk_mounted)
    chk_mounted                              0x00003fe9   Thumb Code  1016  ff.o(i.chk_mounted)
    i.clear_LCD                              0x00004400   Section        0  lcd.o(i.clear_LCD)
    i.clust2sect                             0x00004458   Section        0  ff.o(i.clust2sect)
    i.create_chain                           0x00004474   Section        0  ff.o(i.create_chain)
    create_chain                             0x00004475   Thumb Code   190  ff.o(i.create_chain)
    i.create_name                            0x00004538   Section        0  ff.o(i.create_name)
    create_name                              0x00004539   Thumb Code   334  ff.o(i.create_name)
    i.dir_find                               0x0000469c   Section        0  ff.o(i.dir_find)
    dir_find                                 0x0000469d   Thumb Code    98  ff.o(i.dir_find)
    i.dir_next                               0x000046fe   Section        0  ff.o(i.dir_next)
    dir_next                                 0x000046ff   Thumb Code   288  ff.o(i.dir_next)
    i.dir_register                           0x0000481e   Section        0  ff.o(i.dir_register)
    dir_register                             0x0000481f   Thumb Code   116  ff.o(i.dir_register)
    i.dir_sdi                                0x00004892   Section        0  ff.o(i.dir_sdi)
    dir_sdi                                  0x00004893   Thumb Code   156  ff.o(i.dir_sdi)
    i.disk_initialize                        0x00004930   Section        0  diskio.o(i.disk_initialize)
    i.disk_read                              0x000049c0   Section        0  diskio.o(i.disk_read)
    i.disk_status                            0x000049f8   Section        0  diskio.o(i.disk_status)
    i.disk_write                             0x00004a04   Section        0  diskio.o(i.disk_write)
    i.f_lseek                                0x00004a3c   Section        0  ff.o(i.f_lseek)
    i.f_mount                                0x00004c1c   Section        0  ff.o(i.f_mount)
    i.f_open                                 0x00004c4c   Section        0  ff.o(i.f_open)
    i.f_opendir                              0x00004dd6   Section        0  ff.o(i.f_opendir)
    i.f_read                                 0x00004e48   Section        0  ff.o(i.f_read)
    i.ferror                                 0x00005038   Section        0  retarget.o(i.ferror)
    i.follow_path                            0x00005040   Section        0  ff.o(i.follow_path)
    follow_path                              0x00005041   Thumb Code   198  ff.o(i.follow_path)
    i.fputc                                  0x00005106   Section        0  retarget.o(i.fputc)
    i.get_fat                                0x00005116   Section        0  ff.o(i.get_fat)
    i.get_fattime                            0x000051fe   Section        0  diskio.o(i.get_fattime)
    i.init_LCD                               0x00005202   Section        0  lcd.o(i.init_LCD)
    i.init_SPI3                              0x00005228   Section        0  lcd.o(i.init_SPI3)
    i.lcdSetAddr                             0x00005264   Section        0  lcd.o(i.lcdSetAddr)
    i.lcdWriteCommand                        0x00005358   Section        0  lcd.o(i.lcdWriteCommand)
    i.lcdWriteData                           0x000053b8   Section        0  lcd.o(i.lcdWriteData)
    i.main                                   0x00005410   Section        0  main.o(i.main)
    i.mem_cmp                                0x000054f4   Section        0  ff.o(i.mem_cmp)
    mem_cmp                                  0x000054f5   Thumb Code    42  ff.o(i.mem_cmp)
    i.mem_cpy                                0x0000551e   Section        0  ff.o(i.mem_cpy)
    mem_cpy                                  0x0000551f   Thumb Code    26  ff.o(i.mem_cpy)
    i.mem_set                                0x00005538   Section        0  ff.o(i.mem_set)
    mem_set                                  0x00005539   Thumb Code    20  ff.o(i.mem_set)
    i.move_window                            0x0000554c   Section        0  ff.o(i.move_window)
    move_window                              0x0000554d   Thumb Code   118  ff.o(i.move_window)
    i.printC                                 0x000055c4   Section        0  lcd.o(i.printC)
    i.print_Line                             0x00005648   Section        0  lcd.o(i.print_Line)
    i.put_fat                                0x0000566c   Section        0  ff.o(i.put_fat)
    i.put_rc                                 0x000057b4   Section        0  main.o(i.put_rc)
    i.remove_chain                           0x000057f4   Section        0  ff.o(i.remove_chain)
    remove_chain                             0x000057f5   Thumb Code   108  ff.o(i.remove_chain)
    i.u16SwapBuffer                          0x00005860   Section        0  main.o(i.u16SwapBuffer)
    i.u32SwapBuffer                          0x0000586e   Section        0  main.o(i.u32SwapBuffer)
    i.validate                               0x00005888   Section        0  ff.o(i.validate)
    validate                                 0x00005889   Thumb Code    48  ff.o(i.validate)
    .constdata                               0x000058b8   Section      269  main.o(.constdata)
    .constdata                               0x000059c6   Section      172  ff.o(.constdata)
    excvt                                    0x000059c6   Data         128  ff.o(.constdata)
    vst                                      0x00005a46   Data          22  ff.o(.constdata)
    cst                                      0x00005a5c   Data          22  ff.o(.constdata)
    .constdata                               0x00005a74   Section       16  sys.o(.constdata)
    .constdata                               0x00005a84   Section      712  adpcm4bit.o(.constdata)
    imaStepSizeTable                         0x00005a84   Data         356  adpcm4bit.o(.constdata)
    imaStepSizeTableInv                      0x00005be8   Data         356  adpcm4bit.o(.constdata)
    .data                                    0x20000000   Section       28  system_nuc1xx.o(.data)
    .data                                    0x2000001c   Section       60  main.o(.data)
    .data                                    0x20000058   Section        9  ff.o(.data)
    Fsid                                     0x20000058   Data           2  ff.o(.data)
    FatFs                                    0x2000005c   Data           4  ff.o(.data)
    Drive                                    0x20000060   Data           1  ff.o(.data)
    .data                                    0x20000064   Section     2016  lcd.o(.data)
    Font5x7                                  0x20000064   Data         480  lcd.o(.data)
    .data                                    0x20000844   Section      196  sdcard.o(.data)
    current_blklen                           0x20000904   Data           4  sdcard.o(.data)
    .data                                    0x20000908   Section        8  retarget.o(.data)
    .data                                    0x20000910   Section       16  gpio.o(.data)
    _pfGPABCallback                          0x20000910   Data           4  gpio.o(.data)
    _pfGPCDECallback                         0x20000914   Data           4  gpio.o(.data)
    _pfEINT0Callback                         0x20000918   Data           4  gpio.o(.data)
    _pfEINT1Callback                         0x2000091c   Data           4  gpio.o(.data)
    .data                                    0x20000920   Section        8  sys.o(.data)
    BOD_callbackFn                           0x20000920   Data           4  sys.o(.data)
    PWRWU_callbackFn                         0x20000924   Data           4  sys.o(.data)
    .data                                    0x20000928   Section       16  spi.o(.data)
    SPI_PORT                                 0x20000928   Data          16  spi.o(.data)
    .data                                    0x20000938   Section       12  uart.o(.data)
    g_pfnUART0callback                       0x20000938   Data           4  uart.o(.data)
    g_pfnUART1callback                       0x2000093c   Data           4  uart.o(.data)
    g_pfnUART2callback                       0x20000940   Data           4  uart.o(.data)
    .data                                    0x20000944   Section        9  adpcm4bit.o(.data)
    gu8Reg                                   0x20000944   Data           1  adpcm4bit.o(.data)
    sa                                       0x20000945   Data           8  adpcm4bit.o(.data)
    .bss                                     0x20000950   Section     5432  main.o(.bss)
    .bss                                     0x20001e88   Section     1024  lcd.o(.bss)
    .bss                                     0x20002288   Section       80  spi.o(.bss)
    g_sSpiHandler                            0x20002288   Data          80  spi.o(.bss)
    .bss                                     0x200022d8   Section       32  i2c.o(.bss)
    I2CHandler0                              0x200022d8   Data          16  i2c.o(.bss)
    I2CHandler1                              0x200022e8   Data          16  i2c.o(.bss)
    .bss                                     0x200022f8   Section       32  i2s.o(.bss)
    I2SHandler                               0x200022f8   Data          32  i2s.o(.bss)
    .bss                                     0x20002318   Section       96  libspace.o(.bss)
    HEAP                                     0x20002378   Section        0  startup_nuc1xx.o(HEAP)
    STACK                                    0x20002378   Section     1024  startup_nuc1xx.o(STACK)
    Heap_Mem                                 0x20002378   Data           0  startup_nuc1xx.o(HEAP)
    Stack_Mem                                0x20002378   Data        1024  startup_nuc1xx.o(STACK)
    __initial_sp                             0x20002778   Data           0  startup_nuc1xx.o(STACK)

    Global Symbols

    Symbol Name                              Value     Ov Type        Size  Object(Section)

    BuildAttributes$$THM_ISAv3M$S$PE$A:L22$X:L11$S22$IEEE1$IW$USESV6$~STKCKD$USESV7$~SHL$OTIME$ROPI$EBA8$UX$STANDARDLIB$REQ8$PRES8$EABIv2 0x00000000   Number         0  anon$$obj.o ABSOLUTE
    __ARM_use_no_argv                        0x00000000   Number         0  main.o ABSOLUTE
    __Vectors                                0x00000000   Data           4  startup_nuc1xx.o(RESET)
    _printf_flags                            0x00000000   Number         0  printf_stubs.o ABSOLUTE
    _printf_return_value                     0x00000000   Number         0  printf_stubs.o ABSOLUTE
    _printf_sizespec                         0x00000000   Number         0  printf_stubs.o ABSOLUTE
    _printf_widthprec                        0x00000000   Number         0  printf_stubs.o ABSOLUTE
    __ARM_exceptions_init                     - Undefined Weak Reference
    __alloca_initialize                       - Undefined Weak Reference
    __arm_preinit_                            - Undefined Weak Reference
    __cpp_initialize__aeabi_                  - Undefined Weak Reference
    __cxa_finalize                            - Undefined Weak Reference
    __rt_locale                               - Undefined Weak Reference
    __sigvec_lookup                           - Undefined Weak Reference
    _atexit_init                              - Undefined Weak Reference
    _call_atexit_fns                          - Undefined Weak Reference
    _clock_init                               - Undefined Weak Reference
    _fp_trap_init                             - Undefined Weak Reference
    _fp_trap_shutdown                         - Undefined Weak Reference
    _get_lc_collate                           - Undefined Weak Reference
    _get_lc_ctype                             - Undefined Weak Reference
    _get_lc_monetary                          - Undefined Weak Reference
    _get_lc_numeric                           - Undefined Weak Reference
    _get_lc_time                              - Undefined Weak Reference
    _getenv_init                              - Undefined Weak Reference
    _handle_redirection                       - Undefined Weak Reference
    _init_alloc                               - Undefined Weak Reference
    _init_user_alloc                          - Undefined Weak Reference
    _initio                                   - Undefined Weak Reference
    _printf_mbtowc                            - Undefined Weak Reference
    _printf_post_padding                      - Undefined Weak Reference
    _printf_pre_padding                       - Undefined Weak Reference
    _printf_truncate_signed                   - Undefined Weak Reference
    _printf_truncate_unsigned                 - Undefined Weak Reference
    _rand_init                                - Undefined Weak Reference
    _signal_finish                            - Undefined Weak Reference
    _signal_init                              - Undefined Weak Reference
    _terminate_alloc                          - Undefined Weak Reference
    _terminate_user_alloc                     - Undefined Weak Reference
    _terminateio                              - Undefined Weak Reference
    __main                                   0x000000c1   Thumb Code     8  __main.o(!!!main)
    __scatterload                            0x000000c9   Thumb Code     0  __scatter.o(!!!scatter)
    __scatterload_rt2                        0x000000c9   Thumb Code    52  __scatter.o(!!!scatter)
    __scatterload_rt2_thumb_only             0x000000c9   Thumb Code     0  __scatter.o(!!!scatter)
    __scatterload_null                       0x000000d9   Thumb Code     0  __scatter.o(!!!scatter)
    __scatterload_copy                       0x00000105   Thumb Code    26  __scatter_copy.o(!!handler_copy)
    __scatterload_zeroinit                   0x00000121   Thumb Code    28  __scatter_zi.o(!!handler_zi)
    _printf_percent                          0x0000013d   Thumb Code     0  _printf_percent.o(.ARM.Collect$$_printf_percent$$00000000)
    _printf_d                                0x0000013f   Thumb Code     0  _printf_d.o(.ARM.Collect$$_printf_percent$$00000009)
    _printf_u                                0x00000149   Thumb Code     0  _printf_u.o(.ARM.Collect$$_printf_percent$$0000000A)
    _printf_s                                0x00000153   Thumb Code     0  _printf_s.o(.ARM.Collect$$_printf_percent$$00000014)
    _printf_percent_end                      0x0000015d   Thumb Code     0  _printf_percent_end.o(.ARM.Collect$$_printf_percent$$00000017)
    __rt_lib_init                            0x00000161   Thumb Code     0  libinit.o(.ARM.Collect$$libinit$$00000000)
    __rt_lib_init_alloca_1                   0x00000163   Thumb Code     0  libinit2.o(.ARM.Collect$$libinit$$0000002E)
    __rt_lib_init_argv_1                     0x00000163   Thumb Code     0  libinit2.o(.ARM.Collect$$libinit$$0000002C)
    __rt_lib_init_atexit_1                   0x00000163   Thumb Code     0  libinit2.o(.ARM.Collect$$libinit$$0000001B)
    __rt_lib_init_clock_1                    0x00000163   Thumb Code     0  libinit2.o(.ARM.Collect$$libinit$$00000021)
    __rt_lib_init_cpp_1                      0x00000163   Thumb Code     0  libinit2.o(.ARM.Collect$$libinit$$00000032)
    __rt_lib_init_exceptions_1               0x00000163   Thumb Code     0  libinit2.o(.ARM.Collect$$libinit$$00000030)
    __rt_lib_init_fp_1                       0x00000163   Thumb Code     0  libinit2.o(.ARM.Collect$$libinit$$00000002)
    __rt_lib_init_fp_trap_1                  0x00000163   Thumb Code     0  libinit2.o(.ARM.Collect$$libinit$$0000001F)
    __rt_lib_init_getenv_1                   0x00000163   Thumb Code     0  libinit2.o(.ARM.Collect$$libinit$$00000023)
    __rt_lib_init_heap_1                     0x00000163   Thumb Code     0  libinit2.o(.ARM.Collect$$libinit$$0000000A)
    __rt_lib_init_lc_collate_1               0x00000163   Thumb Code     0  libinit2.o(.ARM.Collect$$libinit$$00000011)
    __rt_lib_init_lc_ctype_1                 0x00000163   Thumb Code     0  libinit2.o(.ARM.Collect$$libinit$$00000013)
    __rt_lib_init_lc_monetary_1              0x00000163   Thumb Code     0  libinit2.o(.ARM.Collect$$libinit$$00000015)
    __rt_lib_init_lc_numeric_1               0x00000163   Thumb Code     0  libinit2.o(.ARM.Collect$$libinit$$00000017)
    __rt_lib_init_lc_time_1                  0x00000163   Thumb Code     0  libinit2.o(.ARM.Collect$$libinit$$00000019)
    __rt_lib_init_preinit_1                  0x00000163   Thumb Code     0  libinit2.o(.ARM.Collect$$libinit$$00000004)
    __rt_lib_init_rand_1                     0x00000163   Thumb Code     0  libinit2.o(.ARM.Collect$$libinit$$0000000E)
    __rt_lib_init_return                     0x00000163   Thumb Code     0  libinit2.o(.ARM.Collect$$libinit$$00000033)
    __rt_lib_init_signal_1                   0x00000163   Thumb Code     0  libinit2.o(.ARM.Collect$$libinit$$0000001D)
    __rt_lib_init_stdio_1                    0x00000163   Thumb Code     0  libinit2.o(.ARM.Collect$$libinit$$00000025)
    __rt_lib_init_user_alloc_1               0x00000163   Thumb Code     0  libinit2.o(.ARM.Collect$$libinit$$0000000C)
    __rt_lib_shutdown                        0x00000165   Thumb Code     0  libshutdown.o(.ARM.Collect$$libshutdown$$00000000)
    __rt_lib_shutdown_cpp_1                  0x00000167   Thumb Code     0  libshutdown2.o(.ARM.Collect$$libshutdown$$00000002)
    __rt_lib_shutdown_fp_trap_1              0x00000167   Thumb Code     0  libshutdown2.o(.ARM.Collect$$libshutdown$$00000007)
    __rt_lib_shutdown_heap_1                 0x00000167   Thumb Code     0  libshutdown2.o(.ARM.Collect$$libshutdown$$0000000F)
    __rt_lib_shutdown_return                 0x00000167   Thumb Code     0  libshutdown2.o(.ARM.Collect$$libshutdown$$00000010)
    __rt_lib_shutdown_signal_1               0x00000167   Thumb Code     0  libshutdown2.o(.ARM.Collect$$libshutdown$$0000000A)
    __rt_lib_shutdown_stdio_1                0x00000167   Thumb Code     0  libshutdown2.o(.ARM.Collect$$libshutdown$$00000004)
    __rt_lib_shutdown_user_alloc_1           0x00000167   Thumb Code     0  libshutdown2.o(.ARM.Collect$$libshutdown$$0000000C)
    __rt_entry                               0x00000169   Thumb Code     0  __rtentry.o(.ARM.Collect$$rtentry$$00000000)
    __rt_entry_presh_1                       0x00000169   Thumb Code     0  __rtentry2.o(.ARM.Collect$$rtentry$$00000002)
    __rt_entry_sh                            0x00000169   Thumb Code     0  __rtentry4.o(.ARM.Collect$$rtentry$$00000004)
    __rt_entry_li                            0x0000016f   Thumb Code     0  __rtentry2.o(.ARM.Collect$$rtentry$$0000000A)
    __rt_entry_postsh_1                      0x0000016f   Thumb Code     0  __rtentry2.o(.ARM.Collect$$rtentry$$00000009)
    __rt_entry_main                          0x00000173   Thumb Code     0  __rtentry2.o(.ARM.Collect$$rtentry$$0000000D)
    __rt_entry_postli_1                      0x00000173   Thumb Code     0  __rtentry2.o(.ARM.Collect$$rtentry$$0000000C)
    __rt_exit                                0x0000017b   Thumb Code     0  rtexit.o(.ARM.Collect$$rtexit$$00000000)
    __rt_exit_ls                             0x0000017d   Thumb Code     0  rtexit2.o(.ARM.Collect$$rtexit$$00000003)
    __rt_exit_prels_1                        0x0000017d   Thumb Code     0  rtexit2.o(.ARM.Collect$$rtexit$$00000002)
    __rt_exit_exit                           0x00000181   Thumb Code     0  rtexit2.o(.ARM.Collect$$rtexit$$00000004)
    Reset_Handler                            0x00000189   Thumb Code    32  startup_nuc1xx.o(.text)
    NMI_Handler                              0x000001a9   Thumb Code     2  startup_nuc1xx.o(.text)
    HardFault_Handler                        0x000001ab   Thumb Code     2  startup_nuc1xx.o(.text)
    SVC_Handler                              0x000001ad   Thumb Code     2  startup_nuc1xx.o(.text)
    PendSV_Handler                           0x000001af   Thumb Code     2  startup_nuc1xx.o(.text)
    SysTick_Handler                          0x000001b1   Thumb Code     2  startup_nuc1xx.o(.text)
    ACMP_IRQHandler                          0x000001b3   Thumb Code     0  startup_nuc1xx.o(.text)
    ADC_IRQHandler                           0x000001b3   Thumb Code     0  startup_nuc1xx.o(.text)
    CAN0_IRQHandler                          0x000001b3   Thumb Code     0  startup_nuc1xx.o(.text)
    PDMA_IRQHandler                          0x000001b3   Thumb Code     0  startup_nuc1xx.o(.text)
    PS2_IRQHandler                           0x000001b3   Thumb Code     0  startup_nuc1xx.o(.text)
    PWMA_IRQHandler                          0x000001b3   Thumb Code     0  startup_nuc1xx.o(.text)
    PWMB_IRQHandler                          0x000001b3   Thumb Code     0  startup_nuc1xx.o(.text)
    RTC_IRQHandler                           0x000001b3   Thumb Code     0  startup_nuc1xx.o(.text)
    TMR0_IRQHandler                          0x000001b3   Thumb Code     0  startup_nuc1xx.o(.text)
    TMR1_IRQHandler                          0x000001b3   Thumb Code     0  startup_nuc1xx.o(.text)
    TMR2_IRQHandler                          0x000001b3   Thumb Code     0  startup_nuc1xx.o(.text)
    TMR3_IRQHandler                          0x000001b3   Thumb Code     0  startup_nuc1xx.o(.text)
    USBD_IRQHandler                          0x000001b3   Thumb Code     0  startup_nuc1xx.o(.text)
    WDT_IRQHandler                           0x000001b3   Thumb Code     0  startup_nuc1xx.o(.text)
    __user_initial_stackheap                 0x000001b5   Thumb Code     0  startup_nuc1xx.o(.text)
    __2printf                                0x000001ed   Thumb Code    22  noretval__2printf.o(.text)
    __2sprintf                               0x00000209   Thumb Code    36  noretval__2sprintf.o(.text)
    _printf_str                              0x00000231   Thumb Code    82  _printf_str.o(.text)
    _printf_int_dec                          0x00000285   Thumb Code    90  _printf_dec.o(.text)
    __printf                                 0x000002f1   Thumb Code   270  __printf_wp.o(.text)
    memcmp                                   0x000003ff   Thumb Code    90  memcmp.o(.text)
    strlen                                   0x00000459   Thumb Code    62  strlen.o(.text)
    __aeabi_uidiv                            0x0000049d   Thumb Code     0  aeabi_sdivfast.o(.text)
    __aeabi_uidivmod                         0x0000049d   Thumb Code    28  aeabi_sdivfast.o(.text)
    __aeabi_idiv                             0x000004b9   Thumb Code     0  aeabi_sdivfast.o(.text)
    __aeabi_idivmod                          0x000004b9   Thumb Code   460  aeabi_sdivfast.o(.text)
    __use_two_region_memory                  0x00000685   Thumb Code     2  heapauxi.o(.text)
    __rt_heap_escrow$2region                 0x00000687   Thumb Code     2  heapauxi.o(.text)
    __rt_heap_expand$2region                 0x00000689   Thumb Code     2  heapauxi.o(.text)
    _printf_int_common                       0x0000068b   Thumb Code   176  _printf_intcommon.o(.text)
    _printf_char_common                      0x00000747   Thumb Code    32  _printf_char_common.o(.text)
    _sputc                                   0x0000076d   Thumb Code    10  _sputc.o(.text)
    _printf_cs_common                        0x00000777   Thumb Code    22  _printf_char.o(.text)
    _printf_char                             0x0000078d   Thumb Code    16  _printf_char.o(.text)
    _printf_string                           0x0000079d   Thumb Code     8  _printf_char.o(.text)
    _printf_char_file                        0x000007a5   Thumb Code    34  _printf_char_file.o(.text)
    __rt_udiv10                              0x000007cd   Thumb Code    40  rtudiv10.o(.text)
    __user_setup_stackheap                   0x000007f5   Thumb Code    62  sys_stackheap_outer.o(.text)
    exit                                     0x00000833   Thumb Code    16  exit.o(.text)
    __user_libspace                          0x00000845   Thumb Code     8  libspace.o(.text)
    __user_perproc_libspace                  0x00000845   Thumb Code     0  libspace.o(.text)
    __user_perthread_libspace                0x00000845   Thumb Code     0  libspace.o(.text)
    _sys_exit                                0x0000084d   Thumb Code     8  sys_exit.o(.text)
    __I$use$semihosting                      0x00000859   Thumb Code     0  use_no_semi.o(.text)
    __use_no_semihosting_swi                 0x00000859   Thumb Code     2  use_no_semi.o(.text)
    __semihosting_library_function           0x0000085b   Thumb Code     0  indicate_semi.o(.text)
    AdpcmDec4                                0x0000085d   Thumb Code   180  adpcm4bit.o(i.AdpcmDec4)
    BOD_IRQHandler                           0x00000929   Thumb Code    36  sys.o(i.BOD_IRQHandler)
    DrvGPIO_ClrBit                           0x00000a25   Thumb Code    36  gpio.o(i.DrvGPIO_ClrBit)
    DrvGPIO_InitFunction                     0x00000a51   Thumb Code  1864  gpio.o(i.DrvGPIO_InitFunction)
    DrvGPIO_Open                             0x000011a9   Thumb Code   126  gpio.o(i.DrvGPIO_Open)
    DrvGPIO_SetBit                           0x00001231   Thumb Code    36  gpio.o(i.DrvGPIO_SetBit)
    DrvI2C_Ctrl                              0x0000125d   Thumb Code    74  i2c.o(i.DrvI2C_Ctrl)
    DrvI2C_EnableInt                         0x000012b1   Thumb Code    70  i2c.o(i.DrvI2C_EnableInt)
    DrvI2C_InstallCallback                   0x00001301   Thumb Code   110  i2c.o(i.DrvI2C_InstallCallback)
    DrvI2C_Open                              0x0000137d   Thumb Code   190  i2c.o(i.DrvI2C_Open)
    DrvI2C_WriteData                         0x0000144d   Thumb Code    16  i2c.o(i.DrvI2C_WriteData)
    DrvI2S_DisableInt                        0x00001465   Thumb Code   114  i2s.o(i.DrvI2S_DisableInt)
    DrvI2S_DisableTx                         0x000014e5   Thumb Code    14  i2s.o(i.DrvI2S_DisableTx)
    DrvI2S_EnableInt                         0x000014f9   Thumb Code   120  i2s.o(i.DrvI2S_EnableInt)
    DrvI2S_EnableMCLK                        0x00001581   Thumb Code    18  i2s.o(i.DrvI2S_EnableMCLK)
    DrvI2S_EnableTx                          0x00001599   Thumb Code    16  i2s.o(i.DrvI2S_EnableTx)
    DrvI2S_GetSourceClockFreq                0x000015ad   Thumb Code    58  i2s.o(i.DrvI2S_GetSourceClockFreq)
    DrvI2S_Open                              0x000015f9   Thumb Code   278  i2s.o(i.DrvI2S_Open)
    DrvI2S_SelectClockSource                 0x00001719   Thumb Code    20  i2s.o(i.DrvI2S_SelectClockSource)
    DrvI2S_SetMCLKFreq                       0x00001731   Thumb Code    50  i2s.o(i.DrvI2S_SetMCLKFreq)
    DrvSDCARD_Open                           0x00001769   Thumb Code   118  sdcard.o(i.DrvSDCARD_Open)
    DrvSPI_BurstTransfer                     0x000017f1   Thumb Code   102  spi.o(i.DrvSPI_BurstTransfer)
    DrvSPI_ClrSS                             0x00001861   Thumb Code    44  spi.o(i.DrvSPI_ClrSS)
    DrvSPI_DisableAutoSS                     0x00001891   Thumb Code    40  spi.o(i.DrvSPI_DisableAutoSS)
    DrvSPI_DumpRxRegister                    0x000018bd   Thumb Code    42  spi.o(i.DrvSPI_DumpRxRegister)
    DrvSPI_IsBusy                            0x000018ed   Thumb Code    16  spi.o(i.DrvSPI_IsBusy)
    DrvSPI_Open                              0x00001901   Thumb Code   956  spi.o(i.DrvSPI_Open)
    DrvSPI_SetClockFreq                      0x00001ccd   Thumb Code   202  spi.o(i.DrvSPI_SetClockFreq)
    DrvSPI_SetEndian                         0x00001da1   Thumb Code    56  spi.o(i.DrvSPI_SetEndian)
    DrvSPI_SetSS                             0x00001ddd   Thumb Code    30  spi.o(i.DrvSPI_SetSS)
    DrvSPI_SetSlaveSelectActiveLevel         0x00001e01   Thumb Code    32  spi.o(i.DrvSPI_SetSlaveSelectActiveLevel)
    DrvSPI_SetTxRegister                     0x00001e25   Thumb Code    42  spi.o(i.DrvSPI_SetTxRegister)
    DrvSPI_SingleWrite                       0x00001e55   Thumb Code    58  spi.o(i.DrvSPI_SingleWrite)
    DrvSYS_Delay                             0x00001e95   Thumb Code    36  sys.o(i.DrvSYS_Delay)
    DrvSYS_GetExtClockFreq                   0x00001ec1   Thumb Code     4  sys.o(i.DrvSYS_GetExtClockFreq)
    DrvSYS_GetHCLKFreq                       0x00001ec9   Thumb Code    94  sys.o(i.DrvSYS_GetHCLKFreq)
    DrvSYS_GetPLLClockFreq                   0x00001f39   Thumb Code   104  sys.o(i.DrvSYS_GetPLLClockFreq)
    DrvSYS_GetPLLContent                     0x00001fb1   Thumb Code   168  sys.o(i.DrvSYS_GetPLLContent)
    DrvSYS_IsProtectedRegLocked              0x00002075   Thumb Code    10  sys.o(i.DrvSYS_IsProtectedRegLocked)
    DrvSYS_Open                              0x00002085   Thumb Code   174  sys.o(i.DrvSYS_Open)
    DrvSYS_SelectHCLKSource                  0x00002145   Thumb Code    46  sys.o(i.DrvSYS_SelectHCLKSource)
    DrvSYS_SelectIPClockSource               0x0000217d   Thumb Code   342  sys.o(i.DrvSYS_SelectIPClockSource)
    DrvSYS_SetIPClock                        0x000022dd   Thumb Code   114  sys.o(i.DrvSYS_SetIPClock)
    DrvSYS_SetPLLContent                     0x00002355   Thumb Code    72  sys.o(i.DrvSYS_SetPLLContent)
    DrvUART_Open                             0x000023a1   Thumb Code   604  uart.o(i.DrvUART_Open)
    EINT0_IRQHandler                         0x00002609   Thumb Code    26  gpio.o(i.EINT0_IRQHandler)
    EINT1_IRQHandler                         0x0000262d   Thumb Code    26  gpio.o(i.EINT1_IRQHandler)
    GPAB_IRQHandler                          0x00002651   Thumb Code    60  gpio.o(i.GPAB_IRQHandler)
    GPCDE_IRQHandler                         0x00002695   Thumb Code    68  gpio.o(i.GPCDE_IRQHandler)
    I2C0_Callback_Tx                         0x00002765   Thumb Code   178  main.o(i.I2C0_Callback_Tx)
    I2C0_IRQHandler                          0x00002829   Thumb Code   114  i2c.o(i.I2C0_IRQHandler)
    I2C1_IRQHandler                          0x000028a5   Thumb Code   114  i2c.o(i.I2C1_IRQHandler)
    I2S_IRQHandler                           0x00002971   Thumb Code   370  i2s.o(i.I2S_IRQHandler)
    InitWAU8822                              0x00002aed   Thumb Code   126  main.o(i.InitWAU8822)
    MMC_Command_Exec                         0x00002b89   Thumb Code  1528  sdcard.o(i.MMC_Command_Exec)
    MMC_FLASH_Init                           0x0000318d   Thumb Code   606  sdcard.o(i.MMC_FLASH_Init)
    PWRWU_IRQHandler                         0x000034fd   Thumb Code    32  sys.o(i.PWRWU_IRQHandler)
    RoughDelay                               0x00003537   Thumb Code    18  diskio.o(i.RoughDelay)
    SPI0_IRQHandler                          0x00003549   Thumb Code    92  spi.o(i.SPI0_IRQHandler)
    SPI1_IRQHandler                          0x000035ad   Thumb Code    92  spi.o(i.SPI1_IRQHandler)
    SPI2_IRQHandler                          0x00003611   Thumb Code    92  spi.o(i.SPI2_IRQHandler)
    SPI3_IRQHandler                          0x00003675   Thumb Code    92  spi.o(i.SPI3_IRQHandler)
    SendChar                                 0x000036d9   Thumb Code    12  retarget.o(i.SendChar)
    SendChar_ToUART                          0x000036e5   Thumb Code    44  retarget.o(i.SendChar_ToUART)
    SpiRead                                  0x00003749   Thumb Code   116  sdcard.o(i.SpiRead)
    SpiWrite                                 0x000037c1   Thumb Code   116  sdcard.o(i.SpiWrite)
    SystemCoreClockUpdate                    0x00003839   Thumb Code   132  system_nuc1xx.o(i.SystemCoreClockUpdate)
    SystemInit                               0x000038d9   Thumb Code     2  system_nuc1xx.o(i.SystemInit)
    Tx_thresholdCallbackfn0                  0x000038dd   Thumb Code   100  main.o(i.Tx_thresholdCallbackfn0)
    Tx_thresholdCallbackfn1                  0x00003959   Thumb Code   100  main.o(i.Tx_thresholdCallbackfn1)
    UAC_MainProcess                          0x000039d5   Thumb Code   774  main.o(i.UAC_MainProcess)
    UART02_IRQHandler                        0x00003dc1   Thumb Code    44  uart.o(i.UART02_IRQHandler)
    UART1_IRQHandler                         0x00003dfd   Thumb Code    24  uart.o(i.UART1_IRQHandler)
    __ARM_common_switch8                     0x00003f05   Thumb Code    28  gpio.o(i.__ARM_common_switch8)
    _is_digit                                0x00003f21   Thumb Code    14  __printf_wp.o(i._is_digit)
    clear_LCD                                0x00004401   Thumb Code    84  lcd.o(i.clear_LCD)
    clust2sect                               0x00004459   Thumb Code    26  ff.o(i.clust2sect)
    disk_initialize                          0x00004931   Thumb Code    88  diskio.o(i.disk_initialize)
    disk_read                                0x000049c1   Thumb Code    56  diskio.o(i.disk_read)
    disk_status                              0x000049f9   Thumb Code    12  diskio.o(i.disk_status)
    disk_write                               0x00004a05   Thumb Code    56  diskio.o(i.disk_write)
    f_lseek                                  0x00004a3d   Thumb Code   478  ff.o(i.f_lseek)
    f_mount                                  0x00004c1d   Thumb Code    44  ff.o(i.f_mount)
    f_open                                   0x00004c4d   Thumb Code   394  ff.o(i.f_open)
    f_opendir                                0x00004dd7   Thumb Code   114  ff.o(i.f_opendir)
    f_read                                   0x00004e49   Thumb Code   496  ff.o(i.f_read)
    ferror                                   0x00005039   Thumb Code     8  retarget.o(i.ferror)
    fputc                                    0x00005107   Thumb Code    16  retarget.o(i.fputc)
    get_fat                                  0x00005117   Thumb Code   232  ff.o(i.get_fat)
    get_fattime                              0x000051ff   Thumb Code     4  diskio.o(i.get_fattime)
    init_LCD                                 0x00005203   Thumb Code    38  lcd.o(i.init_LCD)
    init_SPI3                                0x00005229   Thumb Code    54  lcd.o(i.init_SPI3)
    lcdSetAddr                               0x00005265   Thumb Code   240  lcd.o(i.lcdSetAddr)
    lcdWriteCommand                          0x00005359   Thumb Code    92  lcd.o(i.lcdWriteCommand)
    lcdWriteData                             0x000053b9   Thumb Code    82  lcd.o(i.lcdWriteData)
    main                                     0x00005411   Thumb Code   108  main.o(i.main)
    printC                                   0x000055c5   Thumb Code   126  lcd.o(i.printC)
    print_Line                               0x00005649   Thumb Code    36  lcd.o(i.print_Line)
    put_fat                                  0x0000566d   Thumb Code   326  ff.o(i.put_fat)
    put_rc                                   0x000057b5   Thumb Code    44  main.o(i.put_rc)
    u16SwapBuffer                            0x00005861   Thumb Code    14  main.o(i.u16SwapBuffer)
    u32SwapBuffer                            0x0000586f   Thumb Code    26  main.o(i.u32SwapBuffer)
    i8WavHeader                              0x000058b8   Data          60  main.o(.constdata)
    Region$$Table$$Base                      0x00005d4c   Number         0  anon$$obj.o(Region$$Table)
    Region$$Table$$Limit                     0x00005d6c   Number         0  anon$$obj.o(Region$$Table)
    SystemCoreClock                          0x20000000   Data           4  system_nuc1xx.o(.data)
    CyclesPerUs                              0x20000004   Data           4  system_nuc1xx.o(.data)
    gau32ClkSrcTbl                           0x20000008   Data          20  system_nuc1xx.o(.data)
    u32DataSize                              0x2000001c   Data           4  main.o(.data)
    i8FileName                               0x20000020   Data          13  main.o(.data)
    i32AdpcmStatus                           0x20000030   Data           4  main.o(.data)
    u32PCMBuffPointer                        0x20000034   Data           4  main.o(.data)
    u32PCMBuffPointer1                       0x20000038   Data           4  main.o(.data)
    u32FileBuffPointer                       0x2000003c   Data           4  main.o(.data)
    EndFlag0                                 0x20000040   Data           4  main.o(.data)
    Device_Addr0                             0x20000044   Data           1  main.o(.data)
    Tx_Data0                                 0x20000045   Data           2  main.o(.data)
    DataCnt0                                 0x20000047   Data           1  main.o(.data)
    u32RecPos_Out                            0x20000048   Data           4  main.o(.data)
    u32RecPos_In                             0x2000004c   Data           4  main.o(.data)
    u32PlayPos_Out                           0x20000050   Data           4  main.o(.data)
    u32PlayPos_In                            0x20000054   Data           4  main.o(.data)
    Font8x16                                 0x20000244   Data        1520  lcd.o(.data)
    SPI_PORT                                 0x20000834   Data          16  lcd.o(.data)
    command_list                             0x20000844   Data         186  sdcard.o(.data)
    Is_Initialized                           0x200008fe   Data           1  sdcard.o(.data)
    SDtype                                   0x200008ff   Data           1  sdcard.o(.data)
    LogicSector                              0x20000900   Data           4  sdcard.o(.data)
    __stdout                                 0x20000908   Data           4  retarget.o(.data)
    __stdin                                  0x2000090c   Data           4  retarget.o(.data)
    i16PCMBuff                               0x20000950   Data        1008  main.o(.bss)
    i16PCMBuff1                              0x20000d40   Data        1008  main.o(.bss)
    u8FileBuff                               0x20001130   Data         512  main.o(.bss)
    WavFile                                  0x20001330   Data          36  main.o(.bss)
    FatFs                                    0x20001354   Data         564  main.o(.bss)
    PcmRecBuff                               0x20001588   Data         768  main.o(.bss)
    PcmPlayBuff                              0x20001888   Data        1536  main.o(.bss)
    DisplayBuffer                            0x20001e88   Data        1024  lcd.o(.bss)
    __libspace_start                         0x20002318   Data          96  libspace.o(.bss)
    __temporary_stack_top$libspace           0x20002378   Data           0  libspace.o(.bss)



==============================================================================

Memory Map of the image

  Image Entry point : 0x00000189

  Load Region LR_1 (Base: 0x00000000, Size: 0x000066bc, Max: 0xffffffff, ABSOLUTE)

    Execution Region ER_RO (Exec base: 0x00000000, Load base: 0x00000000, Size: 0x00005d6c, Max: 0xffffffff, ABSOLUTE)

    Exec Addr    Load Addr    Size         Type   Attr      Idx    E Section Name        Object

    0x00000000   0x00000000   0x000000c0   Data   RO           55    RESET               startup_nuc1xx.o
    0x000000c0   0x000000c0   0x00000008   Code   RO         2269  * !!!main             c_p.l(__main.o)
    0x000000c8   0x000000c8   0x0000003c   Code   RO         2451    !!!scatter          c_p.l(__scatter.o)
    0x00000104   0x00000104   0x0000001a   Code   RO         2453    !!handler_copy      c_p.l(__scatter_copy.o)
    0x0000011e   0x0000011e   0x00000002   PAD
    0x00000120   0x00000120   0x0000001c   Code   RO         2455    !!handler_zi        c_p.l(__scatter_zi.o)
    0x0000013c   0x0000013c   0x00000002   Code   RO         2258    .ARM.Collect$$_printf_percent$$00000000  c_p.l(_printf_percent.o)
    0x0000013e   0x0000013e   0x0000000a   Code   RO         2256    .ARM.Collect$$_printf_percent$$00000009  c_p.l(_printf_d.o)
    0x00000148   0x00000148   0x0000000a   Code   RO         2257    .ARM.Collect$$_printf_percent$$0000000A  c_p.l(_printf_u.o)
    0x00000152   0x00000152   0x0000000a   Code   RO         2255    .ARM.Collect$$_printf_percent$$00000014  c_p.l(_printf_s.o)
    0x0000015c   0x0000015c   0x00000004   Code   RO         2286    .ARM.Collect$$_printf_percent$$00000017  c_p.l(_printf_percent_end.o)
    0x00000160   0x00000160   0x00000002   Code   RO         2322    .ARM.Collect$$libinit$$00000000  c_p.l(libinit.o)
    0x00000162   0x00000162   0x00000000   Code   RO         2336    .ARM.Collect$$libinit$$00000002  c_p.l(libinit2.o)
    0x00000162   0x00000162   0x00000000   Code   RO         2338    .ARM.Collect$$libinit$$00000004  c_p.l(libinit2.o)
    0x00000162   0x00000162   0x00000000   Code   RO         2341    .ARM.Collect$$libinit$$0000000A  c_p.l(libinit2.o)
    0x00000162   0x00000162   0x00000000   Code   RO         2343    .ARM.Collect$$libinit$$0000000C  c_p.l(libinit2.o)
    0x00000162   0x00000162   0x00000000   Code   RO         2345    .ARM.Collect$$libinit$$0000000E  c_p.l(libinit2.o)
    0x00000162   0x00000162   0x00000000   Code   RO         2348    .ARM.Collect$$libinit$$00000011  c_p.l(libinit2.o)
    0x00000162   0x00000162   0x00000000   Code   RO         2350    .ARM.Collect$$libinit$$00000013  c_p.l(libinit2.o)
    0x00000162   0x00000162   0x00000000   Code   RO         2352    .ARM.Collect$$libinit$$00000015  c_p.l(libinit2.o)
    0x00000162   0x00000162   0x00000000   Code   RO         2354    .ARM.Collect$$libinit$$00000017  c_p.l(libinit2.o)
    0x00000162   0x00000162   0x00000000   Code   RO         2356    .ARM.Collect$$libinit$$00000019  c_p.l(libinit2.o)
    0x00000162   0x00000162   0x00000000   Code   RO         2358    .ARM.Collect$$libinit$$0000001B  c_p.l(libinit2.o)
    0x00000162   0x00000162   0x00000000   Code   RO         2360    .ARM.Collect$$libinit$$0000001D  c_p.l(libinit2.o)
    0x00000162   0x00000162   0x00000000   Code   RO         2362    .ARM.Collect$$libinit$$0000001F  c_p.l(libinit2.o)
    0x00000162   0x00000162   0x00000000   Code   RO         2364    .ARM.Collect$$libinit$$00000021  c_p.l(libinit2.o)
    0x00000162   0x00000162   0x00000000   Code   RO         2366    .ARM.Collect$$libinit$$00000023  c_p.l(libinit2.o)
    0x00000162   0x00000162   0x00000000   Code   RO         2368    .ARM.Collect$$libinit$$00000025  c_p.l(libinit2.o)
    0x00000162   0x00000162   0x00000000   Code   RO         2372    .ARM.Collect$$libinit$$0000002C  c_p.l(libinit2.o)
    0x00000162   0x00000162   0x00000000   Code   RO         2374    .ARM.Collect$$libinit$$0000002E  c_p.l(libinit2.o)
    0x00000162   0x00000162   0x00000000   Code   RO         2376    .ARM.Collect$$libinit$$00000030  c_p.l(libinit2.o)
    0x00000162   0x00000162   0x00000000   Code   RO         2378    .ARM.Collect$$libinit$$00000032  c_p.l(libinit2.o)
    0x00000162   0x00000162   0x00000002   Code   RO         2379    .ARM.Collect$$libinit$$00000033  c_p.l(libinit2.o)
    0x00000164   0x00000164   0x00000002   Code   RO         2408    .ARM.Collect$$libshutdown$$00000000  c_p.l(libshutdown.o)
    0x00000166   0x00000166   0x00000000   Code   RO         2434    .ARM.Collect$$libshutdown$$00000002  c_p.l(libshutdown2.o)
    0x00000166   0x00000166   0x00000000   Code   RO         2436    .ARM.Collect$$libshutdown$$00000004  c_p.l(libshutdown2.o)
    0x00000166   0x00000166   0x00000000   Code   RO         2439    .ARM.Collect$$libshutdown$$00000007  c_p.l(libshutdown2.o)
    0x00000166   0x00000166   0x00000000   Code   RO         2442    .ARM.Collect$$libshutdown$$0000000A  c_p.l(libshutdown2.o)
    0x00000166   0x00000166   0x00000000   Code   RO         2444    .ARM.Collect$$libshutdown$$0000000C  c_p.l(libshutdown2.o)
    0x00000166   0x00000166   0x00000000   Code   RO         2447    .ARM.Collect$$libshutdown$$0000000F  c_p.l(libshutdown2.o)
    0x00000166   0x00000166   0x00000002   Code   RO         2448    .ARM.Collect$$libshutdown$$00000010  c_p.l(libshutdown2.o)
    0x00000168   0x00000168   0x00000000   Code   RO         2271    .ARM.Collect$$rtentry$$00000000  c_p.l(__rtentry.o)
    0x00000168   0x00000168   0x00000000   Code   RO         2290    .ARM.Collect$$rtentry$$00000002  c_p.l(__rtentry2.o)
    0x00000168   0x00000168   0x00000006   Code   RO         2302    .ARM.Collect$$rtentry$$00000004  c_p.l(__rtentry4.o)
    0x0000016e   0x0000016e   0x00000000   Code   RO         2292    .ARM.Collect$$rtentry$$00000009  c_p.l(__rtentry2.o)
    0x0000016e   0x0000016e   0x00000004   Code   RO         2293    .ARM.Collect$$rtentry$$0000000A  c_p.l(__rtentry2.o)
    0x00000172   0x00000172   0x00000000   Code   RO         2295    .ARM.Collect$$rtentry$$0000000C  c_p.l(__rtentry2.o)
    0x00000172   0x00000172   0x00000008   Code   RO         2296    .ARM.Collect$$rtentry$$0000000D  c_p.l(__rtentry2.o)
    0x0000017a   0x0000017a   0x00000002   Code   RO         2327    .ARM.Collect$$rtexit$$00000000  c_p.l(rtexit.o)
    0x0000017c   0x0000017c   0x00000000   Code   RO         2383    .ARM.Collect$$rtexit$$00000002  c_p.l(rtexit2.o)
    0x0000017c   0x0000017c   0x00000004   Code   RO         2384    .ARM.Collect$$rtexit$$00000003  c_p.l(rtexit2.o)
    0x00000180   0x00000180   0x00000006   Code   RO         2385    .ARM.Collect$$rtexit$$00000004  c_p.l(rtexit2.o)
    0x00000186   0x00000186   0x00000002   PAD
    0x00000188   0x00000188   0x00000064   Code   RO           56  * .text               startup_nuc1xx.o
    0x000001ec   0x000001ec   0x0000001c   Code   RO         2225    .text               c_p.l(noretval__2printf.o)
    0x00000208   0x00000208   0x00000028   Code   RO         2227    .text               c_p.l(noretval__2sprintf.o)
    0x00000230   0x00000230   0x00000052   Code   RO         2231    .text               c_p.l(_printf_str.o)
    0x00000282   0x00000282   0x00000002   PAD
    0x00000284   0x00000284   0x0000006c   Code   RO         2233    .text               c_p.l(_printf_dec.o)
    0x000002f0   0x000002f0   0x0000010e   Code   RO         2243    .text               c_p.l(__printf_wp.o)
    0x000003fe   0x000003fe   0x0000005a   Code   RO         2259    .text               c_p.l(memcmp.o)
    0x00000458   0x00000458   0x00000044   Code   RO         2261    .text               c_p.l(strlen.o)
    0x0000049c   0x0000049c   0x000001e8   Code   RO         2263    .text               c_p.l(aeabi_sdivfast.o)
    0x00000684   0x00000684   0x00000006   Code   RO         2267    .text               c_p.l(heapauxi.o)
    0x0000068a   0x0000068a   0x000000b0   Code   RO         2276    .text               c_p.l(_printf_intcommon.o)
    0x0000073a   0x0000073a   0x00000002   PAD
    0x0000073c   0x0000073c   0x00000030   Code   RO         2278    .text               c_p.l(_printf_char_common.o)
    0x0000076c   0x0000076c   0x0000000a   Code   RO         2280    .text               c_p.l(_sputc.o)
    0x00000776   0x00000776   0x0000002e   Code   RO         2282    .text               c_p.l(_printf_char.o)
    0x000007a4   0x000007a4   0x00000028   Code   RO         2284    .text               c_p.l(_printf_char_file.o)
    0x000007cc   0x000007cc   0x00000028   Code   RO         2287    .text               c_p.l(rtudiv10.o)
    0x000007f4   0x000007f4   0x0000003e   Code   RO         2308    .text               c_p.l(sys_stackheap_outer.o)
    0x00000832   0x00000832   0x00000010   Code   RO         2311    .text               c_p.l(exit.o)
    0x00000842   0x00000842   0x00000002   PAD
    0x00000844   0x00000844   0x00000008   Code   RO         2323    .text               c_p.l(libspace.o)
    0x0000084c   0x0000084c   0x0000000c   Code   RO         2380    .text               c_p.l(sys_exit.o)
    0x00000858   0x00000858   0x00000002   Code   RO         2397    .text               c_p.l(use_no_semi.o)
    0x0000085a   0x0000085a   0x00000000   Code   RO         2399    .text               c_p.l(indicate_semi.o)
    0x0000085a   0x0000085a   0x00000002   PAD
    0x0000085c   0x0000085c   0x000000cc   Code   RO         2215    i.AdpcmDec4         libImaAdpcm4bit.lib(adpcm4bit.o)
    0x00000928   0x00000928   0x00000028   Code   RO         1110    i.BOD_IRQHandler    sys.o
    0x00000950   0x00000950   0x000000d4   Code   RO         2073    i.BaudRateCalculator  uart.o
    0x00000a24   0x00000a24   0x0000002c   Code   RO          873    i.DrvGPIO_ClrBit    gpio.o
    0x00000a50   0x00000a50   0x00000758   Code   RO          895    i.DrvGPIO_InitFunction  gpio.o
    0x000011a8   0x000011a8   0x00000088   Code   RO          896    i.DrvGPIO_Open      gpio.o
    0x00001230   0x00001230   0x0000002c   Code   RO          897    i.DrvGPIO_SetBit    gpio.o
    0x0000125c   0x0000125c   0x00000054   Code   RO         1728    i.DrvI2C_Ctrl       i2c.o
    0x000012b0   0x000012b0   0x00000050   Code   RO         1730    i.DrvI2C_EnableInt  i2c.o
    0x00001300   0x00001300   0x0000007c   Code   RO         1735    i.DrvI2C_InstallCallback  i2c.o
    0x0000137c   0x0000137c   0x000000d0   Code   RO         1736    i.DrvI2C_Open       i2c.o
    0x0000144c   0x0000144c   0x00000018   Code   RO         1743    i.DrvI2C_WriteData  i2c.o
    0x00001464   0x00001464   0x00000080   Code   RO         1895    i.DrvI2S_DisableInt  i2s.o
    0x000014e4   0x000014e4   0x00000014   Code   RO         1899    i.DrvI2S_DisableTx  i2s.o
    0x000014f8   0x000014f8   0x00000088   Code   RO         1902    i.DrvI2S_EnableInt  i2s.o
    0x00001580   0x00001580   0x00000018   Code   RO         1903    i.DrvI2S_EnableMCLK  i2s.o
    0x00001598   0x00001598   0x00000014   Code   RO         1906    i.DrvI2S_EnableTx   i2s.o
    0x000015ac   0x000015ac   0x0000004c   Code   RO         1911    i.DrvI2S_GetSourceClockFreq  i2s.o
    0x000015f8   0x000015f8   0x00000120   Code   RO         1913    i.DrvI2S_Open       i2s.o
    0x00001718   0x00001718   0x00000018   Code   RO         1914    i.DrvI2S_SelectClockSource  i2s.o
    0x00001730   0x00001730   0x00000038   Code   RO         1917    i.DrvI2S_SetMCLKFreq  i2s.o
    0x00001768   0x00001768   0x00000088   Code   RO          735    i.DrvSDCARD_Open    sdcard.o
    0x000017f0   0x000017f0   0x00000070   Code   RO         1412    i.DrvSPI_BurstTransfer  spi.o
    0x00001860   0x00001860   0x00000030   Code   RO         1418    i.DrvSPI_ClrSS      spi.o
    0x00001890   0x00001890   0x0000002c   Code   RO         1421    i.DrvSPI_DisableAutoSS  spi.o
    0x000018bc   0x000018bc   0x00000030   Code   RO         1424    i.DrvSPI_DumpRxRegister  spi.o
    0x000018ec   0x000018ec   0x00000014   Code   RO         1436    i.DrvSPI_IsBusy     spi.o
    0x00001900   0x00001900   0x000003cc   Code   RO         1437    i.DrvSPI_Open       spi.o
    0x00001ccc   0x00001ccc   0x000000d4   Code   RO         1441    i.DrvSPI_SetClockFreq  spi.o
    0x00001da0   0x00001da0   0x0000003c   Code   RO         1442    i.DrvSPI_SetEndian  spi.o
    0x00001ddc   0x00001ddc   0x00000024   Code   RO         1445    i.DrvSPI_SetSS      spi.o
    0x00001e00   0x00001e00   0x00000024   Code   RO         1446    i.DrvSPI_SetSlaveSelectActiveLevel  spi.o
    0x00001e24   0x00001e24   0x00000030   Code   RO         1449    i.DrvSPI_SetTxRegister  spi.o
    0x00001e54   0x00001e54   0x00000040   Code   RO         1452    i.DrvSPI_SingleWrite  spi.o
    0x00001e94   0x00001e94   0x0000002c   Code   RO         1113    i.DrvSYS_Delay      sys.o
    0x00001ec0   0x00001ec0   0x00000008   Code   RO         1128    i.DrvSYS_GetExtClockFreq  sys.o
    0x00001ec8   0x00001ec8   0x00000070   Code   RO         1129    i.DrvSYS_GetHCLKFreq  sys.o
    0x00001f38   0x00001f38   0x00000078   Code   RO         1130    i.DrvSYS_GetPLLClockFreq  sys.o
    0x00001fb0   0x00001fb0   0x000000c4   Code   RO         1131    i.DrvSYS_GetPLLContent  sys.o
    0x00002074   0x00002074   0x00000010   Code   RO         1134    i.DrvSYS_IsProtectedRegLocked  sys.o
    0x00002084   0x00002084   0x000000c0   Code   RO         1136    i.DrvSYS_Open       sys.o
    0x00002144   0x00002144   0x00000038   Code   RO         1142    i.DrvSYS_SelectHCLKSource  sys.o
    0x0000217c   0x0000217c   0x00000160   Code   RO         1143    i.DrvSYS_SelectIPClockSource  sys.o
    0x000022dc   0x000022dc   0x00000078   Code   RO         1149    i.DrvSYS_SetIPClock  sys.o
    0x00002354   0x00002354   0x0000004c   Code   RO         1151    i.DrvSYS_SetPLLContent  sys.o
    0x000023a0   0x000023a0   0x00000268   Code   RO         2083    i.DrvUART_Open      uart.o
    0x00002608   0x00002608   0x00000024   Code   RO          903    i.EINT0_IRQHandler  gpio.o
    0x0000262c   0x0000262c   0x00000024   Code   RO          904    i.EINT1_IRQHandler  gpio.o
    0x00002650   0x00002650   0x00000044   Code   RO          905    i.GPAB_IRQHandler   gpio.o
    0x00002694   0x00002694   0x0000004c   Code   RO          906    i.GPCDE_IRQHandler  gpio.o
    0x000026e0   0x000026e0   0x0000003c   Code   RO          736    i.GenerateCRC       sdcard.o
    0x0000271c   0x0000271c   0x00000048   Code   RO         2090    i.GetUartClk        uart.o
    0x00002764   0x00002764   0x000000c4   Code   RO           61    i.I2C0_Callback_Tx  main.o
    0x00002828   0x00002828   0x0000007c   Code   RO         1744    i.I2C0_IRQHandler   i2c.o
    0x000028a4   0x000028a4   0x0000007c   Code   RO         1745    i.I2C1_IRQHandler   i2c.o
    0x00002920   0x00002920   0x00000050   Code   RO           62    i.I2C_WriteWAU8822  main.o
    0x00002970   0x00002970   0x0000017c   Code   RO         1918    i.I2S_IRQHandler    i2s.o
    0x00002aec   0x00002aec   0x0000009c   Code   RO           63    i.InitWAU8822       main.o
    0x00002b88   0x00002b88   0x00000604   Code   RO          738    i.MMC_Command_Exec  sdcard.o
    0x0000318c   0x0000318c   0x0000026c   Code   RO          739    i.MMC_FLASH_Init    sdcard.o
    0x000033f8   0x000033f8   0x00000014   Code   RO         1749    i.NVIC_EnableIRQ    i2c.o
    0x0000340c   0x0000340c   0x00000078   Code   RO         1750    i.NVIC_SetPriority  i2c.o
    0x00003484   0x00003484   0x00000078   Code   RO         1919    i.NVIC_SetPriority  i2s.o
    0x000034fc   0x000034fc   0x00000028   Code   RO         1158    i.PWRWU_IRQHandler  sys.o
    0x00003524   0x00003524   0x00000012   Code   RO           64    i.RoughDelay        main.o
    0x00003536   0x00003536   0x00000012   Code   RO          214    i.RoughDelay        diskio.o
    0x00003548   0x00003548   0x00000064   Code   RO         1457    i.SPI0_IRQHandler   spi.o
    0x000035ac   0x000035ac   0x00000064   Code   RO         1458    i.SPI1_IRQHandler   spi.o
    0x00003610   0x00003610   0x00000064   Code   RO         1459    i.SPI2_IRQHandler   spi.o
    0x00003674   0x00003674   0x00000064   Code   RO         1460    i.SPI3_IRQHandler   spi.o
    0x000036d8   0x000036d8   0x0000000c   Code   RO          807    i.SendChar          retarget.o
    0x000036e4   0x000036e4   0x00000030   Code   RO          808    i.SendChar_ToUART   retarget.o
    0x00003714   0x00003714   0x00000032   Code   RO          740    i.SingleWrite       sdcard.o
    0x00003746   0x00003746   0x00000002   PAD
    0x00003748   0x00003748   0x00000078   Code   RO          741    i.SpiRead           sdcard.o
    0x000037c0   0x000037c0   0x00000078   Code   RO          742    i.SpiWrite          sdcard.o
    0x00003838   0x00003838   0x000000a0   Code   RO           17    i.SystemCoreClockUpdate  system_nuc1xx.o
    0x000038d8   0x000038d8   0x00000002   Code   RO           18    i.SystemInit        system_nuc1xx.o
    0x000038da   0x000038da   0x00000002   PAD
    0x000038dc   0x000038dc   0x0000007c   Code   RO           67    i.Tx_thresholdCallbackfn0  main.o
    0x00003958   0x00003958   0x0000007c   Code   RO           68    i.Tx_thresholdCallbackfn1  main.o
    0x000039d4   0x000039d4   0x000003ec   Code   RO           69    i.UAC_MainProcess   main.o
    0x00003dc0   0x00003dc0   0x0000003c   Code   RO         2093    i.UART02_IRQHandler  uart.o
    0x00003dfc   0x00003dfc   0x00000020   Code   RO         2094    i.UART1_IRQHandler  uart.o
    0x00003e1c   0x00003e1c   0x000000e8   Code   RO           70    i.WAU8822_Setup     main.o
    0x00003f04   0x00003f04   0x0000001c   Code   RO         1102    i.__ARM_common_switch8  gpio.o
    0x00003f20   0x00003f20   0x0000000e   Code   RO         2245    i._is_digit         c_p.l(__printf_wp.o)
    0x00003f2e   0x00003f2e   0x00000002   PAD
    0x00003f30   0x00003f30   0x000000a0   Code   RO          284    i.check_fs          ff.o
    0x00003fd0   0x00003fd0   0x00000016   Code   RO          285    i.chk_chr           ff.o
    0x00003fe6   0x00003fe6   0x00000002   PAD
    0x00003fe8   0x00003fe8   0x00000418   Code   RO          286    i.chk_mounted       ff.o
    0x00004400   0x00004400   0x00000058   Code   RO          561    i.clear_LCD         lcd.o
    0x00004458   0x00004458   0x0000001a   Code   RO          287    i.clust2sect        ff.o
    0x00004472   0x00004472   0x00000002   PAD
    0x00004474   0x00004474   0x000000c4   Code   RO          288    i.create_chain      ff.o
    0x00004538   0x00004538   0x00000164   Code   RO          289    i.create_name       ff.o
    0x0000469c   0x0000469c   0x00000062   Code   RO          290    i.dir_find          ff.o
    0x000046fe   0x000046fe   0x00000120   Code   RO          291    i.dir_next          ff.o
    0x0000481e   0x0000481e   0x00000074   Code   RO          293    i.dir_register      ff.o
    0x00004892   0x00004892   0x0000009c   Code   RO          295    i.dir_sdi           ff.o
    0x0000492e   0x0000492e   0x00000002   PAD
    0x00004930   0x00004930   0x00000090   Code   RO          215    i.disk_initialize   diskio.o
    0x000049c0   0x000049c0   0x00000038   Code   RO          217    i.disk_read         diskio.o
    0x000049f8   0x000049f8   0x0000000c   Code   RO          218    i.disk_status       diskio.o
    0x00004a04   0x00004a04   0x00000038   Code   RO          219    i.disk_write        diskio.o
    0x00004a3c   0x00004a3c   0x000001de   Code   RO          302    i.f_lseek           ff.o
    0x00004c1a   0x00004c1a   0x00000002   PAD
    0x00004c1c   0x00004c1c   0x00000030   Code   RO          305    i.f_mount           ff.o
    0x00004c4c   0x00004c4c   0x0000018a   Code   RO          306    i.f_open            ff.o
    0x00004dd6   0x00004dd6   0x00000072   Code   RO          307    i.f_opendir         ff.o
    0x00004e48   0x00004e48   0x000001f0   Code   RO          311    i.f_read            ff.o
    0x00005038   0x00005038   0x00000008   Code   RO          810    i.ferror            retarget.o
    0x00005040   0x00005040   0x000000c6   Code   RO          320    i.follow_path       ff.o
    0x00005106   0x00005106   0x00000010   Code   RO          812    i.fputc             retarget.o
    0x00005116   0x00005116   0x000000e8   Code   RO          321    i.get_fat           ff.o
    0x000051fe   0x000051fe   0x00000004   Code   RO          220    i.get_fattime       diskio.o
    0x00005202   0x00005202   0x00000026   Code   RO          576    i.init_LCD          lcd.o
    0x00005228   0x00005228   0x0000003c   Code   RO          577    i.init_SPI3         lcd.o
    0x00005264   0x00005264   0x000000f4   Code   RO          578    i.lcdSetAddr        lcd.o
    0x00005358   0x00005358   0x00000060   Code   RO          579    i.lcdWriteCommand   lcd.o
    0x000053b8   0x000053b8   0x00000058   Code   RO          580    i.lcdWriteData      lcd.o
    0x00005410   0x00005410   0x000000e4   Code   RO           71    i.main              main.o
    0x000054f4   0x000054f4   0x0000002a   Code   RO          323    i.mem_cmp           ff.o
    0x0000551e   0x0000551e   0x0000001a   Code   RO          324    i.mem_cpy           ff.o
    0x00005538   0x00005538   0x00000014   Code   RO          325    i.mem_set           ff.o
    0x0000554c   0x0000554c   0x00000076   Code   RO          326    i.move_window       ff.o
    0x000055c2   0x000055c2   0x00000002   PAD
    0x000055c4   0x000055c4   0x00000084   Code   RO          581    i.printC            lcd.o
    0x00005648   0x00005648   0x00000024   Code   RO          585    i.print_Line        lcd.o
    0x0000566c   0x0000566c   0x00000146   Code   RO          327    i.put_fat           ff.o
    0x000057b2   0x000057b2   0x00000002   PAD
    0x000057b4   0x000057b4   0x00000040   Code   RO           72    i.put_rc            main.o
    0x000057f4   0x000057f4   0x0000006c   Code   RO          328    i.remove_chain      ff.o
    0x00005860   0x00005860   0x0000000e   Code   RO           73    i.u16SwapBuffer     main.o
    0x0000586e   0x0000586e   0x0000001a   Code   RO           74    i.u32SwapBuffer     main.o
    0x00005888   0x00005888   0x00000030   Code   RO          330    i.validate          ff.o
    0x000058b8   0x000058b8   0x0000010d   Data   RO           76    .constdata          main.o
    0x000059c5   0x000059c5   0x00000001   PAD
    0x000059c6   0x000059c6   0x000000ac   Data   RO          331    .constdata          ff.o
    0x00005a72   0x00005a72   0x00000002   PAD
    0x00005a74   0x00005a74   0x00000010   Data   RO         1159    .constdata          sys.o
    0x00005a84   0x00005a84   0x000002c8   Data   RO         2217    .constdata          libImaAdpcm4bit.lib(adpcm4bit.o)
    0x00005d4c   0x00005d4c   0x00000020   Data   RO         2449    Region$$Table       anon$$obj.o


    Execution Region ER_RW (Exec base: 0x20000000, Load base: 0x00005d6c, Size: 0x00000950, Max: 0xffffffff, ABSOLUTE)

    Exec Addr    Load Addr    Size         Type   Attr      Idx    E Section Name        Object

    0x20000000   0x00005d6c   0x0000001c   Data   RW           19    .data               system_nuc1xx.o
    0x2000001c   0x00005d88   0x0000003c   Data   RW           77    .data               main.o
    0x20000058   0x00005dc4   0x00000009   Data   RW          332    .data               ff.o
    0x20000061   0x00005dcd   0x00000003   PAD
    0x20000064   0x00005dd0   0x000007e0   Data   RW          587    .data               lcd.o
    0x20000844   0x000065b0   0x000000c4   Data   RW          743    .data               sdcard.o
    0x20000908   0x00006674   0x00000008   Data   RW          814    .data               retarget.o
    0x20000910   0x0000667c   0x00000010   Data   RW          910    .data               gpio.o
    0x20000920   0x0000668c   0x00000008   Data   RW         1160    .data               sys.o
    0x20000928   0x00006694   0x00000010   Data   RW         1462    .data               spi.o
    0x20000938   0x000066a4   0x0000000c   Data   RW         2095    .data               uart.o
    0x20000944   0x000066b0   0x00000009   Data   RW         2218    .data               libImaAdpcm4bit.lib(adpcm4bit.o)


    Execution Region ER_ZI (Exec base: 0x20000950, Load base: 0x000066bc, Size: 0x00001e28, Max: 0xffffffff, ABSOLUTE)

    Exec Addr    Load Addr    Size         Type   Attr      Idx    E Section Name        Object

    0x20000950        -       0x00001538   Zero   RW           75    .bss                main.o
    0x20001e88        -       0x00000400   Zero   RW          586    .bss                lcd.o
    0x20002288        -       0x00000050   Zero   RW         1461    .bss                spi.o
    0x200022d8        -       0x00000020   Zero   RW         1751    .bss                i2c.o
    0x200022f8        -       0x00000020   Zero   RW         1920    .bss                i2s.o
    0x20002318        -       0x00000060   Zero   RW         2324    .bss                c_p.l(libspace.o)
    0x20002378        -       0x00000000   Zero   RW           54    HEAP                startup_nuc1xx.o
    0x20002378        -       0x00000400   Zero   RW           53    STACK               startup_nuc1xx.o


==============================================================================

Image component sizes


      Code (inc. data)   RO Data    RW Data    ZI Data      Debug   Object Name

         0          0          0          0          0       4540   core_cm0.o
       290         56          0          0          0     123164   diskio.o
      5114         74        172          9          0      27484   ff.o
      2348        146          0         16          0       6923   gpio.o
       908         96          0          0         32      13759   i2c.o
      1272        136          0          0         32      17583   i2s.o
       782         30          0       2016       1024      15937   lcd.o
      2266        482        269         60       5432     138150   main.o
        84          4          0          8          0       4256   retarget.o
      2646         64          0        196          0       8503   sdcard.o
      2100        112          0         16         80      11474   spi.o
       100         46        192          0       1024        748   startup_nuc1xx.o
      1372        156         16          8          0       9255   sys.o
       162         28          0         28          0     119326   system_nuc1xx.o
       992         52          0         12          0       7574   uart.o

    ----------------------------------------------------------------------
     20452       1482        684       2372       7624     508676   Object Totals
         0          0         32          0          0          0   (incl. Generated)
        16          0          3          3          0          0   (incl. Padding)

    ----------------------------------------------------------------------

      Code (inc. data)   RO Data    RW Data    ZI Data      Debug   Library Member Name

         8          0          0          0          0         68   __main.o
       284          0          0          0          0        136   __printf_wp.o
         0          0          0          0          0          0   __rtentry.o
        12          0          0          0          0          0   __rtentry2.o
         6          0          0          0          0          0   __rtentry4.o
        60          8          0          0          0          0   __scatter.o
        26          0          0          0          0          0   __scatter_copy.o
        28          0          0          0          0          0   __scatter_zi.o
        46          0          0          0          0        100   _printf_char.o
        48          6          0          0          0         88   _printf_char_common.o
        40          6          0          0          0         72   _printf_char_file.o
        10          0          0          0          0          0   _printf_d.o
       108         18          0          0          0         76   _printf_dec.o
       176          0          0          0          0         84   _printf_intcommon.o
         2          0          0          0          0          0   _printf_percent.o
         4          0          0          0          0          0   _printf_percent_end.o
        10          0          0          0          0          0   _printf_s.o
        82          0          0          0          0         72   _printf_str.o
        10          0          0          0          0          0   _printf_u.o
        10          0          0          0          0         60   _sputc.o
       488          0          0          0          0         92   aeabi_sdivfast.o
        16          0          0          0          0         68   exit.o
         6          0          0          0          0        136   heapauxi.o
         0          0          0          0          0          0   indicate_semi.o
         2          0          0          0          0          0   libinit.o
         2          0          0          0          0          0   libinit2.o
         2          0          0          0          0          0   libshutdown.o
         2          0          0          0          0          0   libshutdown2.o
         8          4          0          0         96         68   libspace.o
        90          0          0          0          0         68   memcmp.o
        28          6          0          0          0         84   noretval__2printf.o
        40          4          0          0          0         84   noretval__2sprintf.o
         2          0          0          0          0          0   rtexit.o
        10          0          0          0          0          0   rtexit2.o
        40          0          0          0          0         60   rtudiv10.o
        68          6          0          0          0         72   strlen.o
        12          4          0          0          0         60   sys_exit.o
        62          0          0          0          0         80   sys_stackheap_outer.o
         2          0          0          0          0         68   use_no_semi.o
       204         24        712          9          0         72   adpcm4bit.o

    ----------------------------------------------------------------------
      2068         86        712         12         96       1768   Library Totals
        14          0          0          3          0          0   (incl. Padding)

    ----------------------------------------------------------------------

      Code (inc. data)   RO Data    RW Data    ZI Data      Debug   Library Name

      1850         62          0          0         96       1696   c_p.l
       204         24        712          9          0         72   libImaAdpcm4bit.lib

    ----------------------------------------------------------------------
      2068         86        712         12         96       1768   Library Totals

    ----------------------------------------------------------------------

==============================================================================


      Code (inc. data)   RO Data    RW Data    ZI Data      Debug   

     22520       1568       1396       2384       7720     504316   Grand Totals
     22520       1568       1396       2384       7720     504316   ELF Image Totals
     22520       1568       1396       2384          0          0   ROM Totals

==============================================================================

    Total RO  Size (Code + RO Data)                23916 (  23.36kB)
    Total RW  Size (RW Data + ZI Data)             10104 (   9.87kB)
    Total ROM Size (Code + RO Data + RW Data)      26300 (  25.68kB)

==============================================================================

